Archive member included to satisfy reference by file (symbol)

libopencm3/lib/libopencm3_stm32f1.a(adc.o)
                              obj/anain.o (adc_power_on)
libopencm3/lib/libopencm3_stm32f1.a(adc_common_v1.o)
                              obj/anain.o (adc_power_off)
libopencm3/lib/libopencm3_stm32f1.a(can.o)
                              obj/stm32_can.o (can_reset)
libopencm3/lib/libopencm3_stm32f1.a(crc_common_all.o)
                              obj/hwinit.o (crc_reset)
libopencm3/lib/libopencm3_stm32f1.a(desig_common_v1.o)
                              obj/hwinit.o (desig_get_flash_size)
libopencm3/lib/libopencm3_stm32f1.a(dma_common_l1f013.o)
                              obj/terminal.o (dma_channel_reset)
libopencm3/lib/libopencm3_stm32f1.a(flash.o)
                              obj/hwinit.o (flash_erase_page)
libopencm3/lib/libopencm3_stm32f1.a(flash_common_all.o)
                              obj/stm32_can.o (flash_set_ws)
libopencm3/lib/libopencm3_stm32f1.a(flash_common_f.o)
                              obj/hwinit.o (flash_unlock)
libopencm3/lib/libopencm3_stm32f1.a(flash_common_f01.o)
                              libopencm3/lib/libopencm3_stm32f1.a(flash.o) (flash_clear_pgerr_flag)
libopencm3/lib/libopencm3_stm32f1.a(gpio.o)
                              obj/terminal.o (gpio_set_mode)
libopencm3/lib/libopencm3_stm32f1.a(gpio_common_all.o)
                              obj/main.o (gpio_set)
libopencm3/lib/libopencm3_stm32f1.a(iwdg_common_all.o)
                              obj/main.o (iwdg_reset)
libopencm3/lib/libopencm3_stm32f1.a(rcc.o)
                              obj/hwinit.o (rcc_clock_setup_in_hse_8mhz_out_72mhz)
libopencm3/lib/libopencm3_stm32f1.a(rcc_common_all.o)
                              obj/hwinit.o (rcc_periph_clock_enable)
libopencm3/lib/libopencm3_stm32f1.a(rtc.o)
                              obj/main.o (rtc_get_counter_val)
libopencm3/lib/libopencm3_stm32f1.a(timer_common_all.o)
                              obj/stm32scheduler.o (timer_enable_irq)
libopencm3/lib/libopencm3_stm32f1.a(usart_common_all.o)
                              obj/terminal.o (usart_set_baudrate)
libopencm3/lib/libopencm3_stm32f1.a(usart_common_f124.o)
                              libopencm3/lib/libopencm3_stm32f1.a(usart_common_all.o) (usart_send)
libopencm3/lib/libopencm3_stm32f1.a(vector.o)
                              (reset_handler)
libopencm3/lib/libopencm3_stm32f1.a(scb.o)
                              obj/terminalcommands.o (scb_reset_system)
libopencm3/lib/libopencm3_stm32f1.a(nvic.o)
                              obj/hwinit.o (nvic_enable_irq)
libopencm3/lib/libopencm3_stm32f1.a(assert.o)
                              libopencm3/lib/libopencm3_stm32f1.a(rcc.o) (cm3_assert_failed)
libopencm3/lib/libopencm3_stm32f1.a(pwr_common_v1.o)
                              libopencm3/lib/libopencm3_stm32f1.a(rtc.o) (pwr_disable_backup_domain_write_protect)
/usr/bin/../lib/gcc/arm-none-eabi/10.3.1/thumb/v7/nofp/libgcc.a(_arm_muldf3.o)
                              obj/PCSCan.o (__aeabi_dmul)
/usr/bin/../lib/gcc/arm-none-eabi/10.3.1/thumb/v7/nofp/libgcc.a(_arm_mulsf3.o)
                              obj/main.o (__aeabi_fmul)
/usr/bin/../lib/gcc/arm-none-eabi/10.3.1/thumb/v7/nofp/libgcc.a(_arm_addsubdf3.o)
                              obj/PCSCan.o (__aeabi_dadd)
/usr/bin/../lib/gcc/arm-none-eabi/10.3.1/thumb/v7/nofp/libgcc.a(_arm_fixdfsi.o)
                              obj/PCSCan.o (__aeabi_d2iz)
/usr/bin/../lib/gcc/arm-none-eabi/10.3.1/thumb/v7/nofp/libgcc.a(_arm_fixunsdfsi.o)
                              obj/PCSCan.o (__aeabi_d2uiz)
/usr/bin/../lib/gcc/arm-none-eabi/10.3.1/thumb/v7/nofp/libgcc.a(_arm_addsubsf3.o)
                              obj/stm32_can.o (__aeabi_fadd)
/usr/bin/../lib/gcc/arm-none-eabi/10.3.1/thumb/v7/nofp/libgcc.a(_arm_muldivsf3.o)
                              obj/main.o (__aeabi_fdiv)
/usr/bin/../lib/gcc/arm-none-eabi/10.3.1/thumb/v7/nofp/libgcc.a(_arm_fixsfsi.o)
                              obj/params.o (__aeabi_f2iz)
/usr/bin/../lib/gcc/arm-none-eabi/10.3.1/thumb/v7/nofp/libgcc.a(_arm_fixunssfsi.o)
                              obj/PCSCan.o (__aeabi_f2uiz)

Discarded input sections

 .group         0x0000000000000000        0xc obj/main.o
 .group         0x0000000000000000        0xc obj/main.o
 .text          0x0000000000000000        0x0 obj/main.o
 .data          0x0000000000000000        0x0 obj/main.o
 .bss           0x0000000000000000        0x0 obj/main.o
 .text          0x0000000000000000        0x0 obj/hwinit.o
 .data          0x0000000000000000        0x0 obj/hwinit.o
 .bss           0x0000000000000000        0x0 obj/hwinit.o
 .text          0x0000000000000000        0x0 obj/stm32scheduler.o
 .data          0x0000000000000000        0x0 obj/stm32scheduler.o
 .bss           0x0000000000000000        0x0 obj/stm32scheduler.o
 .text          0x0000000000000000        0x0 obj/params.o
 .data          0x0000000000000000        0x0 obj/params.o
[...]
Memory Configuration

Name             Origin             Length             Attributes
rom              0x0000000008001000 0x000000000001e000 xr
ram              0x0000000020000000 0x0000000000005000 xrw
*default*        0x0000000000000000 0xffffffffffffffff

Linker script and memory map

LOAD obj/main.o
LOAD obj/hwinit.o
LOAD obj/stm32scheduler.o
LOAD obj/params.o
LOAD obj/terminal.o
LOAD obj/terminal_prj.o
LOAD obj/my_string.o
LOAD obj/digio.o
LOAD obj/sine_core.o
LOAD obj/my_fp.o
LOAD obj/printf.o
LOAD obj/anain.o
LOAD obj/param_save.o
LOAD obj/errormessage.o
LOAD obj/stm32_can.o
LOAD obj/picontroller.o
LOAD obj/terminalcommands.o
LOAD obj/PCSCan.o
LOAD libopencm3/lib/libopencm3_stm32f1.a
START GROUP
LOAD /usr/bin/../lib/gcc/arm-none-eabi/10.3.1/thumb/v7/nofp/libgcc.a
LOAD /usr/bin/../lib/gcc/arm-none-eabi/10.3.1/../../../../arm-none-eabi/lib/thumb/v7/nofp/libc.a
END GROUP

.text           0x0000000008001000     0x6504
 *(.vectors)
 .vectors       0x0000000008001000      0x150 libopencm3/lib/libopencm3_stm32f1.a(vector.o)
                0x0000000008001000                vector_table
 *(.text*)
 .text._ZL11IsEvseInputv
                0x0000000008001150       0x1a obj/main.o
 *fill*         0x000000000800116a        0x2 
 .text._ZL8Ms50Taskv
                0x000000000800116c       0x10 obj/main.o
 .text._ZL11CanCallbackmPm
                0x000000000800117c       0x72 obj/main.o
 *fill*         0x00000000080011ee        0x2 
 .text._ZL8Ms10Taskv
                0x00000000080011f0       0x20 obj/main.o
 .text._ZL14CheckUnpluggedv
                0x0000000008001210       0x16 obj/main.o
 .text._ZN5DigIo3SetEv
                0x0000000008001226        0x8 obj/main.o
                0x0000000008001226                DigIo::Set()
 .text._ZN5DigIo5ClearEv
                0x000000000800122e        0x8 obj/main.o
                0x000000000800122e                DigIo::Clear()
 *fill*         0x0000000008001236        0x2 
 .text._ZL10DisableAllv
                0x0000000008001238       0x4c obj/main.o
 .text._ZL9Ms100Taskv
                0x0000000008001284      0x38c obj/main.o
 .text._ZN5Param6ChangeENS_9PARAM_NUME
                0x0000000008001610        0x2 obj/main.o
                0x0000000008001610                Param::Change(Param::PARAM_NUM)
 *fill*         0x0000000008001612        0x2 
 .text.tim2_isr
                0x0000000008001614        0xc obj/main.o
                0x0000000008001614                tim2_isr
 .text.startup.main
                0x0000000008001620      0x1f4 obj/main.o
                0x0000000008001620                main
 .text.clock_setup
                0x0000000008001814       0x80 obj/hwinit.o
                0x0000000008001814                clock_setup
 .text.write_bootloader_pininit
                0x0000000008001894       0x78 obj/hwinit.o
                0x0000000008001894                write_bootloader_pininit
 .text.nvic_setup
                0x000000000800190c       0x14 obj/hwinit.o
                0x000000000800190c                nvic_setup
 .text.rtc_setup
                0x0000000008001920       0x16 obj/hwinit.o
                0x0000000008001920                rtc_setup
 *fill*         0x0000000008001936        0x2 
 .text.tim_setup
                0x0000000008001938       0x94 obj/hwinit.o
                0x0000000008001938                tim_setup
 .text._ZN14Stm32SchedulerC2Em
                0x00000000080019cc       0x30 obj/stm32scheduler.o
                0x00000000080019cc                Stm32Scheduler::Stm32Scheduler(unsigned long)
                0x00000000080019cc                Stm32Scheduler::Stm32Scheduler(unsigned long)
 .text._ZN14Stm32Scheduler7AddTaskEPFvvEt
                0x00000000080019fc       0x6c obj/stm32scheduler.o
                0x00000000080019fc                Stm32Scheduler::AddTask(void (*)(), unsigned short)
 .text._ZN14Stm32Scheduler3RunEv
                0x0000000008001a68       0x5a obj/stm32scheduler.o
                0x0000000008001a68                Stm32Scheduler::Run()
 .text._ZN14Stm32Scheduler10GetCpuLoadEv
                0x0000000008001ac2       0x28 obj/stm32scheduler.o
                0x0000000008001ac2                Stm32Scheduler::GetCpuLoad()
 *fill*         0x0000000008001aea        0x2 
 .text._ZN5Param3SetENS_9PARAM_NUMEl
                0x0000000008001aec       0x30 obj/params.o
                0x0000000008001aec                Param::Set(Param::PARAM_NUM, long)
 .text._ZN5Param3GetENS_9PARAM_NUME
                0x0000000008001b1c        0xc obj/params.o
                0x0000000008001b1c                Param::Get(Param::PARAM_NUM)
 .text._ZN5Param6GetIntENS_9PARAM_NUME
                0x0000000008001b28       0x10 obj/params.o
                0x0000000008001b28                Param::GetInt(Param::PARAM_NUM)
 .text._ZN5Param8GetFloatENS_9PARAM_NUME
                0x0000000008001b38       0x1c obj/params.o
                0x0000000008001b38                Param::GetFloat(Param::PARAM_NUM)
 .text._ZN5Param7GetBoolENS_9PARAM_NUME
                0x0000000008001b54       0x14 obj/params.o
                0x0000000008001b54                Param::GetBool(Param::PARAM_NUM)
 .text._ZN5Param6SetIntENS_9PARAM_NUMEi
                0x0000000008001b68       0x10 obj/params.o
                0x0000000008001b68                Param::SetInt(Param::PARAM_NUM, int)
 .text._ZN5Param8SetFixedENS_9PARAM_NUMEl
                0x0000000008001b78        0xc obj/params.o
                0x0000000008001b78                Param::SetFixed(Param::PARAM_NUM, long)
 .text._ZN5Param8SetFloatENS_9PARAM_NUMEf
                0x0000000008001b84       0x20 obj/params.o
                0x0000000008001b84                Param::SetFloat(Param::PARAM_NUM, float)
 .text._ZN5Param13NumFromStringEPKc
                0x0000000008001ba4       0x28 obj/params.o
                0x0000000008001ba4                Param::NumFromString(char const*)
 .text._ZN5Param9NumFromIdEm
                0x0000000008001bcc       0x20 obj/params.o
                0x0000000008001bcc                Param::NumFromId(unsigned long)
 .text._ZN5Param9GetAttribENS_9PARAM_NUME
                0x0000000008001bec       0x10 obj/params.o
                0x0000000008001bec                Param::GetAttrib(Param::PARAM_NUM)
 .text._ZN5Param7IsParamENS_9PARAM_NUME
                0x0000000008001bfc       0x18 obj/params.o
                0x0000000008001bfc                Param::IsParam(Param::PARAM_NUM)
 .text._ZN5Param12LoadDefaultsEv
                0x0000000008001c14       0x24 obj/params.o
                0x0000000008001c14                Param::LoadDefaults()
 .text._ZN5Param11SetFlagsRawENS_9PARAM_NUMEh
                0x0000000008001c38        0xc obj/params.o
                0x0000000008001c38                Param::SetFlagsRaw(Param::PARAM_NUM, unsigned char)
 .text._ZN5Param7SetFlagENS_9PARAM_NUMENS_10PARAM_FLAGE
                0x0000000008001c44       0x10 obj/params.o
                0x0000000008001c44                Param::SetFlag(Param::PARAM_NUM, Param::PARAM_FLAG)
 .text._ZN5Param9ClearFlagENS_9PARAM_NUMENS_10PARAM_FLAGE
                0x0000000008001c54       0x10 obj/params.o
                0x0000000008001c54                Param::ClearFlag(Param::PARAM_NUM, Param::PARAM_FLAG)
 .text._ZN5Param7GetFlagENS_9PARAM_NUME
                0x0000000008001c64        0xc obj/params.o
                0x0000000008001c64                Param::GetFlag(Param::PARAM_NUM)
 .text.startup._GLOBAL__sub_I__ZN5Param3SetENS_9PARAM_NUMEl
                0x0000000008001c70       0x14 obj/params.o
 .text._ZN8Terminal7PutCharEc
                0x0000000008001c84       0xa8 obj/terminal.o
                0x0000000008001c84                Terminal::PutChar(char)
 .text._ZN8Terminal10KeyPressedEv
                0x0000000008001d2c        0x8 obj/terminal.o
                0x0000000008001d2c                Terminal::KeyPressed()
 .text._ZN8Terminal10FlushInputEv
                0x0000000008001d34        0x6 obj/terminal.o
                0x0000000008001d34                Terminal::FlushInput()
 *fill*         0x0000000008001d3a        0x2 
 .text._ZN8Terminal8ResetDMAEv
                0x0000000008001d3c       0x3c obj/terminal.o
                0x0000000008001d3c                Terminal::ResetDMA()
 .text._ZN8TerminalC2EmPK8TERM_CMDb
                0x0000000008001d78      0x144 obj/terminal.o
                0x0000000008001d78                Terminal::Terminal(unsigned long, TERM_CMD const*, bool)
                0x0000000008001d78                Terminal::Terminal(unsigned long, TERM_CMD const*, bool)
 .text._ZN8Terminal9CmdLookupEPc
                0x0000000008001ebc       0x24 obj/terminal.o
                0x0000000008001ebc                Terminal::CmdLookup(char*)
 .text._ZN8Terminal4SendEPKc
                0x0000000008001ee0       0x16 obj/terminal.o
                0x0000000008001ee0                Terminal::Send(char const*)
 *fill*         0x0000000008001ef6        0x2 
 .text._ZN8Terminal10EnableUartEPc
                0x0000000008001ef8       0x5c obj/terminal.o
                0x0000000008001ef8                Terminal::EnableUart(char*)
 .text._ZN8Terminal8FastUartEPc
                0x0000000008001f54       0x48 obj/terminal.o
                0x0000000008001f54                Terminal::FastUart(char*)
 .text._ZN8Terminal3RunEv
                0x0000000008001f9c      0x134 obj/terminal.o
                0x0000000008001f9c                Terminal::Run()
 .text.putchar  0x00000000080020d0       0x14 obj/terminal.o
                0x00000000080020d0                putchar
 .text._ZL11PrintErrorsP8TerminalPc
                0x00000000080020e4        0x4 obj/terminal_prj.o
 .text._ZL11PrintSerialP8TerminalPc
                0x00000000080020e8       0x28 obj/terminal_prj.o
 .text._ZL6MapCanP8TerminalPc
                0x0000000008002110      0x1f4 obj/terminal_prj.o
 .text._ZL11PrintCanMapN5Param9PARAM_NUMEmhhfb
                0x0000000008002304       0x70 obj/terminal_prj.o
 .text._ZL15PrintParamsJsonP8TerminalPc
                0x0000000008002374       0xbc obj/terminal_prj.o
 .text._ZL12LoadDefaultsP8TerminalPc
                0x0000000008002430       0x18 obj/terminal_prj.o
 .text.my_strcmp
                0x0000000008002448       0x1c obj/my_string.o
                0x0000000008002448                my_strcmp
 .text.my_strcpy
                0x0000000008002464       0x12 obj/my_string.o
                0x0000000008002464                my_strcpy
 .text.my_strlen
                0x0000000008002476        0xe obj/my_string.o
                0x0000000008002476                my_strlen
 .text.my_strchr
                0x0000000008002484       0x10 obj/my_string.o
                0x0000000008002484                my_strchr
 .text.my_ltoa  0x0000000008002494       0x5a obj/my_string.o
                0x0000000008002494                my_ltoa
 .text.my_atoi  0x00000000080024ee       0x30 obj/my_string.o
                0x00000000080024ee                my_atoi
 *fill*         0x000000000800251e        0x2 
 .text.my_trim  0x0000000008002520       0x54 obj/my_string.o
                0x0000000008002520                my_trim
 .text.memcpy32
                0x0000000008002574       0x16 obj/my_string.o
                0x0000000008002574                memcpy32
 .text.memset32
                0x000000000800258a        0xc obj/my_string.o
                0x000000000800258a                memset32
 *fill*         0x0000000008002596        0x2 
 .text._ZN5DigIo9ConfigureEmtN7PinMode7PinModeE
                0x0000000008002598       0x54 obj/digio.o
                0x0000000008002598                DigIo::Configure(unsigned long, unsigned short, PinMode::PinMode)
 .text.startup._GLOBAL__sub_I__ZN8SineCore8minPulseE
                0x00000000080025ec       0x10 obj/sine_core.o
 .text.fp_itoa  0x00000000080025fc       0x5a obj/my_fp.o
                0x00000000080025fc                fp_itoa
 .text.fp_atoi  0x0000000008002656       0x62 obj/my_fp.o
                0x0000000008002656                fp_atoi
 .text._ZL6printsP8IPutCharPKcii
                0x00000000080026b8       0x94 obj/printf.o
 .text._ZL6printiP8IPutChariiiiii
                0x000000000800274c       0xa6 obj/printf.o
 .text._ZN13ExternPutChar7PutCharEc
                0x00000000080027f2        0x6 obj/printf.o
                0x00000000080027f2                ExternPutChar::PutChar(char)
 .text._ZL5printP8IPutCharPKcSt9__va_list
                0x00000000080027f8      0x11c obj/printf.o
 .text._Z6printfPKcz
                0x0000000008002914       0x24 obj/printf.o
                0x0000000008002914                printf(char const*, ...)
 .text._Z7fprintfP8IPutCharPKcz
                0x0000000008002938       0x1a obj/printf.o
                0x0000000008002938                fprintf(IPutChar*, char const*, ...)
 *fill*         0x0000000008002952        0x2 
 .text._ZN5AnaIn5StartEv
                0x0000000008002954       0xb4 obj/anain.o
                0x0000000008002954                AnaIn::Start()
 .text._ZN5AnaIn7median3Eiii
                0x0000000008002a08       0x22 obj/anain.o
                0x0000000008002a08                AnaIn::median3(int, int, int)
 .text._ZN5AnaIn3GetEv
                0x0000000008002a2a       0x44 obj/anain.o
                0x0000000008002a2a                AnaIn::Get()
 *fill*         0x0000000008002a6e        0x2 
 .text._ZN5AnaIn13AdcChFromPortEmi
                0x0000000008002a70       0x3c obj/anain.o
                0x0000000008002a70                AnaIn::AdcChFromPort(unsigned long, int)
 .text._ZN5AnaIn9ConfigureEmh
                0x0000000008002aac       0x38 obj/anain.o
                0x0000000008002aac                AnaIn::Configure(unsigned long, unsigned char)
 .text.startup._GLOBAL__sub_I__ZN5AnaIn13channel_arrayE
                0x0000000008002ae4       0x1c obj/anain.o
 .text.parm_save
                0x0000000008002b00       0xbc obj/param_save.o
                0x0000000008002b00                parm_save
 .text.parm_load
                0x0000000008002bbc       0x58 obj/param_save.o
                0x0000000008002bbc                parm_load
 .text._ZN12ErrorMessage7SetTimeEm
                0x0000000008002c14        0xc obj/errormessage.o
                0x0000000008002c14                ErrorMessage::SetTime(unsigned long)
 .text._ZN12ErrorMessage10PrintErrorEm17ERROR_MESSAGE_NUM
                0x0000000008002c20       0x2c obj/errormessage.o
                0x0000000008002c20                ErrorMessage::PrintError(unsigned long, ERROR_MESSAGE_NUM)
 .text._ZN12ErrorMessage14PrintAllErrorsEv
                0x0000000008002c4c       0x30 obj/errormessage.o
                0x0000000008002c4c                ErrorMessage::PrintAllErrors()
 .text._ZL13DummyCallbackmPm
                0x0000000008002c7c        0x2 obj/stm32_can.o
 .text._ZN3Can18SetReceiveCallbackEPFvmPmE
                0x0000000008002c7e        0x6 obj/stm32_can.o
                0x0000000008002c7e                Can::SetReceiveCallback(void (*)(unsigned long, unsigned long*))
 .text._ZN3Can11SetBaudrateENS_9baudratesE
                0x0000000008002c84       0x3c obj/stm32_can.o
                0x0000000008002c84                Can::SetBaudrate(Can::baudrates)
 .text._ZN3Can4SendEmPmh
                0x0000000008002cc0       0x70 obj/stm32_can.o
                0x0000000008002cc0                Can::Send(unsigned long, unsigned long*, unsigned char)
 .text._ZN3Can13IterateCanMapEPFvN5Param9PARAM_NUMEmhhfbE
                0x0000000008002d30       0x5a obj/stm32_can.o
                0x0000000008002d30                Can::IterateCanMap(void (*)(Param::PARAM_NUM, unsigned long, unsigned char, unsigned char, float, bool))
 *fill*         0x0000000008002d8a        0x2 
 .text._ZN3Can12GetInterfaceEi
                0x0000000008002d8c       0x14 obj/stm32_can.o
                0x0000000008002d8c                Can::GetInterface(int)
 .text._ZN3Can8HandleTxEv
                0x0000000008002da0       0x68 obj/stm32_can.o
                0x0000000008002da0                Can::HandleTx()
 .text._ZN3Can13SetFilterBankERiS0_Pt
                0x0000000008002e08       0x48 obj/stm32_can.o
                0x0000000008002e08                Can::SetFilterBank(int&, int&, unsigned short*)
 .text._ZN3Can15SetFilterBank29ERiS0_Pm
                0x0000000008002e50       0x36 obj/stm32_can.o
                0x0000000008002e50                Can::SetFilterBank29(int&, int&, unsigned long*)
 *fill*         0x0000000008002e86        0x2 
 .text._ZN3Can16ConfigureFiltersEv
                0x0000000008002e88      0x130 obj/stm32_can.o
                0x0000000008002e88                Can::ConfigureFilters()
 .text._ZN3Can19RegisterUserMessageEm
                0x0000000008002fb8       0x24 obj/stm32_can.o
                0x0000000008002fb8                Can::RegisterUserMessage(unsigned long)
 .text._ZN3Can13RemoveFromMapEPNS_8CANIDMAPEN5Param9PARAM_NUME
                0x0000000008002fdc       0x44 obj/stm32_can.o
                0x0000000008002fdc                Can::RemoveFromMap(Can::CANIDMAP*, Param::PARAM_NUM)
 .text._ZN3Can6RemoveEN5Param9PARAM_NUME
                0x0000000008003020       0x1c obj/stm32_can.o
                0x0000000008003020                Can::Remove(Param::PARAM_NUM)
 .text._ZN3Can8ClearMapEPNS_8CANIDMAPE
                0x000000000800303c       0x20 obj/stm32_can.o
                0x000000000800303c                Can::ClearMap(Can::CANIDMAP*)
 .text._ZN3Can5ClearEv
                0x000000000800305c       0x1e obj/stm32_can.o
                0x000000000800305c                Can::Clear()
 .text._ZN3Can8FindByIdEPNS_8CANIDMAPEm
                0x000000000800307a       0x1a obj/stm32_can.o
                0x000000000800307a                Can::FindById(Can::CANIDMAP*, unsigned long)
 .text._ZN3Can3AddEPNS_8CANIDMAPEN5Param9PARAM_NUMEmhhfa
                0x0000000008003094       0xd6 obj/stm32_can.o
                0x0000000008003094                Can::Add(Can::CANIDMAP*, Param::PARAM_NUM, unsigned long, unsigned char, unsigned char, float, signed char)
 .text._ZN3Can7AddSendEN5Param9PARAM_NUMEmhhf
                0x000000000800316a       0x20 obj/stm32_can.o
                0x000000000800316a                Can::AddSend(Param::PARAM_NUM, unsigned long, unsigned char, unsigned char, float)
 .text._ZN3Can7AddRecvEN5Param9PARAM_NUMEmhhfa
                0x000000000800318a       0x32 obj/stm32_can.o
                0x000000000800318a                Can::AddRecv(Param::PARAM_NUM, unsigned long, unsigned char, unsigned char, float, signed char)
 .text._ZN3Can7AddRecvEN5Param9PARAM_NUMEmhhf
                0x00000000080031bc       0x18 obj/stm32_can.o
                0x00000000080031bc                Can::AddRecv(Param::PARAM_NUM, unsigned long, unsigned char, unsigned char, float)
 .text._ZN3Can10ProcessSDOEPm
                0x00000000080031d4       0xcc obj/stm32_can.o
                0x00000000080031d4                Can::ProcessSDO(unsigned long*)
 .text._ZN3Can8HandleRxEi
                0x00000000080032a0      0x118 obj/stm32_can.o
                0x00000000080032a0                Can::HandleRx(int)
 .text._ZN3Can11SaveToFlashEmPmi
                0x00000000080033b8       0x30 obj/stm32_can.o
                0x00000000080033b8                Can::SaveToFlash(unsigned long, unsigned long*, int)
 .text._ZN3Can21ReplaceParamEnumByUidEPNS_8CANIDMAPE
                0x00000000080033e8       0x3c obj/stm32_can.o
                0x00000000080033e8                Can::ReplaceParamEnumByUid(Can::CANIDMAP*)
 .text._ZN3Can21ReplaceParamUidByEnumEPNS_8CANIDMAPE
                0x0000000008003424       0x3a obj/stm32_can.o
                0x0000000008003424                Can::ReplaceParamUidByEnum(Can::CANIDMAP*)
 *fill*         0x000000000800345e        0x2 
 .text._ZN3Can15GetFlashAddressEv
                0x0000000008003460       0x28 obj/stm32_can.o
                0x0000000008003460                Can::GetFlashAddress()
 .text._ZN3Can4SaveEv
                0x0000000008003488       0xb0 obj/stm32_can.o
                0x0000000008003488                Can::Save()
 .text._ZN3Can13LoadFromFlashEv
                0x0000000008003538       0x5e obj/stm32_can.o
                0x0000000008003538                Can::LoadFromFlash()
 *fill*         0x0000000008003596        0x2 
 .text._ZN3CanC2EmNS_9baudratesEb
                0x0000000008003598      0x174 obj/stm32_can.o
                0x0000000008003598                Can::Can(unsigned long, Can::baudrates, bool)
                0x0000000008003598                Can::Can(unsigned long, Can::baudrates, bool)
 .text.usb_lp_can_rx0_isr
                0x000000000800370c       0x10 obj/stm32_can.o
                0x000000000800370c                usb_lp_can_rx0_isr
 .text.can_rx1_isr
                0x000000000800371c       0x10 obj/stm32_can.o
                0x000000000800371c                can_rx1_isr
 .text.usb_hp_can_tx_isr
                0x000000000800372c        0xc obj/stm32_can.o
                0x000000000800372c                usb_hp_can_tx_isr
 .text.can2_rx0_isr
                0x0000000008003738       0x10 obj/stm32_can.o
                0x0000000008003738                can2_rx0_isr
 .text.can2_rx1_isr
                0x0000000008003748       0x10 obj/stm32_can.o
                0x0000000008003748                can2_rx1_isr
 .text.can2_tx_isr
                0x0000000008003758        0xc obj/stm32_can.o
                0x0000000008003758                can2_tx_isr
 .text._ZN16TerminalCommands8ParamSetEP8TerminalPc
                0x0000000008003764       0x68 obj/terminalcommands.o
                0x0000000008003764                TerminalCommands::ParamSet(Terminal*, char*)
 .text._ZN16TerminalCommands8ParamGetEP8TerminalPc
                0x00000000080037cc       0x5c obj/terminalcommands.o
                0x00000000080037cc                TerminalCommands::ParamGet(Terminal*, char*)
 .text._ZN16TerminalCommands9ParamFlagEP8TerminalPc
                0x0000000008003828       0x90 obj/terminalcommands.o
                0x0000000008003828                TerminalCommands::ParamFlag(Terminal*, char*)
 .text._ZN16TerminalCommands11ParamStreamEP8TerminalPc
                0x00000000080038b8       0xf8 obj/terminalcommands.o
                0x00000000080038b8                TerminalCommands::ParamStream(Terminal*, char*)
 .text._ZN16TerminalCommands14SaveParametersEP8TerminalPc
                0x00000000080039b0       0x30 obj/terminalcommands.o
                0x00000000080039b0                TerminalCommands::SaveParameters(Terminal*, char*)
 .text._ZN16TerminalCommands14LoadParametersEP8TerminalPc
                0x00000000080039e0       0x28 obj/terminalcommands.o
                0x00000000080039e0                TerminalCommands::LoadParameters(Terminal*, char*)
 .text._ZN16TerminalCommands5ResetEP8TerminalPc
                0x0000000008003a08        0x6 obj/terminalcommands.o
                0x0000000008003a08                TerminalCommands::Reset(Terminal*, char*)
 *fill*         0x0000000008003a0e        0x2 
 .text._ZL12ProcessTempst
                0x0000000008003a10       0x3c obj/PCSCan.o
 .text._ZN5DigIo3GetEv
                0x0000000008003a4c       0x12 obj/PCSCan.o
                0x0000000008003a4c                DigIo::Get()
 *fill*         0x0000000008003a5e        0x2 
 .text._ZN6PCSCan9handle204EPm
                0x0000000008003a60       0x8c obj/PCSCan.o
                0x0000000008003a60                PCSCan::handle204(unsigned long*)
 *fill*         0x0000000008003aec        0x4 
 .text._ZN6PCSCan9handle224EPm
                0x0000000008003af0       0x64 obj/PCSCan.o
                0x0000000008003af0                PCSCan::handle224(unsigned long*)
 *fill*         0x0000000008003b54        0x4 
 .text._ZN6PCSCan9handle264EPm
                0x0000000008003b58       0xd4 obj/PCSCan.o
                0x0000000008003b58                PCSCan::handle264(unsigned long*)
 *fill*         0x0000000008003c2c        0x4 
 .text._ZN6PCSCan9handle2A4EPm
                0x0000000008003c30      0x100 obj/PCSCan.o
                0x0000000008003c30                PCSCan::handle2A4(unsigned long*)
 .text._ZN6PCSCan9handle2C4EPm
                0x0000000008003d30      0x13c obj/PCSCan.o
                0x0000000008003d30                PCSCan::handle2C4(unsigned long*)
 .text._ZN6PCSCan9handle3A4EPm
                0x0000000008003e6c       0x10 obj/PCSCan.o
                0x0000000008003e6c                PCSCan::handle3A4(unsigned long*)
 .text._ZN6PCSCan9handle424EPm
                0x0000000008003e7c       0x80 obj/PCSCan.o
                0x0000000008003e7c                PCSCan::handle424(unsigned long*)
 .text._ZN6PCSCan9handle504EPm
                0x0000000008003efc       0x10 obj/PCSCan.o
                0x0000000008003efc                PCSCan::handle504(unsigned long*)
 .text._ZN6PCSCan9handle76CEPm
                0x0000000008003f0c       0xa0 obj/PCSCan.o
                0x0000000008003f0c                PCSCan::handle76C(unsigned long*)
 .text._ZN6PCSCan6Msg13DEv
                0x0000000008003fac       0x68 obj/PCSCan.o
                0x0000000008003fac                PCSCan::Msg13D()
 .text._ZN6PCSCan6Msg20AEv
                0x0000000008004014       0x3e obj/PCSCan.o
                0x0000000008004014                PCSCan::Msg20A()
 .text._ZN6PCSCan6Msg212Ev
                0x0000000008004052       0x4a obj/PCSCan.o
                0x0000000008004052                PCSCan::Msg212()
 .text._ZN6PCSCan6Msg21DEv
                0x000000000800409c       0x50 obj/PCSCan.o
                0x000000000800409c                PCSCan::Msg21D()
 .text._ZN6PCSCan6Msg22AEv
                0x00000000080040ec       0x58 obj/PCSCan.o
                0x00000000080040ec                PCSCan::Msg22A()
 .text._ZN6PCSCan6Msg232Ev
                0x0000000008004144       0x46 obj/PCSCan.o
                0x0000000008004144                PCSCan::Msg232()
 *fill*         0x000000000800418a        0x2 
 .text._ZN6PCSCan6Msg23DEv
                0x000000000800418c       0x5c obj/PCSCan.o
                0x000000000800418c                PCSCan::Msg23D()
 .text._ZN6PCSCan6Msg25DEv
                0x00000000080041e8       0x4a obj/PCSCan.o
                0x00000000080041e8                PCSCan::Msg25D()
 *fill*         0x0000000008004232        0x2 
 .text._ZN6PCSCan6Msg2B2Ev
                0x0000000008004234       0x94 obj/PCSCan.o
                0x0000000008004234                PCSCan::Msg2B2()
 .text._ZN6PCSCan6Msg321Ev
                0x00000000080042c8       0x44 obj/PCSCan.o
                0x00000000080042c8                PCSCan::Msg321()
 .text._ZN6PCSCan6Msg333Ev
                0x000000000800430c       0x32 obj/PCSCan.o
                0x000000000800430c                PCSCan::Msg333()
 *fill*         0x000000000800433e        0x2 
 .text._ZN6PCSCan6Msg3A1Ev
                0x0000000008004340       0x68 obj/PCSCan.o
                0x0000000008004340                PCSCan::Msg3A1()
 .text._ZN6PCSCan6Msg3B2Ev
                0x00000000080043a8       0x9c obj/PCSCan.o
                0x00000000080043a8                PCSCan::Msg3B2()
 .text._ZN6PCSCan6Msg545Ev
                0x0000000008004444       0xd8 obj/PCSCan.o
                0x0000000008004444                PCSCan::Msg545()
 .text._ZN6PCSCan12AlertHandlerEv
                0x000000000800451c       0x40 obj/PCSCan.o
                0x000000000800451c                PCSCan::AlertHandler()
 .text.adc_power_on
                0x000000000800455c       0x10 libopencm3/lib/libopencm3_stm32f1.a(adc.o)
                0x000000000800455c                adc_power_on
 .text.adc_start_conversion_direct
                0x000000000800456c       0x10 libopencm3/lib/libopencm3_stm32f1.a(adc.o)
                0x000000000800456c                adc_start_conversion_direct
 .text.adc_enable_temperature_sensor
                0x000000000800457c       0x14 libopencm3/lib/libopencm3_stm32f1.a(adc.o)
                0x000000000800457c                adc_enable_temperature_sensor
 .text.adc_reset_calibration
                0x0000000008004590       0x14 libopencm3/lib/libopencm3_stm32f1.a(adc.o)
                0x0000000008004590                adc_reset_calibration
 .text.adc_calibrate_async
                0x00000000080045a4        0xa libopencm3/lib/libopencm3_stm32f1.a(adc.o)
                0x00000000080045a4                adc_calibrate_async
 .text.adc_is_calibrating
                0x00000000080045ae        0x8 libopencm3/lib/libopencm3_stm32f1.a(adc.o)
                0x00000000080045ae                adc_is_calibrating
 .text.adc_calibrate
                0x00000000080045b6       0x14 libopencm3/lib/libopencm3_stm32f1.a(adc.o)
                0x00000000080045b6                adc_calibrate
 .text.adc_set_sample_time_on_all_channels
                0x00000000080045ca       0x2a libopencm3/lib/libopencm3_stm32f1.a(adc.o)
                0x00000000080045ca                adc_set_sample_time_on_all_channels
 .text.adc_power_off
                0x00000000080045f4        0xa libopencm3/lib/libopencm3_stm32f1.a(adc_common_v1.o)
                0x00000000080045f4                adc_power_off
 .text.adc_enable_scan_mode
                0x00000000080045fe        0xa libopencm3/lib/libopencm3_stm32f1.a(adc_common_v1.o)
                0x00000000080045fe                adc_enable_scan_mode
 .text.adc_set_right_aligned
                0x0000000008004608        0xa libopencm3/lib/libopencm3_stm32f1.a(adc_common_v1.o)
                0x0000000008004608                adc_set_right_aligned
 .text.adc_set_continuous_conversion_mode
                0x0000000008004612        0xa libopencm3/lib/libopencm3_stm32f1.a(adc_common_v1.o)
                0x0000000008004612                adc_set_continuous_conversion_mode
 .text.adc_set_regular_sequence
                0x000000000800461c       0x5e libopencm3/lib/libopencm3_stm32f1.a(adc_common_v1.o)
                0x000000000800461c                adc_set_regular_sequence
 .text.adc_enable_dma
                0x000000000800467a        0xa libopencm3/lib/libopencm3_stm32f1.a(adc_common_v1.o)
                0x000000000800467a                adc_enable_dma
 .text.can_reset
                0x0000000008004684       0x18 libopencm3/lib/libopencm3_stm32f1.a(can.o)
                0x0000000008004684                can_reset
 .text.can_init
                0x000000000800469c      0x12a libopencm3/lib/libopencm3_stm32f1.a(can.o)
                0x000000000800469c                can_init
 *fill*         0x00000000080047c6        0x2 
 .text.can_filter_init
                0x00000000080047c8       0x9c libopencm3/lib/libopencm3_stm32f1.a(can.o)
                0x00000000080047c8                can_filter_init
 .text.can_filter_id_list_16bit_init
                0x0000000008004864       0x20 libopencm3/lib/libopencm3_stm32f1.a(can.o)
                0x0000000008004864                can_filter_id_list_16bit_init
 .text.can_filter_id_list_32bit_init
                0x0000000008004884       0x1a libopencm3/lib/libopencm3_stm32f1.a(can.o)
                0x0000000008004884                can_filter_id_list_32bit_init
 .text.can_enable_irq
                0x000000000800489e        0x8 libopencm3/lib/libopencm3_stm32f1.a(can.o)
                0x000000000800489e                can_enable_irq
 .text.can_disable_irq
                0x00000000080048a6        0xa libopencm3/lib/libopencm3_stm32f1.a(can.o)
                0x00000000080048a6                can_disable_irq
 .text.can_transmit
                0x00000000080048b0       0xca libopencm3/lib/libopencm3_stm32f1.a(can.o)
                0x00000000080048b0                can_transmit
 .text.can_fifo_release
                0x000000000800497a       0x16 libopencm3/lib/libopencm3_stm32f1.a(can.o)
                0x000000000800497a                can_fifo_release
 .text.can_fifo_pending
                0x0000000008004990        0xe libopencm3/lib/libopencm3_stm32f1.a(can.o)
                0x0000000008004990                can_fifo_pending
 .text.can_receive
                0x000000000800499e       0xae libopencm3/lib/libopencm3_stm32f1.a(can.o)
                0x000000000800499e                can_receive
 .text.crc_reset
                0x0000000008004a4c       0x10 libopencm3/lib/libopencm3_stm32f1.a(crc_common_all.o)
                0x0000000008004a4c                crc_reset
 .text.crc_calculate
                0x0000000008004a5c        0xc libopencm3/lib/libopencm3_stm32f1.a(crc_common_all.o)
                0x0000000008004a5c                crc_calculate
 .text.crc_calculate_block
                0x0000000008004a68       0x1c libopencm3/lib/libopencm3_stm32f1.a(crc_common_all.o)
                0x0000000008004a68                crc_calculate_block
 .text.desig_get_flash_size
                0x0000000008004a84        0xc libopencm3/lib/libopencm3_stm32f1.a(desig_common_v1.o)
                0x0000000008004a84                desig_get_flash_size
 .text.dma_channel_reset
                0x0000000008004a90       0x22 libopencm3/lib/libopencm3_stm32f1.a(dma_common_l1f013.o)
                0x0000000008004a90                dma_channel_reset
 .text.dma_clear_interrupt_flags
                0x0000000008004ab2        0xc libopencm3/lib/libopencm3_stm32f1.a(dma_common_l1f013.o)
                0x0000000008004ab2                dma_clear_interrupt_flags
 .text.dma_get_interrupt_flag
                0x0000000008004abe       0x14 libopencm3/lib/libopencm3_stm32f1.a(dma_common_l1f013.o)
                0x0000000008004abe                dma_get_interrupt_flag
 .text.dma_set_memory_size
                0x0000000008004ad2       0x1a libopencm3/lib/libopencm3_stm32f1.a(dma_common_l1f013.o)
                0x0000000008004ad2                dma_set_memory_size
 .text.dma_set_peripheral_size
                0x0000000008004aec       0x1a libopencm3/lib/libopencm3_stm32f1.a(dma_common_l1f013.o)
                0x0000000008004aec                dma_set_peripheral_size
 .text.dma_enable_memory_increment_mode
                0x0000000008004b06       0x12 libopencm3/lib/libopencm3_stm32f1.a(dma_common_l1f013.o)
                0x0000000008004b06                dma_enable_memory_increment_mode
 .text.dma_enable_circular_mode
                0x0000000008004b18       0x1a libopencm3/lib/libopencm3_stm32f1.a(dma_common_l1f013.o)
                0x0000000008004b18                dma_enable_circular_mode
 .text.dma_set_read_from_memory
                0x0000000008004b32       0x12 libopencm3/lib/libopencm3_stm32f1.a(dma_common_l1f013.o)
                0x0000000008004b32                dma_set_read_from_memory
 .text.dma_enable_channel
                0x0000000008004b44       0x12 libopencm3/lib/libopencm3_stm32f1.a(dma_common_l1f013.o)
                0x0000000008004b44                dma_enable_channel
 .text.dma_disable_channel
                0x0000000008004b56       0x12 libopencm3/lib/libopencm3_stm32f1.a(dma_common_l1f013.o)
                0x0000000008004b56                dma_disable_channel
 .text.dma_set_peripheral_address
                0x0000000008004b68       0x12 libopencm3/lib/libopencm3_stm32f1.a(dma_common_l1f013.o)
                0x0000000008004b68                dma_set_peripheral_address
 .text.dma_set_memory_address
                0x0000000008004b7a       0x12 libopencm3/lib/libopencm3_stm32f1.a(dma_common_l1f013.o)
                0x0000000008004b7a                dma_set_memory_address
 .text.dma_get_number_of_data
                0x0000000008004b8c        0xe libopencm3/lib/libopencm3_stm32f1.a(dma_common_l1f013.o)
                0x0000000008004b8c                dma_get_number_of_data
 .text.dma_set_number_of_data
                0x0000000008004b9a        0xc libopencm3/lib/libopencm3_stm32f1.a(dma_common_l1f013.o)
                0x0000000008004b9a                dma_set_number_of_data
 *fill*         0x0000000008004ba6        0x2 
 .text.flash_get_status_flags
                0x0000000008004ba8       0x20 libopencm3/lib/libopencm3_stm32f1.a(flash.o)
                0x0000000008004ba8                flash_get_status_flags
 .text.flash_program_half_word
                0x0000000008004bc8       0x64 libopencm3/lib/libopencm3_stm32f1.a(flash.o)
                0x0000000008004bc8                flash_program_half_word
 .text.flash_erase_page
                0x0000000008004c2c       0x74 libopencm3/lib/libopencm3_stm32f1.a(flash.o)
                0x0000000008004c2c                flash_erase_page
 .text.flash_set_ws
                0x0000000008004ca0       0x14 libopencm3/lib/libopencm3_stm32f1.a(flash_common_all.o)
                0x0000000008004ca0                flash_set_ws
 .text.flash_unlock
                0x0000000008004cb4       0x18 libopencm3/lib/libopencm3_stm32f1.a(flash_common_f.o)
                0x0000000008004cb4                flash_unlock
 .text.flash_lock
                0x0000000008004ccc       0x10 libopencm3/lib/libopencm3_stm32f1.a(flash_common_f.o)
                0x0000000008004ccc                flash_lock
 .text.flash_wait_for_last_operation
                0x0000000008004cdc        0xc libopencm3/lib/libopencm3_stm32f1.a(flash_common_f01.o)
                0x0000000008004cdc                flash_wait_for_last_operation
 .text.flash_program_word
                0x0000000008004ce8       0x18 libopencm3/lib/libopencm3_stm32f1.a(flash_common_f01.o)
                0x0000000008004ce8                flash_program_word
 .text.gpio_set_mode
                0x0000000008004d00       0x5e libopencm3/lib/libopencm3_stm32f1.a(gpio.o)
                0x0000000008004d00                gpio_set_mode
 *fill*         0x0000000008004d5e        0x2 
 .text.gpio_primary_remap
                0x0000000008004d60       0x14 libopencm3/lib/libopencm3_stm32f1.a(gpio.o)
                0x0000000008004d60                gpio_primary_remap
 .text.gpio_set
                0x0000000008004d74        0x4 libopencm3/lib/libopencm3_stm32f1.a(gpio_common_all.o)
                0x0000000008004d74                gpio_set
 .text.gpio_clear
                0x0000000008004d78        0x6 libopencm3/lib/libopencm3_stm32f1.a(gpio_common_all.o)
                0x0000000008004d78                gpio_clear
 .text.gpio_get
                0x0000000008004d7e        0x6 libopencm3/lib/libopencm3_stm32f1.a(gpio_common_all.o)
                0x0000000008004d7e                gpio_get
 .text.gpio_toggle
                0x0000000008004d84       0x12 libopencm3/lib/libopencm3_stm32f1.a(gpio_common_all.o)
                0x0000000008004d84                gpio_toggle
 *fill*         0x0000000008004d96        0x2 
 .text.iwdg_reset
                0x0000000008004d98       0x10 libopencm3/lib/libopencm3_stm32f1.a(iwdg_common_all.o)
                0x0000000008004d98                iwdg_reset
 .text.rcc_is_osc_ready
                0x0000000008004da8       0x58 libopencm3/lib/libopencm3_stm32f1.a(rcc.o)
                0x0000000008004da8                rcc_is_osc_ready
 .text.rcc_wait_for_osc_ready
                0x0000000008004e00       0x10 libopencm3/lib/libopencm3_stm32f1.a(rcc.o)
                0x0000000008004e00                rcc_wait_for_osc_ready
 .text.rcc_osc_on
                0x0000000008004e10       0x60 libopencm3/lib/libopencm3_stm32f1.a(rcc.o)
                0x0000000008004e10                rcc_osc_on
 .text.rcc_set_sysclk_source
                0x0000000008004e70       0x14 libopencm3/lib/libopencm3_stm32f1.a(rcc.o)
                0x0000000008004e70                rcc_set_sysclk_source
 .text.rcc_set_pll_multiplication_factor
                0x0000000008004e84       0x14 libopencm3/lib/libopencm3_stm32f1.a(rcc.o)
                0x0000000008004e84                rcc_set_pll_multiplication_factor
 .text.rcc_set_pll_source
                0x0000000008004e98       0x14 libopencm3/lib/libopencm3_stm32f1.a(rcc.o)
                0x0000000008004e98                rcc_set_pll_source
 .text.rcc_set_pllxtpre
                0x0000000008004eac       0x14 libopencm3/lib/libopencm3_stm32f1.a(rcc.o)
                0x0000000008004eac                rcc_set_pllxtpre
 .text.rcc_rtc_clock_enabled_flag
                0x0000000008004ec0       0x10 libopencm3/lib/libopencm3_stm32f1.a(rcc.o)
                0x0000000008004ec0                rcc_rtc_clock_enabled_flag
 .text.rcc_enable_rtc_clock
                0x0000000008004ed0       0x10 libopencm3/lib/libopencm3_stm32f1.a(rcc.o)
                0x0000000008004ed0                rcc_enable_rtc_clock
 .text.rcc_set_rtc_clock_source
                0x0000000008004ee0       0x84 libopencm3/lib/libopencm3_stm32f1.a(rcc.o)
                0x0000000008004ee0                rcc_set_rtc_clock_source
 .text.rcc_set_adcpre
                0x0000000008004f64       0x14 libopencm3/lib/libopencm3_stm32f1.a(rcc.o)
                0x0000000008004f64                rcc_set_adcpre
 .text.rcc_set_ppre2
                0x0000000008004f78       0x14 libopencm3/lib/libopencm3_stm32f1.a(rcc.o)
                0x0000000008004f78                rcc_set_ppre2
 .text.rcc_set_ppre1
                0x0000000008004f8c       0x14 libopencm3/lib/libopencm3_stm32f1.a(rcc.o)
                0x0000000008004f8c                rcc_set_ppre1
 .text.rcc_set_hpre
                0x0000000008004fa0       0x14 libopencm3/lib/libopencm3_stm32f1.a(rcc.o)
                0x0000000008004fa0                rcc_set_hpre
 .text.rcc_clock_setup_in_hse_8mhz_out_72mhz
                0x0000000008004fb4       0x88 libopencm3/lib/libopencm3_stm32f1.a(rcc.o)
                0x0000000008004fb4                rcc_clock_setup_in_hse_8mhz_out_72mhz
 .text.rcc_periph_clock_enable
                0x000000000800503c       0x1c libopencm3/lib/libopencm3_stm32f1.a(rcc_common_all.o)
                0x000000000800503c                rcc_periph_clock_enable
 .text.rcc_periph_reset_pulse
                0x0000000008005058       0x24 libopencm3/lib/libopencm3_stm32f1.a(rcc_common_all.o)
                0x0000000008005058                rcc_periph_reset_pulse
 .text.rtc_enter_config_mode
                0x000000000800507c       0x1c libopencm3/lib/libopencm3_stm32f1.a(rtc.o)
                0x000000000800507c                rtc_enter_config_mode
 .text.rtc_exit_config_mode
                0x0000000008005098       0x1c libopencm3/lib/libopencm3_stm32f1.a(rtc.o)
                0x0000000008005098                rtc_exit_config_mode
 .text.rtc_awake_from_off
                0x00000000080050b4       0x6c libopencm3/lib/libopencm3_stm32f1.a(rtc.o)
                0x00000000080050b4                rtc_awake_from_off
 .text.rtc_set_prescale_val
                0x0000000008005120       0x24 libopencm3/lib/libopencm3_stm32f1.a(rtc.o)
                0x0000000008005120                rtc_set_prescale_val
 .text.rtc_get_counter_val
                0x0000000008005144       0x14 libopencm3/lib/libopencm3_stm32f1.a(rtc.o)
                0x0000000008005144                rtc_get_counter_val
 .text.rtc_set_counter_val
                0x0000000008005158       0x20 libopencm3/lib/libopencm3_stm32f1.a(rtc.o)
                0x0000000008005158                rtc_set_counter_val
 .text.rtc_awake_from_standby
                0x0000000008005178       0x3c libopencm3/lib/libopencm3_stm32f1.a(rtc.o)
                0x0000000008005178                rtc_awake_from_standby
 .text.rtc_auto_awake
                0x00000000080051b4       0x34 libopencm3/lib/libopencm3_stm32f1.a(rtc.o)
                0x00000000080051b4                rtc_auto_awake
 .text.timer_enable_irq
                0x00000000080051e8        0x8 libopencm3/lib/libopencm3_stm32f1.a(timer_common_all.o)
                0x00000000080051e8                timer_enable_irq
 .text.timer_get_flag
                0x00000000080051f0        0xc libopencm3/lib/libopencm3_stm32f1.a(timer_common_all.o)
                0x00000000080051f0                timer_get_flag
 .text.timer_clear_flag
                0x00000000080051fc        0x6 libopencm3/lib/libopencm3_stm32f1.a(timer_common_all.o)
                0x00000000080051fc                timer_clear_flag
 .text.timer_enable_preload
                0x0000000008005202        0xa libopencm3/lib/libopencm3_stm32f1.a(timer_common_all.o)
                0x0000000008005202                timer_enable_preload
 .text.timer_direction_up
                0x000000000800520c        0xa libopencm3/lib/libopencm3_stm32f1.a(timer_common_all.o)
                0x000000000800520c                timer_direction_up
 .text.timer_enable_counter
                0x0000000008005216        0xa libopencm3/lib/libopencm3_stm32f1.a(timer_common_all.o)
                0x0000000008005216                timer_enable_counter
 .text.timer_disable_counter
                0x0000000008005220        0xa libopencm3/lib/libopencm3_stm32f1.a(timer_common_all.o)
                0x0000000008005220                timer_disable_counter
 .text.timer_set_prescaler
                0x000000000800522a        0x4 libopencm3/lib/libopencm3_stm32f1.a(timer_common_all.o)
                0x000000000800522a                timer_set_prescaler
 .text.timer_set_period
                0x000000000800522e        0x4 libopencm3/lib/libopencm3_stm32f1.a(timer_common_all.o)
                0x000000000800522e                timer_set_period
 .text.timer_set_oc_mode
                0x0000000008005232      0x18c libopencm3/lib/libopencm3_stm32f1.a(timer_common_all.o)
                0x0000000008005232                timer_set_oc_mode
 .text.timer_set_oc_polarity_high
                0x00000000080053be       0x4a libopencm3/lib/libopencm3_stm32f1.a(timer_common_all.o)
                0x00000000080053be                timer_set_oc_polarity_high
 .text.timer_set_oc_polarity_low
                0x0000000008005408       0x4a libopencm3/lib/libopencm3_stm32f1.a(timer_common_all.o)
                0x0000000008005408                timer_set_oc_polarity_low
 .text.timer_set_oc_value
                0x0000000008005452       0x20 libopencm3/lib/libopencm3_stm32f1.a(timer_common_all.o)
                0x0000000008005452                timer_set_oc_value
 .text.timer_generate_event
                0x0000000008005472        0x8 libopencm3/lib/libopencm3_stm32f1.a(timer_common_all.o)
                0x0000000008005472                timer_generate_event
 .text.timer_get_counter
                0x000000000800547a        0x4 libopencm3/lib/libopencm3_stm32f1.a(timer_common_all.o)
                0x000000000800547a                timer_get_counter
 .text.timer_get_ic_value
                0x000000000800547e       0x1a libopencm3/lib/libopencm3_stm32f1.a(timer_common_all.o)
                0x000000000800547e                timer_get_ic_value
 .text.timer_set_counter
                0x0000000008005498        0x4 libopencm3/lib/libopencm3_stm32f1.a(timer_common_all.o)
                0x0000000008005498                timer_set_counter
 .text.timer_ic_set_filter
                0x000000000800549c       0x50 libopencm3/lib/libopencm3_stm32f1.a(timer_common_all.o)
                0x000000000800549c                timer_ic_set_filter
 .text.timer_ic_set_input
                0x00000000080054ec       0x62 libopencm3/lib/libopencm3_stm32f1.a(timer_common_all.o)
                0x00000000080054ec                timer_ic_set_input
 .text.timer_ic_enable
                0x000000000800554e        0xe libopencm3/lib/libopencm3_stm32f1.a(timer_common_all.o)
                0x000000000800554e                timer_ic_enable
 .text.timer_slave_set_polarity
                0x000000000800555c       0x12 libopencm3/lib/libopencm3_stm32f1.a(timer_common_all.o)
                0x000000000800555c                timer_slave_set_polarity
 .text.timer_slave_set_mode
                0x000000000800556e       0x10 libopencm3/lib/libopencm3_stm32f1.a(timer_common_all.o)
                0x000000000800556e                timer_slave_set_mode
 .text.timer_slave_set_trigger
                0x000000000800557e       0x10 libopencm3/lib/libopencm3_stm32f1.a(timer_common_all.o)
                0x000000000800557e                timer_slave_set_trigger
 *fill*         0x000000000800558e        0x2 
 .text.usart_set_baudrate
                0x0000000008005590       0x28 libopencm3/lib/libopencm3_stm32f1.a(usart_common_all.o)
                0x0000000008005590                usart_set_baudrate
 .text.usart_set_databits
                0x00000000080055b8       0x12 libopencm3/lib/libopencm3_stm32f1.a(usart_common_all.o)
                0x00000000080055b8                usart_set_databits
 .text.usart_set_stopbits
                0x00000000080055ca        0xc libopencm3/lib/libopencm3_stm32f1.a(usart_common_all.o)
                0x00000000080055ca                usart_set_stopbits
 .text.usart_set_parity
                0x00000000080055d6        0xc libopencm3/lib/libopencm3_stm32f1.a(usart_common_all.o)
                0x00000000080055d6                usart_set_parity
 .text.usart_set_mode
                0x00000000080055e2        0xc libopencm3/lib/libopencm3_stm32f1.a(usart_common_all.o)
                0x00000000080055e2                usart_set_mode
 .text.usart_set_flow_control
                0x00000000080055ee        0xc libopencm3/lib/libopencm3_stm32f1.a(usart_common_all.o)
                0x00000000080055ee                usart_set_flow_control
 .text.usart_enable
                0x00000000080055fa        0xa libopencm3/lib/libopencm3_stm32f1.a(usart_common_all.o)
                0x00000000080055fa                usart_enable
 .text.usart_send_blocking
                0x0000000008005604       0x16 libopencm3/lib/libopencm3_stm32f1.a(usart_common_all.o)
                0x0000000008005604                usart_send_blocking
 .text.usart_enable_rx_dma
                0x000000000800561a        0xa libopencm3/lib/libopencm3_stm32f1.a(usart_common_all.o)
                0x000000000800561a                usart_enable_rx_dma
 .text.usart_enable_tx_dma
                0x0000000008005624        0xa libopencm3/lib/libopencm3_stm32f1.a(usart_common_all.o)
                0x0000000008005624                usart_enable_tx_dma
 .text.usart_send
                0x000000000800562e        0x8 libopencm3/lib/libopencm3_stm32f1.a(usart_common_f124.o)
                0x000000000800562e                usart_send
 .text.usart_recv
                0x0000000008005636        0x8 libopencm3/lib/libopencm3_stm32f1.a(usart_common_f124.o)
                0x0000000008005636                usart_recv
 .text.usart_wait_send_ready
                0x000000000800563e        0x8 libopencm3/lib/libopencm3_stm32f1.a(usart_common_f124.o)
                0x000000000800563e                usart_wait_send_ready
 .text.usart_get_flag
                0x0000000008005646        0xc libopencm3/lib/libopencm3_stm32f1.a(usart_common_f124.o)
                0x0000000008005646                usart_get_flag
 .text.blocking_handler
                0x0000000008005652        0x2 libopencm3/lib/libopencm3_stm32f1.a(vector.o)
                0x0000000008005652                usart3_isr
                0x0000000008005652                rtc_isr
                0x0000000008005652                tim7_isr
                0x0000000008005652                adc1_2_isr
                0x0000000008005652                tim1_trg_com_isr
                0x0000000008005652                tim6_isr
                0x0000000008005652                usb_wakeup_isr
                0x0000000008005652                blocking_handler
                0x0000000008005652                tim5_isr
                0x0000000008005652                otg_fs_isr
                0x0000000008005652                spi1_isr
                0x0000000008005652                exti2_isr
                0x0000000008005652                dma1_channel6_isr
                0x0000000008005652                dma1_channel5_isr
                0x0000000008005652                dma2_channel5_isr
                0x0000000008005652                usart1_isr
                0x0000000008005652                usage_fault_handler
                0x0000000008005652                tim8_trg_com_isr
                0x0000000008005652                tim1_brk_isr
                0x0000000008005652                tim1_cc_isr
                0x0000000008005652                sdio_isr
                0x0000000008005652                eth_isr
                0x0000000008005652                dma1_channel4_isr
                0x0000000008005652                tim8_brk_isr
                0x0000000008005652                dma2_channel4_5_isr
                0x0000000008005652                pvd_isr
                0x0000000008005652                rcc_isr
                0x0000000008005652                flash_isr
                0x0000000008005652                uart4_isr
                0x0000000008005652                rtc_alarm_isr
                0x0000000008005652                exti15_10_isr
                0x0000000008005652                hard_fault_handler
                0x0000000008005652                exti1_isr
                0x0000000008005652                i2c1_ev_isr
                0x0000000008005652                dma2_channel1_isr
                0x0000000008005652                spi2_isr
                0x0000000008005652                tim8_up_isr
                0x0000000008005652                dma2_channel2_isr
                0x0000000008005652                exti3_isr
                0x0000000008005652                adc3_isr
                0x0000000008005652                tim3_isr
                0x0000000008005652                usart2_isr
                0x0000000008005652                i2c2_er_isr
                0x0000000008005652                i2c2_ev_isr
                0x0000000008005652                uart5_isr
                0x0000000008005652                fsmc_isr
                0x0000000008005652                dma1_channel1_isr
                0x0000000008005652                exti4_isr
                0x0000000008005652                mem_manage_handler
                0x0000000008005652                exti9_5_isr
                0x0000000008005652                dma2_channel3_isr
                0x0000000008005652                dma1_channel7_isr
                0x0000000008005652                tim1_up_isr
                0x0000000008005652                can2_sce_isr
                0x0000000008005652                tim4_isr
                0x0000000008005652                dma1_channel2_isr
                0x0000000008005652                i2c1_er_isr
                0x0000000008005652                can_sce_isr
                0x0000000008005652                tim8_cc_isr
                0x0000000008005652                tamper_isr
                0x0000000008005652                eth_wkup_isr
                0x0000000008005652                bus_fault_handler
                0x0000000008005652                wwdg_isr
                0x0000000008005652                dma1_channel3_isr
                0x0000000008005652                spi3_isr
                0x0000000008005652                exti0_isr
 .text.null_handler
                0x0000000008005654        0x2 libopencm3/lib/libopencm3_stm32f1.a(vector.o)
                0x0000000008005654                null_handler
                0x0000000008005654                sv_call_handler
                0x0000000008005654                pend_sv_handler
                0x0000000008005654                debug_monitor_handler
                0x0000000008005654                sys_tick_handler
                0x0000000008005654                nmi_handler
 *fill*         0x0000000008005656        0x2 
 .text.reset_handler
                0x0000000008005658       0x94 libopencm3/lib/libopencm3_stm32f1.a(vector.o)
                0x0000000008005658                reset_handler
 .text.scb_reset_system
                0x00000000080056ec       0x10 libopencm3/lib/libopencm3_stm32f1.a(scb.o)
                0x00000000080056ec                scb_reset_system
 .text.nvic_enable_irq
                0x00000000080056fc       0x1a libopencm3/lib/libopencm3_stm32f1.a(nvic.o)
                0x00000000080056fc                nvic_enable_irq
 *fill*         0x0000000008005716        0x2 
 .text.nvic_set_priority
                0x0000000008005718       0x20 libopencm3/lib/libopencm3_stm32f1.a(nvic.o)
                0x0000000008005718                nvic_set_priority
 .text.pwr_disable_backup_domain_write_protect
                0x0000000008005738       0x10 libopencm3/lib/libopencm3_stm32f1.a(pwr_common_v1.o)
                0x0000000008005738                pwr_disable_backup_domain_write_protect
 .text          0x0000000008005748      0x254 /usr/bin/../lib/gcc/arm-none-eabi/10.3.1/thumb/v7/nofp/libgcc.a(_arm_muldf3.o)
                0x0000000008005748                __aeabi_dmul
                0x0000000008005748                __muldf3
 .text          0x000000000800599c      0x378 /usr/bin/../lib/gcc/arm-none-eabi/10.3.1/thumb/v7/nofp/libgcc.a(_arm_addsubdf3.o)
                0x000000000800599c                __aeabi_drsub
                0x00000000080059a4                __aeabi_dsub
                0x00000000080059a4                __subdf3
                0x00000000080059a8                __adddf3
                0x00000000080059a8                __aeabi_dadd
                0x0000000008005c20                __aeabi_ui2d
                0x0000000008005c20                __floatunsidf
                0x0000000008005c40                __floatsidf
                0x0000000008005c40                __aeabi_i2d
                0x0000000008005c64                __extendsfdf2
                0x0000000008005c64                __aeabi_f2d
                0x0000000008005ca8                __aeabi_ul2d
                0x0000000008005ca8                __floatundidf
                0x0000000008005cb8                __floatdidf
                0x0000000008005cb8                __aeabi_l2d
 .text          0x0000000008005d14       0x50 /usr/bin/../lib/gcc/arm-none-eabi/10.3.1/thumb/v7/nofp/libgcc.a(_arm_fixdfsi.o)
                0x0000000008005d14                __fixdfsi
                0x0000000008005d14                __aeabi_d2iz
 .text          0x0000000008005d64       0x40 /usr/bin/../lib/gcc/arm-none-eabi/10.3.1/thumb/v7/nofp/libgcc.a(_arm_fixunsdfsi.o)
                0x0000000008005d64                __fixunsdfsi
                0x0000000008005d64                __aeabi_d2uiz
 .text          0x0000000008005da4      0x21c /usr/bin/../lib/gcc/arm-none-eabi/10.3.1/thumb/v7/nofp/libgcc.a(_arm_addsubsf3.o)
                0x0000000008005da4                __aeabi_frsub
                0x0000000008005dac                __subsf3
                0x0000000008005dac                __aeabi_fsub
                0x0000000008005db0                __aeabi_fadd
                0x0000000008005db0                __addsf3
                0x0000000008005f10                __aeabi_ui2f
                0x0000000008005f10                __floatunsisf
                0x0000000008005f18                __aeabi_i2f
                0x0000000008005f18                __floatsisf
                0x0000000008005f34                __floatundisf
                0x0000000008005f34                __aeabi_ul2f
                0x0000000008005f44                __floatdisf
                0x0000000008005f44                __aeabi_l2f
 .text          0x0000000008005fc0      0x2a0 /usr/bin/../lib/gcc/arm-none-eabi/10.3.1/thumb/v7/nofp/libgcc.a(_arm_muldivsf3.o)
                0x0000000008005fc0                __mulsf3
                0x0000000008005fc0                __aeabi_fmul
                0x0000000008006128                __divsf3
                0x0000000008006128                __aeabi_fdiv
 .text          0x0000000008006260       0x4c /usr/bin/../lib/gcc/arm-none-eabi/10.3.1/thumb/v7/nofp/libgcc.a(_arm_fixsfsi.o)
                0x0000000008006260                __fixsfsi
                0x0000000008006260                __aeabi_f2iz
 .text          0x00000000080062ac       0x40 /usr/bin/../lib/gcc/arm-none-eabi/10.3.1/thumb/v7/nofp/libgcc.a(_arm_fixunssfsi.o)
                0x00000000080062ac                __aeabi_f2uiz
                0x00000000080062ac                __fixunssfsi
                0x00000000080062ec                . = ALIGN (0x4)
 *(.rodata*)
 .rodata._ZN14Stm32Scheduler5ocMapE
                0x00000000080062ec        0x4 obj/stm32scheduler.o
                0x00000000080062ec                Stm32Scheduler::ocMap
 .rodata.str1.1
                0x00000000080062f0      0xcde obj/params.o
                                        0xcf1 (size before relaxing)
 .rodata._ZN8Terminal10EnableUartEPc.str1.1
                0x0000000008006fce      0xcde obj/terminal.o
                                          0x5 (size before relaxing)
 .rodata._ZN8Terminal8FastUartEPc.str1.1
                0x0000000008006fce       0x17 obj/terminal.o
 .rodata._ZN8Terminal3RunEv.str1.1
                0x0000000008006fe5       0x2f obj/terminal.o
 .rodata._ZN8Terminal6hwInfoE
                0x0000000008007014       0x48 obj/terminal.o
                0x0000000008007014                Terminal::hwInfo
 .rodata._ZTV8Terminal
                0x000000000800705c        0xc obj/terminal.o
                0x000000000800705c                vtable for Terminal
 .rodata._ZL11PrintSerialP8TerminalPc.str1.1
                0x0000000008007068        0xb obj/terminal_prj.o
 .rodata._ZL6MapCanP8TerminalPc.str1.1
                0x0000000008007073      0x12b obj/terminal_prj.o
                                        0x12e (size before relaxing)
 .rodata._ZL11PrintCanMapN5Param9PARAM_NUMEmhhfb.str1.1
                0x000000000800719e       0x1e obj/terminal_prj.o
 .rodata._ZL15PrintParamsJsonP8TerminalPc.str1.1
                0x00000000080071bc       0x8d obj/terminal_prj.o
 .rodata._ZL12LoadDefaultsP8TerminalPc.str1.1
                0x0000000008007249       0x12 obj/terminal_prj.o
 .rodata.str1.1
                0x000000000800725b       0x3b obj/terminal_prj.o
                                         0x44 (size before relaxing)
 *fill*         0x0000000008007296        0x2 
 .rodata.termCmds
                0x0000000008007298       0x68 obj/terminal_prj.o
                0x0000000008007298                termCmds
 .rodata.CSWTCH.1
                0x0000000008007300        0x5 obj/digio.o
 .rodata.CSWTCH.2
                0x0000000008007305        0x5 obj/digio.o
 .rodata.CSWTCH.3
                0x000000000800730a        0x5 obj/digio.o
 .rodata._ZL5printP8IPutCharPKcSt9__va_list.str1.1
                0x000000000800730f        0x7 obj/printf.o
 *fill*         0x0000000008007316        0x2 
 .rodata._ZTV13ExternPutChar
                0x0000000008007318        0xc obj/printf.o
                0x0000000008007318                vtable for ExternPutChar
 .rodata._ZN12ErrorMessage10PrintErrorEm17ERROR_MESSAGE_NUM.str1.1
                0x0000000008007324       0x10 obj/errormessage.o
 .rodata._ZN12ErrorMessage14PrintAllErrorsEv.str1.1
                0x0000000008007334        0xc obj/errormessage.o
 .rodata.str1.1
                0x0000000008007340       0x47 obj/errormessage.o
                                         0x48 (size before relaxing)
 *fill*         0x0000000008007387        0x1 
 .rodata._ZL16errorDescriptors
                0x0000000008007388       0x18 obj/errormessage.o
 .rodata._ZL5types
                0x00000000080073a0        0xc obj/errormessage.o
 .rodata._ZL8canSpeed
                0x00000000080073ac       0x3c obj/stm32_can.o
 .rodata._ZN16TerminalCommands8ParamSetEP8TerminalPc.str1.1
                0x00000000080073e8       0x50 obj/terminalcommands.o
 .rodata._ZN16TerminalCommands8ParamGetEP8TerminalPc.str1.1
                0x0000000008007438       0x1a obj/terminalcommands.o
                                         0x1f (size before relaxing)
 .rodata._ZN16TerminalCommands9ParamFlagEP8TerminalPc.str1.1
                0x0000000008007452       0x37 obj/terminalcommands.o
 .rodata._ZN16TerminalCommands11ParamStreamEP8TerminalPc.str1.1
                0x0000000008007489       0x24 obj/terminalcommands.o
                                         0x3e (size before relaxing)
 .rodata._ZN16TerminalCommands14SaveParametersEP8TerminalPc.str1.1
                0x00000000080074ad       0x2c obj/terminalcommands.o
 .rodata._ZN16TerminalCommands14LoadParametersEP8TerminalPc.str1.1
                0x00000000080074d9       0x2a obj/terminalcommands.o
                0x0000000008007504                . = ALIGN (0x4)
 *fill*         0x0000000008007503        0x1 

.glue_7         0x0000000008007504        0x0
 .glue_7        0x0000000008007504        0x0 linker stubs

.glue_7t        0x0000000008007504        0x0
 .glue_7t       0x0000000008007504        0x0 linker stubs

.vfp11_veneer   0x0000000008007504        0x0
 .vfp11_veneer  0x0000000008007504        0x0 linker stubs

.v4_bx          0x0000000008007504        0x0
 .v4_bx         0x0000000008007504        0x0 linker stubs

.iplt           0x0000000008007504        0x0
 .iplt          0x0000000008007504        0x0 obj/main.o

.rel.dyn        0x0000000008007504        0x0
 .rel.iplt      0x0000000008007504        0x0 obj/main.o

.preinit_array  0x0000000008007504        0x0
                0x0000000008007504                . = ALIGN (0x4)
                0x0000000008007504                __preinit_array_start = .
 *(.preinit_array)
                0x0000000008007504                __preinit_array_end = .

.init_array     0x0000000008007504        0xc
                0x0000000008007504                . = ALIGN (0x4)
                0x0000000008007504                __init_array_start = .
 *(SORT_BY_NAME(.init_array.*))
 *(.init_array)
 .init_array    0x0000000008007504        0x4 obj/params.o
 .init_array    0x0000000008007508        0x4 obj/sine_core.o
 .init_array    0x000000000800750c        0x4 obj/anain.o
                0x0000000008007510                __init_array_end = .

.fini_array     0x0000000008007510        0x0
                0x0000000008007510                . = ALIGN (0x4)
                0x0000000008007510                __fini_array_start = .
 *(.fini_array)
 *(SORT_BY_NAME(.fini_array.*))
                0x0000000008007510                __fini_array_end = .

.ARM.extab
 *(.ARM.extab*)

.ARM.exidx      0x0000000008007510        0x0
                0x0000000008007510                __exidx_start = .
 *(.ARM.exidx*)
                0x0000000008007510                __exidx_end = .
                0x0000000008007510                . = ALIGN (0x4)
                0x0000000008007510                _etext = .

.data           0x0000000020000000      0x6f4 load address 0x0000000008007510
                0x0000000020000000                _data = .
 *(.data*)
 .data._ZN5ParamL6valuesE
                0x0000000020000000       0xd8 obj/params.o
 .data._ZN5ParamL7attribsE
                0x00000000200000d8      0x5e8 obj/params.o
 .data.errorBuffer
                0x00000000200006c0       0x20 obj/errormessage.o
                0x00000000200006c0                errorBuffer
 .data.errorListString
                0x00000000200006e0        0x4 obj/errormessage.o
                0x00000000200006e0                errorListString
 .data.Backup2c4
                0x00000000200006e4        0x1 obj/PCSCan.o
                0x00000000200006e4                Backup2c4
 .data.mux3b2   0x00000000200006e5        0x1 obj/PCSCan.o
                0x00000000200006e5                mux3b2
 .data.mux545   0x00000000200006e6        0x1 obj/PCSCan.o
                0x00000000200006e6                mux545
 *fill*         0x00000000200006e7        0x1 
 .data.rcc_ahb_frequency
                0x00000000200006e8        0x4 libopencm3/lib/libopencm3_stm32f1.a(rcc.o)
                0x00000000200006e8                rcc_ahb_frequency
 .data.rcc_apb1_frequency
                0x00000000200006ec        0x4 libopencm3/lib/libopencm3_stm32f1.a(rcc.o)
                0x00000000200006ec                rcc_apb1_frequency
 .data.rcc_apb2_frequency
                0x00000000200006f0        0x4 libopencm3/lib/libopencm3_stm32f1.a(rcc.o)
                0x00000000200006f0                rcc_apb2_frequency
                0x00000000200006f4                . = ALIGN (0x4)
                0x00000000200006f4                _edata = .
                0x0000000008007510                _data_loadaddr = LOADADDR (.data)

.igot.plt       0x00000000200006f4        0x0 load address 0x0000000008007c04
 .igot.plt      0x00000000200006f4        0x0 obj/main.o

.bss            0x00000000200006f4      0x140 load address 0x0000000008007c04
 *(.bss*)
 .bss._ZL10CAN_Enable
                0x00000000200006f4        0x1 obj/main.o
 *fill*         0x00000000200006f5        0x3 
 .bss._ZL9scheduler
                0x00000000200006f8        0x4 obj/main.o
 .bss._ZL9startTime
                0x00000000200006fc        0x4 obj/main.o
 .bss._ZZL12CheckVoltagevE7timeout
                0x0000000020000700        0x4 obj/main.o
 .bss._ZZL19ChargerStateMachinevE5state
                0x0000000020000704        0x1 obj/main.o
 .bss._ZN5ParamL5flagsE
                0x0000000020000705       0x36 obj/params.o
 *fill*         0x000000002000073b        0x1 
 .bss._ZN8Terminal15defaultTerminalE
                0x000000002000073c        0x4 obj/terminal.o
                0x000000002000073c                Terminal::defaultTerminal
 .bss._ZL7curTerm
                0x0000000020000740        0x4 obj/terminal_prj.o
 .bss._ZN5DigIo10acpres_outE
                0x0000000020000744        0x8 obj/digio.o
                0x0000000020000744                DigIo::acpres_out
 .bss._ZN5DigIo10pcsena_outE
                0x000000002000074c        0x8 obj/digio.o
                0x000000002000074c                DigIo::pcsena_out
 .bss._ZN5DigIo11dcdcena_outE
                0x0000000020000754        0x8 obj/digio.o
                0x0000000020000754                DigIo::dcdcena_out
 .bss._ZN5DigIo11evseact_outE
                0x000000002000075c        0x8 obj/digio.o
                0x000000002000075c                DigIo::evseact_out
 .bss._ZN5DigIo5d2_inE
                0x0000000020000764        0x8 obj/digio.o
                0x0000000020000764                DigIo::d2_in
 .bss._ZN5DigIo7led_outE
                0x000000002000076c        0x8 obj/digio.o
                0x000000002000076c                DigIo::led_out
 .bss._ZN5DigIo9chena_outE
                0x0000000020000774        0x8 obj/digio.o
                0x0000000020000774                DigIo::chena_out
 .bss._ZN5DigIo9enable_inE
                0x000000002000077c        0x8 obj/digio.o
                0x000000002000077c                DigIo::enable_in
 .bss._ZN5DigIo9hvena_outE
                0x0000000020000784        0x8 obj/digio.o
                0x0000000020000784                DigIo::hvena_out
 .bss._ZN8SineCore11ZERO_OFFSETE
                0x000000002000078c        0x2 obj/sine_core.o
                0x000000002000078c                SineCore::ZERO_OFFSET
 .bss._ZN5AnaIn13channel_arrayE
                0x000000002000078e        0x2 obj/anain.o
                0x000000002000078e                AnaIn::channel_array
 .bss._ZN5AnaIn4uauxE
                0x0000000020000790        0x4 obj/anain.o
                0x0000000020000790                AnaIn::uaux
 .bss._ZN5AnaIn6valuesE
                0x0000000020000794       0x30 obj/anain.o
                0x0000000020000794                AnaIn::values
 .bss._ZN5AnaIn8cablelimE
                0x00000000200007c4        0x4 obj/anain.o
                0x00000000200007c4                AnaIn::cablelim
 .bss._ZN12ErrorMessage8timeTickE
                0x00000000200007c8        0x4 obj/errormessage.o
                0x00000000200007c8                ErrorMessage::timeTick
 .bss._ZN3Can10interfacesE
                0x00000000200007cc        0x8 obj/stm32_can.o
                0x00000000200007cc                Can::interfaces
 .bss._ZN3Can8isSavingE
                0x00000000200007d4        0x1 obj/stm32_can.o
                0x00000000200007d4                Can::isSaving
 *fill*         0x00000000200007d5        0x1 
 .bss.ACAmps    0x00000000200007d6        0x2 obj/PCSCan.o
                0x00000000200007d6                ACAmps
 .bss.ACILim    0x00000000200007d8        0x1 obj/PCSCan.o
                0x00000000200007d8                ACILim
 *fill*         0x00000000200007d9        0x1 
 .bss.ACLim     0x00000000200007da        0x2 obj/PCSCan.o
                0x00000000200007da                ACLim
 .bss.ACPwr     0x00000000200007dc        0x4 obj/PCSCan.o
                0x00000000200007dc                ACPwr
 .bss.ACVolts   0x00000000200007e0        0x2 obj/PCSCan.o
                0x00000000200007e0                ACVolts
 .bss.ATemp     0x00000000200007e2        0x2 obj/PCSCan.o
                0x00000000200007e2                ATemp
 .bss.AlertCANId
                0x00000000200007e4        0x2 obj/PCSCan.o
                0x00000000200007e4                AlertCANId
 .bss.AlertRxError
                0x00000000200007e6        0x1 obj/PCSCan.o
                0x00000000200007e6                AlertRxError
 *fill*         0x00000000200007e7        0x1 
 .bss.AmbTemp   0x00000000200007e8        0x2 obj/PCSCan.o
                0x00000000200007e8                AmbTemp
 .bss.BTemp     0x00000000200007ea        0x2 obj/PCSCan.o
                0x00000000200007ea                BTemp
 .bss.CTemp     0x00000000200007ec        0x2 obj/PCSCan.o
                0x00000000200007ec                CTemp
 *fill*         0x00000000200007ee        0x2 
 .bss.ChgPavail
                0x00000000200007f0        0x4 obj/PCSCan.o
                0x00000000200007f0                ChgPavail
 .bss.Count545  0x00000000200007f4        0x1 obj/PCSCan.o
                0x00000000200007f4                Count545
 *fill*         0x00000000200007f5        0x1 
 .bss.DCDCAmps  0x00000000200007f6        0x2 obj/PCSCan.o
                0x00000000200007f6                DCDCAmps
 .bss.DCDCBTemp
                0x00000000200007f8        0x2 obj/PCSCan.o
                0x00000000200007f8                DCDCBTemp
 *fill*         0x00000000200007fa        0x2 
 .bss.DCDCPwr   0x00000000200007fc        0x4 obj/PCSCan.o
                0x00000000200007fc                DCDCPwr
 .bss.DCDCSpnt  0x0000000020000800        0x2 obj/PCSCan.o
                0x0000000020000800                DCDCSpnt
 .bss.DCDCTemp  0x0000000020000802        0x2 obj/PCSCan.o
                0x0000000020000802                DCDCTemp
 .bss.GotDCI    0x0000000020000804        0x1 obj/PCSCan.o
                0x0000000020000804                GotDCI
 *fill*         0x0000000020000805        0x1 
 .bss.HVVolts   0x0000000020000806        0x2 obj/PCSCan.o
                0x0000000020000806                HVVolts
 .bss.IOut_PhA  0x0000000020000808        0x4 obj/PCSCan.o
                0x0000000020000808                IOut_PhA
 .bss.IOut_PhB  0x000000002000080c        0x4 obj/PCSCan.o
                0x000000002000080c                IOut_PhB
 .bss.IOut_PhC  0x0000000020000810        0x4 obj/PCSCan.o
                0x0000000020000810                IOut_PhC
 .bss.IOut_Total
                0x0000000020000814        0x4 obj/PCSCan.o
                0x0000000020000814                IOut_Total
 .bss.LVVolts   0x0000000020000818        0x4 obj/PCSCan.o
                0x0000000020000818                LVVolts
 .bss.PCSAlertId
                0x000000002000081c        0x1 obj/PCSCan.o
                0x000000002000081c                PCSAlertId
 .bss.PCSAlertPage
                0x000000002000081d        0x1 obj/PCSCan.o
                0x000000002000081d                PCSAlertPage
 .bss.PCSBootId
                0x000000002000081e        0x1 obj/PCSCan.o
                0x000000002000081e                PCSBootId
 .bss.PCSGrid   0x000000002000081f        0x1 obj/PCSCan.o
                0x000000002000081f                PCSGrid
 .bss.PCS_AlertCnt
                0x0000000020000820        0x1 obj/PCSCan.o
                0x0000000020000820                PCS_AlertCnt
 .bss.PCS_CHG_STAT
                0x0000000020000821        0x1 obj/PCSCan.o
                0x0000000020000821                PCS_CHG_STAT
 .bss.PCS_HW    0x0000000020000822        0x1 obj/PCSCan.o
                0x0000000020000822                PCS_HW
 *fill*         0x0000000020000823        0x1 
 .bss.PCS_Power_Req
                0x0000000020000824        0x2 obj/PCSCan.o
                0x0000000020000824                PCS_Power_Req
 .bss.Short2B2  0x0000000020000826        0x1 obj/PCSCan.o
                0x0000000020000826                Short2B2
 .bss._ZL16pcs_alert_matrix
                0x0000000020000827        0xa obj/PCSCan.o
 .bss.mux2C4    0x0000000020000831        0x1 obj/PCSCan.o
                0x0000000020000831                mux2C4
 .bss.mux76C    0x0000000020000832        0x1 obj/PCSCan.o
                0x0000000020000832                mux76C
 *(COMMON)
                0x0000000020000834                . = ALIGN (0x4)
 *fill*         0x0000000020000833        0x1 
                0x0000000020000834                _ebss = .

/DISCARD/
 *(.eh_frame)
                0x0000000020000834                . = ALIGN (0x4)
                0x0000000020000834                end = .
                0x0000000020005000                PROVIDE (_stack = (ORIGIN (ram) + LENGTH (ram)))
OUTPUT(stm32_m3pcs elf32-littlearm)
LOAD linker stubs

.comment        0x0000000000000000       0x49
 .comment       0x0000000000000000       0x49 obj/main.o
                                         0x4a (size before relaxing)
 .comment       0x0000000000000049       0x4a obj/hwinit.o
 .comment       0x0000000000000049       0x4a obj/stm32scheduler.o
 .comment       0x0000000000000049       0x4a obj/params.o
 .comment       0x0000000000000049       0x4a obj/terminal.o
 .comment       0x0000000000000049       0x4a obj/terminal_prj.o
 .comment       0x0000000000000049       0x4a obj/my_string.o
 .comment       0x0000000000000049       0x4a obj/digio.o
 .comment       0x0000000000000049       0x4a obj/sine_core.o
 .comment       0x0000000000000049       0x4a obj/my_fp.o
 .comment       0x0000000000000049       0x4a obj/printf.o
 .comment       0x0000000000000049       0x4a obj/anain.o
 .comment       0x0000000000000049       0x4a obj/param_save.o
 .comment       0x0000000000000049       0x4a obj/errormessage.o
 .comment       0x0000000000000049       0x4a obj/stm32_can.o
 .comment       0x0000000000000049       0x4a obj/terminalcommands.o
 .comment       0x0000000000000049       0x4a obj/PCSCan.o
 .comment       0x0000000000000049       0x4a libopencm3/lib/libopencm3_stm32f1.a(adc.o)
 .comment       0x0000000000000049       0x4a libopencm3/lib/libopencm3_stm32f1.a(adc_common_v1.o)
 .comment       0x0000000000000049       0x4a libopencm3/lib/libopencm3_stm32f1.a(can.o)
 .comment       0x0000000000000049       0x4a libopencm3/lib/libopencm3_stm32f1.a(crc_common_all.o)
 .comment       0x0000000000000049       0x4a libopencm3/lib/libopencm3_stm32f1.a(desig_common_v1.o)
 .comment       0x0000000000000049       0x4a libopencm3/lib/libopencm3_stm32f1.a(dma_common_l1f013.o)
 .comment       0x0000000000000049       0x4a libopencm3/lib/libopencm3_stm32f1.a(flash.o)
 .comment       0x0000000000000049       0x4a libopencm3/lib/libopencm3_stm32f1.a(flash_common_all.o)
 .comment       0x0000000000000049       0x4a libopencm3/lib/libopencm3_stm32f1.a(flash_common_f.o)
 .comment       0x0000000000000049       0x4a libopencm3/lib/libopencm3_stm32f1.a(flash_common_f01.o)
 .comment       0x0000000000000049       0x4a libopencm3/lib/libopencm3_stm32f1.a(gpio.o)
 .comment       0x0000000000000049       0x4a libopencm3/lib/libopencm3_stm32f1.a(gpio_common_all.o)
 .comment       0x0000000000000049       0x4a libopencm3/lib/libopencm3_stm32f1.a(iwdg_common_all.o)
 .comment       0x0000000000000049       0x4a libopencm3/lib/libopencm3_stm32f1.a(rcc.o)
 .comment       0x0000000000000049       0x4a libopencm3/lib/libopencm3_stm32f1.a(rcc_common_all.o)
 .comment       0x0000000000000049       0x4a libopencm3/lib/libopencm3_stm32f1.a(rtc.o)
 .comment       0x0000000000000049       0x4a libopencm3/lib/libopencm3_stm32f1.a(timer_common_all.o)
 .comment       0x0000000000000049       0x4a libopencm3/lib/libopencm3_stm32f1.a(usart_common_all.o)
 .comment       0x0000000000000049       0x4a libopencm3/lib/libopencm3_stm32f1.a(usart_common_f124.o)
 .comment       0x0000000000000049       0x4a libopencm3/lib/libopencm3_stm32f1.a(vector.o)
 .comment       0x0000000000000049       0x4a libopencm3/lib/libopencm3_stm32f1.a(scb.o)
 .comment       0x0000000000000049       0x4a libopencm3/lib/libopencm3_stm32f1.a(nvic.o)
 .comment       0x0000000000000049       0x4a libopencm3/lib/libopencm3_stm32f1.a(pwr_common_v1.o)

.ARM.attributes
                0x0000000000000000       0x2d
 .ARM.attributes
                0x0000000000000000       0x2d obj/main.o
 .ARM.attributes
                0x000000000000002d       0x2d obj/hwinit.o
 .ARM.attributes
                0x000000000000005a       0x2d obj/stm32scheduler.o
 .ARM.attributes
                0x0000000000000087       0x2d obj/params.o
 .ARM.attributes
                0x00000000000000b4       0x2d obj/terminal.o
 .ARM.attributes
                0x00000000000000e1       0x2d obj/terminal_prj.o
 .ARM.attributes
                0x000000000000010e       0x2d obj/my_string.o
 .ARM.attributes
                0x000000000000013b       0x2d obj/digio.o
 .ARM.attributes
                0x0000000000000168       0x2d obj/sine_core.o
 .ARM.attributes
                0x0000000000000195       0x2d obj/my_fp.o
 .ARM.attributes
                0x00000000000001c2       0x2d obj/printf.o
 .ARM.attributes
                0x00000000000001ef       0x2d obj/anain.o
 .ARM.attributes
                0x000000000000021c       0x2d obj/param_save.o
 .ARM.attributes
                0x0000000000000249       0x2d obj/errormessage.o
 .ARM.attributes
                0x0000000000000276       0x2d obj/stm32_can.o
 .ARM.attributes
                0x00000000000002a3       0x2d obj/terminalcommands.o
 .ARM.attributes
                0x00000000000002d0       0x2d obj/PCSCan.o
 .ARM.attributes
                0x00000000000002fd       0x2d libopencm3/lib/libopencm3_stm32f1.a(adc.o)
 .ARM.attributes
                0x000000000000032a       0x2d libopencm3/lib/libopencm3_stm32f1.a(adc_common_v1.o)
 .ARM.attributes
                0x0000000000000357       0x2d libopencm3/lib/libopencm3_stm32f1.a(can.o)
 .ARM.attributes
                0x0000000000000384       0x2d libopencm3/lib/libopencm3_stm32f1.a(crc_common_all.o)
 .ARM.attributes
                0x00000000000003b1       0x2d libopencm3/lib/libopencm3_stm32f1.a(desig_common_v1.o)
 .ARM.attributes
                0x00000000000003de       0x2d libopencm3/lib/libopencm3_stm32f1.a(dma_common_l1f013.o)
 .ARM.attributes
                0x000000000000040b       0x2d libopencm3/lib/libopencm3_stm32f1.a(flash.o)
 .ARM.attributes
                0x0000000000000438       0x2d libopencm3/lib/libopencm3_stm32f1.a(flash_common_all.o)
 .ARM.attributes
                0x0000000000000465       0x2d libopencm3/lib/libopencm3_stm32f1.a(flash_common_f.o)
 .ARM.attributes
                0x0000000000000492       0x2d libopencm3/lib/libopencm3_stm32f1.a(flash_common_f01.o)
 .ARM.attributes
                0x00000000000004bf       0x2d libopencm3/lib/libopencm3_stm32f1.a(gpio.o)
 .ARM.attributes
                0x00000000000004ec       0x2d libopencm3/lib/libopencm3_stm32f1.a(gpio_common_all.o)
 .ARM.attributes
                0x0000000000000519       0x2d libopencm3/lib/libopencm3_stm32f1.a(iwdg_common_all.o)
 .ARM.attributes
                0x0000000000000546       0x2d libopencm3/lib/libopencm3_stm32f1.a(rcc.o)
 .ARM.attributes
                0x0000000000000573       0x2d libopencm3/lib/libopencm3_stm32f1.a(rcc_common_all.o)
 .ARM.attributes
                0x00000000000005a0       0x2d libopencm3/lib/libopencm3_stm32f1.a(rtc.o)
 .ARM.attributes
                0x00000000000005cd       0x2d libopencm3/lib/libopencm3_stm32f1.a(timer_common_all.o)
 .ARM.attributes
                0x00000000000005fa       0x2d libopencm3/lib/libopencm3_stm32f1.a(usart_common_all.o)
 .ARM.attributes
                0x0000000000000627       0x2d libopencm3/lib/libopencm3_stm32f1.a(usart_common_f124.o)
 .ARM.attributes
                0x0000000000000654       0x2d libopencm3/lib/libopencm3_stm32f1.a(vector.o)
 .ARM.attributes
                0x0000000000000681       0x2d libopencm3/lib/libopencm3_stm32f1.a(scb.o)
 .ARM.attributes
                0x00000000000006ae       0x2d libopencm3/lib/libopencm3_stm32f1.a(nvic.o)
 .ARM.attributes
                0x00000000000006db       0x2d libopencm3/lib/libopencm3_stm32f1.a(pwr_common_v1.o)
 .ARM.attributes
                0x0000000000000708       0x19 /usr/bin/../lib/gcc/arm-none-eabi/10.3.1/thumb/v7/nofp/libgcc.a(_arm_muldf3.o)
 .ARM.attributes
                0x0000000000000721       0x19 /usr/bin/../lib/gcc/arm-none-eabi/10.3.1/thumb/v7/nofp/libgcc.a(_arm_addsubdf3.o)
 .ARM.attributes
                0x000000000000073a       0x19 /usr/bin/../lib/gcc/arm-none-eabi/10.3.1/thumb/v7/nofp/libgcc.a(_arm_fixdfsi.o)
 .ARM.attributes
                0x0000000000000753       0x19 /usr/bin/../lib/gcc/arm-none-eabi/10.3.1/thumb/v7/nofp/libgcc.a(_arm_fixunsdfsi.o)
 .ARM.attributes
                0x000000000000076c       0x19 /usr/bin/../lib/gcc/arm-none-eabi/10.3.1/thumb/v7/nofp/libgcc.a(_arm_addsubsf3.o)
 .ARM.attributes
                0x0000000000000785       0x19 /usr/bin/../lib/gcc/arm-none-eabi/10.3.1/thumb/v7/nofp/libgcc.a(_arm_muldivsf3.o)
 .ARM.attributes
                0x000000000000079e       0x19 /usr/bin/../lib/gcc/arm-none-eabi/10.3.1/thumb/v7/nofp/libgcc.a(_arm_fixsfsi.o)
 .ARM.attributes
                0x00000000000007b7       0x19 /usr/bin/../lib/gcc/arm-none-eabi/10.3.1/thumb/v7/nofp/libgcc.a(_arm_fixunssfsi.o)

.debug_info     0x0000000000000000     0x6ce2
 .debug_info    0x0000000000000000      0x3cf libopencm3/lib/libopencm3_stm32f1.a(adc.o)
 .debug_info    0x00000000000003cf      0x919 libopencm3/lib/libopencm3_stm32f1.a(adc_common_v1.o)
 .debug_info    0x0000000000000ce8      0xb9b libopencm3/lib/libopencm3_stm32f1.a(can.o)
 .debug_info    0x0000000000001883      0x11e libopencm3/lib/libopencm3_stm32f1.a(crc_common_all.o)
 .debug_info    0x00000000000019a1       0xe7 libopencm3/lib/libopencm3_stm32f1.a(desig_common_v1.o)
 .debug_info    0x0000000000001a88      0x7e2 libopencm3/lib/libopencm3_stm32f1.a(dma_common_l1f013.o)
 .debug_info    0x000000000000226a      0x356 libopencm3/lib/libopencm3_stm32f1.a(flash.o)
 .debug_info    0x00000000000025c0       0xf6 libopencm3/lib/libopencm3_stm32f1.a(flash_common_all.o)
 .debug_info    0x00000000000026b6       0xbe libopencm3/lib/libopencm3_stm32f1.a(flash_common_f.o)
 .debug_info    0x0000000000002774      0x209 libopencm3/lib/libopencm3_stm32f1.a(flash_common_f01.o)
 .debug_info    0x000000000000297d      0x210 libopencm3/lib/libopencm3_stm32f1.a(gpio.o)
 .debug_info    0x0000000000002b8d      0x266 libopencm3/lib/libopencm3_stm32f1.a(gpio_common_all.o)
 .debug_info    0x0000000000002df3      0x17c libopencm3/lib/libopencm3_stm32f1.a(iwdg_common_all.o)
 .debug_info    0x0000000000002f6f     0x10f2 libopencm3/lib/libopencm3_stm32f1.a(rcc.o)
 .debug_info    0x0000000000004061      0x5dc libopencm3/lib/libopencm3_stm32f1.a(rcc_common_all.o)
 .debug_info    0x000000000000463d      0x70a libopencm3/lib/libopencm3_stm32f1.a(rtc.o)
 .debug_info    0x0000000000004d47     0x112d libopencm3/lib/libopencm3_stm32f1.a(timer_common_all.o)
 .debug_info    0x0000000000005e74      0x508 libopencm3/lib/libopencm3_stm32f1.a(usart_common_all.o)
 .debug_info    0x000000000000637c      0x19e libopencm3/lib/libopencm3_stm32f1.a(usart_common_f124.o)
 .debug_info    0x000000000000651a      0x2dd libopencm3/lib/libopencm3_stm32f1.a(vector.o)
 .debug_info    0x00000000000067f7       0xde libopencm3/lib/libopencm3_stm32f1.a(scb.o)
 .debug_info    0x00000000000068d5      0x251 libopencm3/lib/libopencm3_stm32f1.a(nvic.o)
 .debug_info    0x0000000000006b26      0x1bc libopencm3/lib/libopencm3_stm32f1.a(pwr_common_v1.o)

.debug_abbrev   0x0000000000000000     0x1a4f
 .debug_abbrev  0x0000000000000000      0x192 libopencm3/lib/libopencm3_stm32f1.a(adc.o)
 .debug_abbrev  0x0000000000000192      0x181 libopencm3/lib/libopencm3_stm32f1.a(adc_common_v1.o)
 .debug_abbrev  0x0000000000000313      0x2ae libopencm3/lib/libopencm3_stm32f1.a(can.o)
 .debug_abbrev  0x00000000000005c1       0xb6 libopencm3/lib/libopencm3_stm32f1.a(crc_common_all.o)
 .debug_abbrev  0x0000000000000677       0x91 libopencm3/lib/libopencm3_stm32f1.a(desig_common_v1.o)
 .debug_abbrev  0x0000000000000708      0x161 libopencm3/lib/libopencm3_stm32f1.a(dma_common_l1f013.o)
 .debug_abbrev  0x0000000000000869      0x13b libopencm3/lib/libopencm3_stm32f1.a(flash.o)
 .debug_abbrev  0x00000000000009a4       0x97 libopencm3/lib/libopencm3_stm32f1.a(flash_common_all.o)
 .debug_abbrev  0x0000000000000a3b       0x56 libopencm3/lib/libopencm3_stm32f1.a(flash_common_f.o)
 .debug_abbrev  0x0000000000000a91       0xcb libopencm3/lib/libopencm3_stm32f1.a(flash_common_f01.o)
 .debug_abbrev  0x0000000000000b5c       0xd0 libopencm3/lib/libopencm3_stm32f1.a(gpio.o)
 .debug_abbrev  0x0000000000000c2c      0x116 libopencm3/lib/libopencm3_stm32f1.a(gpio_common_all.o)
 .debug_abbrev  0x0000000000000d42      0x112 libopencm3/lib/libopencm3_stm32f1.a(iwdg_common_all.o)
 .debug_abbrev  0x0000000000000e54      0x264 libopencm3/lib/libopencm3_stm32f1.a(rcc.o)
 .debug_abbrev  0x00000000000010b8      0x14a libopencm3/lib/libopencm3_stm32f1.a(rcc_common_all.o)
 .debug_abbrev  0x0000000000001202      0x1af libopencm3/lib/libopencm3_stm32f1.a(rtc.o)
 .debug_abbrev  0x00000000000013b1      0x19e libopencm3/lib/libopencm3_stm32f1.a(timer_common_all.o)
 .debug_abbrev  0x000000000000154f      0x129 libopencm3/lib/libopencm3_stm32f1.a(usart_common_all.o)
 .debug_abbrev  0x0000000000001678       0xb5 libopencm3/lib/libopencm3_stm32f1.a(usart_common_f124.o)
 .debug_abbrev  0x000000000000172d      0x145 libopencm3/lib/libopencm3_stm32f1.a(vector.o)
 .debug_abbrev  0x0000000000001872       0x89 libopencm3/lib/libopencm3_stm32f1.a(scb.o)
 .debug_abbrev  0x00000000000018fb       0xb5 libopencm3/lib/libopencm3_stm32f1.a(nvic.o)
 .debug_abbrev  0x00000000000019b0       0x9f libopencm3/lib/libopencm3_stm32f1.a(pwr_common_v1.o)

.debug_loc      0x0000000000000000     0x2bdd
 .debug_loc     0x0000000000000000      0x1f4 libopencm3/lib/libopencm3_stm32f1.a(adc.o)
 .debug_loc     0x00000000000001f4      0x44e libopencm3/lib/libopencm3_stm32f1.a(adc_common_v1.o)
 .debug_loc     0x0000000000000642      0xae1 libopencm3/lib/libopencm3_stm32f1.a(can.o)
 .debug_loc     0x0000000000001123       0x94 libopencm3/lib/libopencm3_stm32f1.a(crc_common_all.o)
 .debug_loc     0x00000000000011b7       0x33 libopencm3/lib/libopencm3_stm32f1.a(desig_common_v1.o)
 .debug_loc     0x00000000000011ea      0x785 libopencm3/lib/libopencm3_stm32f1.a(dma_common_l1f013.o)
 .debug_loc     0x000000000000196f       0x90 libopencm3/lib/libopencm3_stm32f1.a(flash.o)
 .debug_loc     0x00000000000019ff       0x15 libopencm3/lib/libopencm3_stm32f1.a(flash_common_all.o)
 .debug_loc     0x0000000000001a14       0xca libopencm3/lib/libopencm3_stm32f1.a(flash_common_f01.o)
 .debug_loc     0x0000000000001ade      0x14c libopencm3/lib/libopencm3_stm32f1.a(gpio.o)
 .debug_loc     0x0000000000001c2a       0xbe libopencm3/lib/libopencm3_stm32f1.a(gpio_common_all.o)
 .debug_loc     0x0000000000001ce8       0xbf libopencm3/lib/libopencm3_stm32f1.a(iwdg_common_all.o)
 .debug_loc     0x0000000000001da7      0x2f6 libopencm3/lib/libopencm3_stm32f1.a(rcc.o)
 .debug_loc     0x000000000000209d       0x6f libopencm3/lib/libopencm3_stm32f1.a(rcc_common_all.o)
 .debug_loc     0x000000000000210c      0x268 libopencm3/lib/libopencm3_stm32f1.a(rtc.o)
 .debug_loc     0x0000000000002374      0x3e9 libopencm3/lib/libopencm3_stm32f1.a(timer_common_all.o)
 .debug_loc     0x000000000000275d      0x14d libopencm3/lib/libopencm3_stm32f1.a(usart_common_all.o)
 .debug_loc     0x00000000000028aa       0x99 libopencm3/lib/libopencm3_stm32f1.a(usart_common_f124.o)
 .debug_loc     0x0000000000002943      0x128 libopencm3/lib/libopencm3_stm32f1.a(vector.o)
 .debug_loc     0x0000000000002a6b       0x25 libopencm3/lib/libopencm3_stm32f1.a(scb.o)
 .debug_loc     0x0000000000002a90      0x14d libopencm3/lib/libopencm3_stm32f1.a(nvic.o)

.debug_aranges  0x0000000000000000      0xca8
 .debug_aranges
                0x0000000000000000       0x98 libopencm3/lib/libopencm3_stm32f1.a(adc.o)
 .debug_aranges
                0x0000000000000098      0x158 libopencm3/lib/libopencm3_stm32f1.a(adc_common_v1.o)
 .debug_aranges
                0x00000000000001f0       0x88 libopencm3/lib/libopencm3_stm32f1.a(can.o)
 .debug_aranges
                0x0000000000000278       0x30 libopencm3/lib/libopencm3_stm32f1.a(crc_common_all.o)
 .debug_aranges
                0x00000000000002a8       0x28 libopencm3/lib/libopencm3_stm32f1.a(desig_common_v1.o)
 .debug_aranges
                0x00000000000002d0       0xe8 libopencm3/lib/libopencm3_stm32f1.a(dma_common_l1f013.o)
 .debug_aranges
                0x00000000000003b8       0x78 libopencm3/lib/libopencm3_stm32f1.a(flash.o)
 .debug_aranges
                0x0000000000000430       0x38 libopencm3/lib/libopencm3_stm32f1.a(flash_common_all.o)
 .debug_aranges
                0x0000000000000468       0x30 libopencm3/lib/libopencm3_stm32f1.a(flash_common_f.o)
 .debug_aranges
                0x0000000000000498       0x48 libopencm3/lib/libopencm3_stm32f1.a(flash_common_f01.o)
 .debug_aranges
                0x00000000000004e0       0x38 libopencm3/lib/libopencm3_stm32f1.a(gpio.o)
 .debug_aranges
                0x0000000000000518       0x50 libopencm3/lib/libopencm3_stm32f1.a(gpio_common_all.o)
 .debug_aranges
                0x0000000000000568       0x40 libopencm3/lib/libopencm3_stm32f1.a(iwdg_common_all.o)
 .debug_aranges
                0x00000000000005a8      0x150 libopencm3/lib/libopencm3_stm32f1.a(rcc.o)
 .debug_aranges
                0x00000000000006f8       0x58 libopencm3/lib/libopencm3_stm32f1.a(rcc_common_all.o)
 .debug_aranges
                0x0000000000000750       0xa0 libopencm3/lib/libopencm3_stm32f1.a(rtc.o)
 .debug_aranges
                0x00000000000007f0      0x270 libopencm3/lib/libopencm3_stm32f1.a(timer_common_all.o)
 .debug_aranges
                0x0000000000000a60       0xb8 libopencm3/lib/libopencm3_stm32f1.a(usart_common_all.o)
 .debug_aranges