Archive member included to satisfy reference by file (symbol)

libopencm3/lib/libopencm3_stm32f1.a(adc.o)
                              obj/anain.o (adc_power_on)
libopencm3/lib/libopencm3_stm32f1.a(adc_common_v1.o)
                              obj/anain.o (adc_power_off)
libopencm3/lib/libopencm3_stm32f1.a(can.o)
                              obj/stm32_can.o (can_reset)
libopencm3/lib/libopencm3_stm32f1.a(crc_common_all.o)
                              obj/hwinit.o (crc_reset)
libopencm3/lib/libopencm3_stm32f1.a(desig_common_v1.o)
                              obj/hwinit.o (desig_get_flash_size)
libopencm3/lib/libopencm3_stm32f1.a(dma_common_l1f013.o)
                              obj/terminal.o (dma_channel_reset)
libopencm3/lib/libopencm3_stm32f1.a(flash.o)
                              obj/hwinit.o (flash_erase_page)
libopencm3/lib/libopencm3_stm32f1.a(flash_common_all.o)
                              obj/stm32_can.o (flash_set_ws)
libopencm3/lib/libopencm3_stm32f1.a(flash_common_f.o)
                              obj/hwinit.o (flash_unlock)
libopencm3/lib/libopencm3_stm32f1.a(flash_common_f01.o)
                              libopencm3/lib/libopencm3_stm32f1.a(flash.o) (flash_clear_pgerr_flag)
libopencm3/lib/libopencm3_stm32f1.a(gpio.o)
                              obj/terminal.o (gpio_set_mode)
libopencm3/lib/libopencm3_stm32f1.a(gpio_common_all.o)
                              obj/main.o (gpio_set)
libopencm3/lib/libopencm3_stm32f1.a(iwdg_common_all.o)
                              obj/main.o (iwdg_reset)
libopencm3/lib/libopencm3_stm32f1.a(rcc.o)
                              obj/hwinit.o (rcc_clock_setup_in_hse_8mhz_out_72mhz)
libopencm3/lib/libopencm3_stm32f1.a(rcc_common_all.o)
                              obj/hwinit.o (rcc_periph_clock_enable)
libopencm3/lib/libopencm3_stm32f1.a(rtc.o)
                              obj/main.o (rtc_get_counter_val)
libopencm3/lib/libopencm3_stm32f1.a(timer_common_all.o)
                              obj/stm32scheduler.o (timer_enable_irq)
libopencm3/lib/libopencm3_stm32f1.a(usart_common_all.o)
                              obj/terminal.o (usart_set_baudrate)
libopencm3/lib/libopencm3_stm32f1.a(usart_common_f124.o)
                              libopencm3/lib/libopencm3_stm32f1.a(usart_common_all.o) (usart_send)
libopencm3/lib/libopencm3_stm32f1.a(vector.o)
                              (reset_handler)
libopencm3/lib/libopencm3_stm32f1.a(scb.o)
                              obj/terminalcommands.o (scb_reset_system)
libopencm3/lib/libopencm3_stm32f1.a(nvic.o)
                              obj/hwinit.o (nvic_enable_irq)
libopencm3/lib/libopencm3_stm32f1.a(assert.o)
                              libopencm3/lib/libopencm3_stm32f1.a(rcc.o) (cm3_assert_failed)
libopencm3/lib/libopencm3_stm32f1.a(pwr_common_v1.o)
                              libopencm3/lib/libopencm3_stm32f1.a(rtc.o) (pwr_disable_backup_domain_write_protect)
/usr/bin/../lib/gcc/arm-none-eabi/10.3.1/thumb/v7/nofp/libgcc.a(_arm_muldf3.o)
                              obj/PCSCan.o (__aeabi_dmul)
/usr/bin/../lib/gcc/arm-none-eabi/10.3.1/thumb/v7/nofp/libgcc.a(_arm_mulsf3.o)
                              obj/main.o (__aeabi_fmul)
/usr/bin/../lib/gcc/arm-none-eabi/10.3.1/thumb/v7/nofp/libgcc.a(_arm_addsubdf3.o)
                              obj/PCSCan.o (__aeabi_dadd)
/usr/bin/../lib/gcc/arm-none-eabi/10.3.1/thumb/v7/nofp/libgcc.a(_arm_fixdfsi.o)
                              obj/PCSCan.o (__aeabi_d2iz)
/usr/bin/../lib/gcc/arm-none-eabi/10.3.1/thumb/v7/nofp/libgcc.a(_arm_fixunsdfsi.o)
                              obj/PCSCan.o (__aeabi_d2uiz)
/usr/bin/../lib/gcc/arm-none-eabi/10.3.1/thumb/v7/nofp/libgcc.a(_arm_addsubsf3.o)
                              obj/stm32_can.o (__aeabi_fadd)
/usr/bin/../lib/gcc/arm-none-eabi/10.3.1/thumb/v7/nofp/libgcc.a(_arm_muldivsf3.o)
                              obj/main.o (__aeabi_fdiv)
/usr/bin/../lib/gcc/arm-none-eabi/10.3.1/thumb/v7/nofp/libgcc.a(_arm_fixsfsi.o)
                              obj/params.o (__aeabi_f2iz)
/usr/bin/../lib/gcc/arm-none-eabi/10.3.1/thumb/v7/nofp/libgcc.a(_arm_fixunssfsi.o)
                              obj/PCSCan.o (__aeabi_f2uiz)

Discarded input sections

 .group         0x0000000000000000        0xc obj/main.o
 .group         0x0000000000000000        0xc obj/main.o
 .text          0x0000000000000000        0x0 obj/main.o
 .data          0x0000000000000000        0x0 obj/main.o
 .bss           0x0000000000000000        0x0 obj/main.o
 .text          0x0000000000000000        0x0 obj/hwinit.o
 .data          0x0000000000000000        0x0 obj/hwinit.o
 .bss           0x0000000000000000        0x0 obj/hwinit.o
 .text          0x0000000000000000        0x0 obj/stm32scheduler.o
 .data          0x0000000000000000        0x0 obj/stm32scheduler.o
 .bss           0x0000000000000000        0x0 obj/stm32scheduler.o
 .text          0x0000000000000000        0x0 obj/params.o
 .data          0x0000000000000000        0x0 obj/params.o
[...]
Memory Configuration

Name             Origin             Length             Attributes
rom              0x0000000008001000 0x000000000001e000 xr
ram              0x0000000020000000 0x0000000000005000 xrw
*default*        0x0000000000000000 0xffffffffffffffff

Linker script and memory map

LOAD obj/main.o
LOAD obj/hwinit.o
LOAD obj/stm32scheduler.o
LOAD obj/params.o
LOAD obj/terminal.o
LOAD obj/terminal_prj.o
LOAD obj/my_string.o
LOAD obj/digio.o
LOAD obj/sine_core.o
LOAD obj/my_fp.o
LOAD obj/printf.o
LOAD obj/anain.o
LOAD obj/param_save.o
LOAD obj/errormessage.o
LOAD obj/stm32_can.o
LOAD obj/picontroller.o
LOAD obj/terminalcommands.o
LOAD obj/PCSCan.o
LOAD libopencm3/lib/libopencm3_stm32f1.a
START GROUP
LOAD /usr/bin/../lib/gcc/arm-none-eabi/10.3.1/thumb/v7/nofp/libgcc.a
LOAD /usr/bin/../lib/gcc/arm-none-eabi/10.3.1/../../../../arm-none-eabi/lib/thumb/v7/nofp/libc.a
END GROUP

.text           0x0000000008001000     0x64fc
 *(.vectors)
 .vectors       0x0000000008001000      0x150 libopencm3/lib/libopencm3_stm32f1.a(vector.o)
                0x0000000008001000                vector_table
 *(.text*)
 .text._ZL11IsEvseInputv
                0x0000000008001150       0x1a obj/main.o
 *fill*         0x000000000800116a        0x2 
 .text._ZL8Ms50Taskv
                0x000000000800116c       0x10 obj/main.o
 .text._ZL11CanCallbackmPm
                0x000000000800117c       0x72 obj/main.o
 *fill*         0x00000000080011ee        0x2 
 .text._ZL8Ms10Taskv
                0x00000000080011f0       0x20 obj/main.o
 .text._ZL14CheckUnpluggedv
                0x0000000008001210       0x16 obj/main.o
 .text._ZN5DigIo3SetEv
                0x0000000008001226        0x8 obj/main.o
                0x0000000008001226                DigIo::Set()
 .text._ZN5DigIo5ClearEv
                0x000000000800122e        0x8 obj/main.o
                0x000000000800122e                DigIo::Clear()
 *fill*         0x0000000008001236        0x2 
 .text._ZL10DisableAllv
                0x0000000008001238       0x4c obj/main.o
 .text._ZL9Ms100Taskv
                0x0000000008001284      0x384 obj/main.o
 .text._ZN5Param6ChangeENS_9PARAM_NUME
                0x0000000008001608        0x2 obj/main.o
                0x0000000008001608                Param::Change(Param::PARAM_NUM)
 *fill*         0x000000000800160a        0x2 
 .text.tim2_isr
                0x000000000800160c        0xc obj/main.o
                0x000000000800160c                tim2_isr
 .text.startup.main
                0x0000000008001618      0x1f4 obj/main.o
                0x0000000008001618                main
 .text.clock_setup
                0x000000000800180c       0x80 obj/hwinit.o
                0x000000000800180c                clock_setup
 .text.write_bootloader_pininit
                0x000000000800188c       0x78 obj/hwinit.o
                0x000000000800188c                write_bootloader_pininit
 .text.nvic_setup
                0x0000000008001904       0x14 obj/hwinit.o
                0x0000000008001904                nvic_setup
 .text.rtc_setup
                0x0000000008001918       0x16 obj/hwinit.o
                0x0000000008001918                rtc_setup
 *fill*         0x000000000800192e        0x2 
 .text.tim_setup
                0x0000000008001930       0x94 obj/hwinit.o
                0x0000000008001930                tim_setup
 .text._ZN14Stm32SchedulerC2Em
                0x00000000080019c4       0x30 obj/stm32scheduler.o
                0x00000000080019c4                Stm32Scheduler::Stm32Scheduler(unsigned long)
                0x00000000080019c4                Stm32Scheduler::Stm32Scheduler(unsigned long)
 .text._ZN14Stm32Scheduler7AddTaskEPFvvEt
                0x00000000080019f4       0x6c obj/stm32scheduler.o
                0x00000000080019f4                Stm32Scheduler::AddTask(void (*)(), unsigned short)
 .text._ZN14Stm32Scheduler3RunEv
                0x0000000008001a60       0x5a obj/stm32scheduler.o
                0x0000000008001a60                Stm32Scheduler::Run()
 .text._ZN14Stm32Scheduler10GetCpuLoadEv
                0x0000000008001aba       0x28 obj/stm32scheduler.o
                0x0000000008001aba                Stm32Scheduler::GetCpuLoad()
 *fill*         0x0000000008001ae2        0x2 
 .text._ZN5Param3SetENS_9PARAM_NUMEl
                0x0000000008001ae4       0x30 obj/params.o
                0x0000000008001ae4                Param::Set(Param::PARAM_NUM, long)
 .text._ZN5Param3GetENS_9PARAM_NUME
                0x0000000008001b14        0xc obj/params.o
                0x0000000008001b14                Param::Get(Param::PARAM_NUM)
 .text._ZN5Param6GetIntENS_9PARAM_NUME
                0x0000000008001b20       0x10 obj/params.o
                0x0000000008001b20                Param::GetInt(Param::PARAM_NUM)
 .text._ZN5Param8GetFloatENS_9PARAM_NUME
                0x0000000008001b30       0x1c obj/params.o
                0x0000000008001b30                Param::GetFloat(Param::PARAM_NUM)
 .text._ZN5Param7GetBoolENS_9PARAM_NUME
                0x0000000008001b4c       0x14 obj/params.o
                0x0000000008001b4c                Param::GetBool(Param::PARAM_NUM)
 .text._ZN5Param6SetIntENS_9PARAM_NUMEi
                0x0000000008001b60       0x10 obj/params.o
                0x0000000008001b60                Param::SetInt(Param::PARAM_NUM, int)
 .text._ZN5Param8SetFixedENS_9PARAM_NUMEl
                0x0000000008001b70        0xc obj/params.o
                0x0000000008001b70                Param::SetFixed(Param::PARAM_NUM, long)
 .text._ZN5Param8SetFloatENS_9PARAM_NUMEf
                0x0000000008001b7c       0x20 obj/params.o
                0x0000000008001b7c                Param::SetFloat(Param::PARAM_NUM, float)
 .text._ZN5Param13NumFromStringEPKc
                0x0000000008001b9c       0x28 obj/params.o
                0x0000000008001b9c                Param::NumFromString(char const*)
 .text._ZN5Param9NumFromIdEm
                0x0000000008001bc4       0x20 obj/params.o
                0x0000000008001bc4                Param::NumFromId(unsigned long)
 .text._ZN5Param9GetAttribENS_9PARAM_NUME
                0x0000000008001be4       0x10 obj/params.o
                0x0000000008001be4                Param::GetAttrib(Param::PARAM_NUM)
 .text._ZN5Param7IsParamENS_9PARAM_NUME
                0x0000000008001bf4       0x18 obj/params.o
                0x0000000008001bf4                Param::IsParam(Param::PARAM_NUM)
 .text._ZN5Param12LoadDefaultsEv
                0x0000000008001c0c       0x24 obj/params.o
                0x0000000008001c0c                Param::LoadDefaults()
 .text._ZN5Param11SetFlagsRawENS_9PARAM_NUMEh
                0x0000000008001c30        0xc obj/params.o
                0x0000000008001c30                Param::SetFlagsRaw(Param::PARAM_NUM, unsigned char)
 .text._ZN5Param7SetFlagENS_9PARAM_NUMENS_10PARAM_FLAGE
                0x0000000008001c3c       0x10 obj/params.o
                0x0000000008001c3c                Param::SetFlag(Param::PARAM_NUM, Param::PARAM_FLAG)
 .text._ZN5Param9ClearFlagENS_9PARAM_NUMENS_10PARAM_FLAGE
                0x0000000008001c4c       0x10 obj/params.o
                0x0000000008001c4c                Param::ClearFlag(Param::PARAM_NUM, Param::PARAM_FLAG)
 .text._ZN5Param7GetFlagENS_9PARAM_NUME
                0x0000000008001c5c        0xc obj/params.o
                0x0000000008001c5c                Param::GetFlag(Param::PARAM_NUM)
 .text.startup._GLOBAL__sub_I__ZN5Param3SetENS_9PARAM_NUMEl
                0x0000000008001c68       0x14 obj/params.o
 .text._ZN8Terminal7PutCharEc
                0x0000000008001c7c       0xa8 obj/terminal.o
                0x0000000008001c7c                Terminal::PutChar(char)
 .text._ZN8Terminal10KeyPressedEv
                0x0000000008001d24        0x8 obj/terminal.o
                0x0000000008001d24                Terminal::KeyPressed()
 .text._ZN8Terminal10FlushInputEv
                0x0000000008001d2c        0x6 obj/terminal.o
                0x0000000008001d2c                Terminal::FlushInput()
 *fill*         0x0000000008001d32        0x2 
 .text._ZN8Terminal8ResetDMAEv
                0x0000000008001d34       0x3c obj/terminal.o
                0x0000000008001d34                Terminal::ResetDMA()
 .text._ZN8TerminalC2EmPK8TERM_CMDb
                0x0000000008001d70      0x144 obj/terminal.o
                0x0000000008001d70                Terminal::Terminal(unsigned long, TERM_CMD const*, bool)
                0x0000000008001d70                Terminal::Terminal(unsigned long, TERM_CMD const*, bool)
 .text._ZN8Terminal9CmdLookupEPc
                0x0000000008001eb4       0x24 obj/terminal.o
                0x0000000008001eb4                Terminal::CmdLookup(char*)
 .text._ZN8Terminal4SendEPKc
                0x0000000008001ed8       0x16 obj/terminal.o
                0x0000000008001ed8                Terminal::Send(char const*)
 *fill*         0x0000000008001eee        0x2 
 .text._ZN8Terminal10EnableUartEPc
                0x0000000008001ef0       0x5c obj/terminal.o
                0x0000000008001ef0                Terminal::EnableUart(char*)
 .text._ZN8Terminal8FastUartEPc
                0x0000000008001f4c       0x48 obj/terminal.o
                0x0000000008001f4c                Terminal::FastUart(char*)
 .text._ZN8Terminal3RunEv
                0x0000000008001f94      0x134 obj/terminal.o
                0x0000000008001f94                Terminal::Run()
 .text.putchar  0x00000000080020c8       0x14 obj/terminal.o
                0x00000000080020c8                putchar
 .text._ZL11PrintErrorsP8TerminalPc
                0x00000000080020dc        0x4 obj/terminal_prj.o
 .text._ZL11PrintSerialP8TerminalPc
                0x00000000080020e0       0x28 obj/terminal_prj.o
 .text._ZL6MapCanP8TerminalPc
                0x0000000008002108      0x1f4 obj/terminal_prj.o
 .text._ZL11PrintCanMapN5Param9PARAM_NUMEmhhfb
                0x00000000080022fc       0x70 obj/terminal_prj.o
 .text._ZL15PrintParamsJsonP8TerminalPc
                0x000000000800236c       0xbc obj/terminal_prj.o
 .text._ZL12LoadDefaultsP8TerminalPc
                0x0000000008002428       0x18 obj/terminal_prj.o
 .text.my_strcmp
                0x0000000008002440       0x1c obj/my_string.o
                0x0000000008002440                my_strcmp
 .text.my_strcpy
                0x000000000800245c       0x12 obj/my_string.o
                0x000000000800245c                my_strcpy
 .text.my_strlen
                0x000000000800246e        0xe obj/my_string.o
                0x000000000800246e                my_strlen
 .text.my_strchr
                0x000000000800247c       0x10 obj/my_string.o
                0x000000000800247c                my_strchr
 .text.my_ltoa  0x000000000800248c       0x5a obj/my_string.o
                0x000000000800248c                my_ltoa
 .text.my_atoi  0x00000000080024e6       0x30 obj/my_string.o
                0x00000000080024e6                my_atoi
 *fill*         0x0000000008002516        0x2 
 .text.my_trim  0x0000000008002518       0x54 obj/my_string.o
                0x0000000008002518                my_trim
 .text.memcpy32
                0x000000000800256c       0x16 obj/my_string.o
                0x000000000800256c                memcpy32
 .text.memset32
                0x0000000008002582        0xc obj/my_string.o
                0x0000000008002582                memset32
 *fill*         0x000000000800258e        0x2 
 .text._ZN5DigIo9ConfigureEmtN7PinMode7PinModeE
                0x0000000008002590       0x54 obj/digio.o
                0x0000000008002590                DigIo::Configure(unsigned long, unsigned short, PinMode::PinMode)
 .text.startup._GLOBAL__sub_I__ZN8SineCore8minPulseE
                0x00000000080025e4       0x10 obj/sine_core.o
 .text.fp_itoa  0x00000000080025f4       0x5a obj/my_fp.o
                0x00000000080025f4                fp_itoa
 .text.fp_atoi  0x000000000800264e       0x62 obj/my_fp.o
                0x000000000800264e                fp_atoi
 .text._ZL6printsP8IPutCharPKcii
                0x00000000080026b0       0x94 obj/printf.o
 .text._ZL6printiP8IPutChariiiiii
                0x0000000008002744       0xa6 obj/printf.o
 .text._ZN13ExternPutChar7PutCharEc
                0x00000000080027ea        0x6 obj/printf.o
                0x00000000080027ea                ExternPutChar::PutChar(char)
 .text._ZL5printP8IPutCharPKcSt9__va_list
                0x00000000080027f0      0x11c obj/printf.o
 .text._Z6printfPKcz
                0x000000000800290c       0x24 obj/printf.o
                0x000000000800290c                printf(char const*, ...)
 .text._Z7fprintfP8IPutCharPKcz
                0x0000000008002930       0x1a obj/printf.o
                0x0000000008002930                fprintf(IPutChar*, char const*, ...)
 *fill*         0x000000000800294a        0x2 
 .text._ZN5AnaIn5StartEv
                0x000000000800294c       0xb4 obj/anain.o
                0x000000000800294c                AnaIn::Start()
 .text._ZN5AnaIn7median3Eiii
                0x0000000008002a00       0x22 obj/anain.o
                0x0000000008002a00                AnaIn::median3(int, int, int)
 .text._ZN5AnaIn3GetEv
                0x0000000008002a22       0x44 obj/anain.o
                0x0000000008002a22                AnaIn::Get()
 *fill*         0x0000000008002a66        0x2 
 .text._ZN5AnaIn13AdcChFromPortEmi
                0x0000000008002a68       0x3c obj/anain.o
                0x0000000008002a68                AnaIn::AdcChFromPort(unsigned long, int)
 .text._ZN5AnaIn9ConfigureEmh
                0x0000000008002aa4       0x38 obj/anain.o
                0x0000000008002aa4                AnaIn::Configure(unsigned long, unsigned char)
 .text.startup._GLOBAL__sub_I__ZN5AnaIn13channel_arrayE
                0x0000000008002adc       0x1c obj/anain.o
 .text.parm_save
                0x0000000008002af8       0xbc obj/param_save.o
                0x0000000008002af8                parm_save
 .text.parm_load
                0x0000000008002bb4       0x58 obj/param_save.o
                0x0000000008002bb4                parm_load
 .text._ZN12ErrorMessage7SetTimeEm
                0x0000000008002c0c        0xc obj/errormessage.o
                0x0000000008002c0c                ErrorMessage::SetTime(unsigned long)
 .text._ZN12ErrorMessage10PrintErrorEm17ERROR_MESSAGE_NUM
                0x0000000008002c18       0x2c obj/errormessage.o
                0x0000000008002c18                ErrorMessage::PrintError(unsigned long, ERROR_MESSAGE_NUM)
 .text._ZN12ErrorMessage14PrintAllErrorsEv
                0x0000000008002c44       0x30 obj/errormessage.o
                0x0000000008002c44                ErrorMessage::PrintAllErrors()
 .text._ZL13DummyCallbackmPm
                0x0000000008002c74        0x2 obj/stm32_can.o
 .text._ZN3Can18SetReceiveCallbackEPFvmPmE
                0x0000000008002c76        0x6 obj/stm32_can.o
                0x0000000008002c76                Can::SetReceiveCallback(void (*)(unsigned long, unsigned long*))
 .text._ZN3Can11SetBaudrateENS_9baudratesE
                0x0000000008002c7c       0x3c obj/stm32_can.o
                0x0000000008002c7c                Can::SetBaudrate(Can::baudrates)
 .text._ZN3Can4SendEmPmh
                0x0000000008002cb8       0x70 obj/stm32_can.o
                0x0000000008002cb8                Can::Send(unsigned long, unsigned long*, unsigned char)
 .text._ZN3Can13IterateCanMapEPFvN5Param9PARAM_NUMEmhhfbE
                0x0000000008002d28       0x5a obj/stm32_can.o
                0x0000000008002d28                Can::IterateCanMap(void (*)(Param::PARAM_NUM, unsigned long, unsigned char, unsigned char, float, bool))
 *fill*         0x0000000008002d82        0x2 
 .text._ZN3Can12GetInterfaceEi
                0x0000000008002d84       0x14 obj/stm32_can.o
                0x0000000008002d84                Can::GetInterface(int)
 .text._ZN3Can8HandleTxEv
                0x0000000008002d98       0x68 obj/stm32_can.o
                0x0000000008002d98                Can::HandleTx()
 .text._ZN3Can13SetFilterBankERiS0_Pt
                0x0000000008002e00       0x48 obj/stm32_can.o
                0x0000000008002e00                Can::SetFilterBank(int&, int&, unsigned short*)
 .text._ZN3Can15SetFilterBank29ERiS0_Pm
                0x0000000008002e48       0x36 obj/stm32_can.o
                0x0000000008002e48                Can::SetFilterBank29(int&, int&, unsigned long*)
 *fill*         0x0000000008002e7e        0x2 
 .text._ZN3Can16ConfigureFiltersEv
                0x0000000008002e80      0x130 obj/stm32_can.o
                0x0000000008002e80                Can::ConfigureFilters()
 .text._ZN3Can19RegisterUserMessageEm
                0x0000000008002fb0       0x24 obj/stm32_can.o
                0x0000000008002fb0                Can::RegisterUserMessage(unsigned long)
 .text._ZN3Can13RemoveFromMapEPNS_8CANIDMAPEN5Param9PARAM_NUME
                0x0000000008002fd4       0x44 obj/stm32_can.o
                0x0000000008002fd4                Can::RemoveFromMap(Can::CANIDMAP*, Param::PARAM_NUM)
 .text._ZN3Can6RemoveEN5Param9PARAM_NUME
                0x0000000008003018       0x1c obj/stm32_can.o
                0x0000000008003018                Can::Remove(Param::PARAM_NUM)
 .text._ZN3Can8ClearMapEPNS_8CANIDMAPE
                0x0000000008003034       0x20 obj/stm32_can.o
                0x0000000008003034                Can::ClearMap(Can::CANIDMAP*)
 .text._ZN3Can5ClearEv
                0x0000000008003054       0x1e obj/stm32_can.o
                0x0000000008003054                Can::Clear()
 .text._ZN3Can8FindByIdEPNS_8CANIDMAPEm
                0x0000000008003072       0x1a obj/stm32_can.o
                0x0000000008003072                Can::FindById(Can::CANIDMAP*, unsigned long)
 .text._ZN3Can3AddEPNS_8CANIDMAPEN5Param9PARAM_NUMEmhhfa
                0x000000000800308c       0xd6 obj/stm32_can.o
                0x000000000800308c                Can::Add(Can::CANIDMAP*, Param::PARAM_NUM, unsigned long, unsigned char, unsigned char, float, signed char)
 .text._ZN3Can7AddSendEN5Param9PARAM_NUMEmhhf
                0x0000000008003162       0x20 obj/stm32_can.o
                0x0000000008003162                Can::AddSend(Param::PARAM_NUM, unsigned long, unsigned char, unsigned char, float)
 .text._ZN3Can7AddRecvEN5Param9PARAM_NUMEmhhfa
                0x0000000008003182       0x32 obj/stm32_can.o
                0x0000000008003182                Can::AddRecv(Param::PARAM_NUM, unsigned long, unsigned char, unsigned char, float, signed char)
 .text._ZN3Can7AddRecvEN5Param9PARAM_NUMEmhhf
                0x00000000080031b4       0x18 obj/stm32_can.o
                0x00000000080031b4                Can::AddRecv(Param::PARAM_NUM, unsigned long, unsigned char, unsigned char, float)
 .text._ZN3Can10ProcessSDOEPm
                0x00000000080031cc       0xcc obj/stm32_can.o
                0x00000000080031cc                Can::ProcessSDO(unsigned long*)
 .text._ZN3Can8HandleRxEi
                0x0000000008003298      0x118 obj/stm32_can.o
                0x0000000008003298                Can::HandleRx(int)
 .text._ZN3Can11SaveToFlashEmPmi
                0x00000000080033b0       0x30 obj/stm32_can.o
                0x00000000080033b0                Can::SaveToFlash(unsigned long, unsigned long*, int)
 .text._ZN3Can21ReplaceParamEnumByUidEPNS_8CANIDMAPE
                0x00000000080033e0       0x3c obj/stm32_can.o
                0x00000000080033e0                Can::ReplaceParamEnumByUid(Can::CANIDMAP*)
 .text._ZN3Can21ReplaceParamUidByEnumEPNS_8CANIDMAPE
                0x000000000800341c       0x3a obj/stm32_can.o
                0x000000000800341c                Can::ReplaceParamUidByEnum(Can::CANIDMAP*)
 *fill*         0x0000000008003456        0x2 
 .text._ZN3Can15GetFlashAddressEv
                0x0000000008003458       0x28 obj/stm32_can.o
                0x0000000008003458                Can::GetFlashAddress()
 .text._ZN3Can4SaveEv
                0x0000000008003480       0xb0 obj/stm32_can.o
                0x0000000008003480                Can::Save()
 .text._ZN3Can13LoadFromFlashEv
                0x0000000008003530       0x5e obj/stm32_can.o
                0x0000000008003530                Can::LoadFromFlash()
 *fill*         0x000000000800358e        0x2 
 .text._ZN3CanC2EmNS_9baudratesEb
                0x0000000008003590      0x174 obj/stm32_can.o
                0x0000000008003590                Can::Can(unsigned long, Can::baudrates, bool)
                0x0000000008003590                Can::Can(unsigned long, Can::baudrates, bool)
 .text.usb_lp_can_rx0_isr
                0x0000000008003704       0x10 obj/stm32_can.o
                0x0000000008003704                usb_lp_can_rx0_isr
 .text.can_rx1_isr
                0x0000000008003714       0x10 obj/stm32_can.o
                0x0000000008003714                can_rx1_isr
 .text.usb_hp_can_tx_isr
                0x0000000008003724        0xc obj/stm32_can.o
                0x0000000008003724                usb_hp_can_tx_isr
 .text.can2_rx0_isr
                0x0000000008003730       0x10 obj/stm32_can.o
                0x0000000008003730                can2_rx0_isr
 .text.can2_rx1_isr
                0x0000000008003740       0x10 obj/stm32_can.o
                0x0000000008003740                can2_rx1_isr
 .text.can2_tx_isr
                0x0000000008003750        0xc obj/stm32_can.o
                0x0000000008003750                can2_tx_isr
 .text._ZN16TerminalCommands8ParamSetEP8TerminalPc
                0x000000000800375c       0x68 obj/terminalcommands.o
                0x000000000800375c                TerminalCommands::ParamSet(Terminal*, char*)
 .text._ZN16TerminalCommands8ParamGetEP8TerminalPc
                0x00000000080037c4       0x5c obj/terminalcommands.o
                0x00000000080037c4                TerminalCommands::ParamGet(Terminal*, char*)
 .text._ZN16TerminalCommands9ParamFlagEP8TerminalPc
                0x0000000008003820       0x90 obj/terminalcommands.o
                0x0000000008003820                TerminalCommands::ParamFlag(Terminal*, char*)
 .text._ZN16TerminalCommands11ParamStreamEP8TerminalPc
                0x00000000080038b0       0xf8 obj/terminalcommands.o
                0x00000000080038b0                TerminalCommands::ParamStream(Terminal*, char*)
 .text._ZN16TerminalCommands14SaveParametersEP8TerminalPc
                0x00000000080039a8       0x30 obj/terminalcommands.o
                0x00000000080039a8                TerminalCommands::SaveParameters(Terminal*, char*)
 .text._ZN16TerminalCommands14LoadParametersEP8TerminalPc
                0x00000000080039d8       0x28 obj/terminalcommands.o
                0x00000000080039d8                TerminalCommands::LoadParameters(Terminal*, char*)
 .text._ZN16TerminalCommands5ResetEP8TerminalPc
                0x0000000008003a00        0x6 obj/terminalcommands.o
                0x0000000008003a00                TerminalCommands::Reset(Terminal*, char*)
 *fill*         0x0000000008003a06        0x2 
 .text._ZL12ProcessTempst
                0x0000000008003a08       0x3c obj/PCSCan.o
 .text._ZN5DigIo3GetEv
                0x0000000008003a44       0x12 obj/PCSCan.o
                0x0000000008003a44                DigIo::Get()
 *fill*         0x0000000008003a56        0x2 
 .text._ZN6PCSCan9handle204EPm
                0x0000000008003a58       0x8c obj/PCSCan.o
                0x0000000008003a58                PCSCan::handle204(unsigned long*)
 *fill*         0x0000000008003ae4        0x4 
 .text._ZN6PCSCan9handle224EPm
                0x0000000008003ae8       0x64 obj/PCSCan.o
                0x0000000008003ae8                PCSCan::handle224(unsigned long*)
 *fill*         0x0000000008003b4c        0x4 
 .text._ZN6PCSCan9handle264EPm
                0x0000000008003b50       0xd4 obj/PCSCan.o
                0x0000000008003b50                PCSCan::handle264(unsigned long*)
 *fill*         0x0000000008003c24        0x4 
 .text._ZN6PCSCan9handle2A4EPm
                0x0000000008003c28      0x100 obj/PCSCan.o
                0x0000000008003c28                PCSCan::handle2A4(unsigned long*)
 .text._ZN6PCSCan9handle2C4EPm
                0x0000000008003d28      0x13c obj/PCSCan.o
                0x0000000008003d28                PCSCan::handle2C4(unsigned long*)
 .text._ZN6PCSCan9handle3A4EPm
                0x0000000008003e64       0x10 obj/PCSCan.o
                0x0000000008003e64                PCSCan::handle3A4(unsigned long*)
 .text._ZN6PCSCan9handle424EPm
                0x0000000008003e74       0x80 obj/PCSCan.o
                0x0000000008003e74                PCSCan::handle424(unsigned long*)
 .text._ZN6PCSCan9handle504EPm
                0x0000000008003ef4       0x10 obj/PCSCan.o
                0x0000000008003ef4                PCSCan::handle504(unsigned long*)
 .text._ZN6PCSCan9handle76CEPm
                0x0000000008003f04       0xa0 obj/PCSCan.o
                0x0000000008003f04                PCSCan::handle76C(unsigned long*)
 .text._ZN6PCSCan6Msg13DEv
                0x0000000008003fa4       0x68 obj/PCSCan.o
                0x0000000008003fa4                PCSCan::Msg13D()
 .text._ZN6PCSCan6Msg20AEv
                0x000000000800400c       0x3e obj/PCSCan.o
                0x000000000800400c                PCSCan::Msg20A()
 .text._ZN6PCSCan6Msg212Ev
                0x000000000800404a       0x4a obj/PCSCan.o
                0x000000000800404a                PCSCan::Msg212()
 .text._ZN6PCSCan6Msg21DEv
                0x0000000008004094       0x50 obj/PCSCan.o
                0x0000000008004094                PCSCan::Msg21D()
 .text._ZN6PCSCan6Msg22AEv
                0x00000000080040e4       0x58 obj/PCSCan.o
                0x00000000080040e4                PCSCan::Msg22A()
 .text._ZN6PCSCan6Msg232Ev
                0x000000000800413c       0x46 obj/PCSCan.o
                0x000000000800413c                PCSCan::Msg232()
 *fill*         0x0000000008004182        0x2 
 .text._ZN6PCSCan6Msg23DEv
                0x0000000008004184       0x5c obj/PCSCan.o
                0x0000000008004184                PCSCan::Msg23D()
 .text._ZN6PCSCan6Msg25DEv
                0x00000000080041e0       0x4a obj/PCSCan.o
                0x00000000080041e0                PCSCan::Msg25D()
 *fill*         0x000000000800422a        0x2 
 .text._ZN6PCSCan6Msg2B2Ev
                0x000000000800422c       0x94 obj/PCSCan.o
                0x000000000800422c                PCSCan::Msg2B2()
 .text._ZN6PCSCan6Msg321Ev
                0x00000000080042c0       0x44 obj/PCSCan.o
                0x00000000080042c0                PCSCan::Msg321()
 .text._ZN6PCSCan6Msg333Ev
                0x0000000008004304       0x32 obj/PCSCan.o
                0x0000000008004304                PCSCan::Msg333()
 *fill*         0x0000000008004336        0x2 
 .text._ZN6PCSCan6Msg3A1Ev
                0x0000000008004338       0x68 obj/PCSCan.o
                0x0000000008004338                PCSCan::Msg3A1()
 .text._ZN6PCSCan6Msg3B2Ev
                0x00000000080043a0       0x9c obj/PCSCan.o
                0x00000000080043a0                PCSCan::Msg3B2()
 .text._ZN6PCSCan6Msg545Ev
                0x000000000800443c       0xd8 obj/PCSCan.o
                0x000000000800443c                PCSCan::Msg545()
 .text._ZN6PCSCan12AlertHandlerEv
                0x0000000008004514       0x40 obj/PCSCan.o
                0x0000000008004514                PCSCan::AlertHandler()
 .text.adc_power_on
                0x0000000008004554       0x10 libopencm3/lib/libopencm3_stm32f1.a(adc.o)
                0x0000000008004554                adc_power_on
 .text.adc_start_conversion_direct
                0x0000000008004564       0x10 libopencm3/lib/libopencm3_stm32f1.a(adc.o)
                0x0000000008004564                adc_start_conversion_direct
 .text.adc_enable_temperature_sensor
                0x0000000008004574       0x14 libopencm3/lib/libopencm3_stm32f1.a(adc.o)
                0x0000000008004574                adc_enable_temperature_sensor
 .text.adc_reset_calibration
                0x0000000008004588       0x14 libopencm3/lib/libopencm3_stm32f1.a(adc.o)
                0x0000000008004588                adc_reset_calibration
 .text.adc_calibrate_async
                0x000000000800459c        0xa libopencm3/lib/libopencm3_stm32f1.a(adc.o)
                0x000000000800459c                adc_calibrate_async
 .text.adc_is_calibrating
                0x00000000080045a6        0x8 libopencm3/lib/libopencm3_stm32f1.a(adc.o)
                0x00000000080045a6                adc_is_calibrating
 .text.adc_calibrate
                0x00000000080045ae       0x14 libopencm3/lib/libopencm3_stm32f1.a(adc.o)
                0x00000000080045ae                adc_calibrate
 .text.adc_set_sample_time_on_all_channels
                0x00000000080045c2       0x2a libopencm3/lib/libopencm3_stm32f1.a(adc.o)
                0x00000000080045c2                adc_set_sample_time_on_all_channels
 .text.adc_power_off
                0x00000000080045ec        0xa libopencm3/lib/libopencm3_stm32f1.a(adc_common_v1.o)
                0x00000000080045ec                adc_power_off
 .text.adc_enable_scan_mode
                0x00000000080045f6        0xa libopencm3/lib/libopencm3_stm32f1.a(adc_common_v1.o)
                0x00000000080045f6                adc_enable_scan_mode
 .text.adc_set_right_aligned
                0x0000000008004600        0xa libopencm3/lib/libopencm3_stm32f1.a(adc_common_v1.o)
                0x0000000008004600                adc_set_right_aligned
 .text.adc_set_continuous_conversion_mode
                0x000000000800460a        0xa libopencm3/lib/libopencm3_stm32f1.a(adc_common_v1.o)
                0x000000000800460a                adc_set_continuous_conversion_mode
 .text.adc_set_regular_sequence
                0x0000000008004614       0x5e libopencm3/lib/libopencm3_stm32f1.a(adc_common_v1.o)
                0x0000000008004614                adc_set_regular_sequence
 .text.adc_enable_dma
                0x0000000008004672        0xa libopencm3/lib/libopencm3_stm32f1.a(adc_common_v1.o)
                0x0000000008004672                adc_enable_dma
 .text.can_reset
                0x000000000800467c       0x18 libopencm3/lib/libopencm3_stm32f1.a(can.o)
                0x000000000800467c                can_reset
 .text.can_init
                0x0000000008004694      0x12a libopencm3/lib/libopencm3_stm32f1.a(can.o)
                0x0000000008004694                can_init
 *fill*         0x00000000080047be        0x2 
 .text.can_filter_init
                0x00000000080047c0       0x9c libopencm3/lib/libopencm3_stm32f1.a(can.o)
                0x00000000080047c0                can_filter_init
 .text.can_filter_id_list_16bit_init
                0x000000000800485c       0x20 libopencm3/lib/libopencm3_stm32f1.a(can.o)
                0x000000000800485c                can_filter_id_list_16bit_init
 .text.can_filter_id_list_32bit_init
                0x000000000800487c       0x1a libopencm3/lib/libopencm3_stm32f1.a(can.o)
                0x000000000800487c                can_filter_id_list_32bit_init
 .text.can_enable_irq
                0x0000000008004896        0x8 libopencm3/lib/libopencm3_stm32f1.a(can.o)
                0x0000000008004896                can_enable_irq
 .text.can_disable_irq
                0x000000000800489e        0xa libopencm3/lib/libopencm3_stm32f1.a(can.o)
                0x000000000800489e                can_disable_irq
 .text.can_transmit
                0x00000000080048a8       0xca libopencm3/lib/libopencm3_stm32f1.a(can.o)
                0x00000000080048a8                can_transmit
 .text.can_fifo_release
                0x0000000008004972       0x16 libopencm3/lib/libopencm3_stm32f1.a(can.o)
                0x0000000008004972                can_fifo_release
 .text.can_fifo_pending
                0x0000000008004988        0xe libopencm3/lib/libopencm3_stm32f1.a(can.o)
                0x0000000008004988                can_fifo_pending
 .text.can_receive
                0x0000000008004996       0xae libopencm3/lib/libopencm3_stm32f1.a(can.o)
                0x0000000008004996                can_receive
 .text.crc_reset
                0x0000000008004a44       0x10 libopencm3/lib/libopencm3_stm32f1.a(crc_common_all.o)
                0x0000000008004a44                crc_reset
 .text.crc_calculate
                0x0000000008004a54        0xc libopencm3/lib/libopencm3_stm32f1.a(crc_common_all.o)
                0x0000000008004a54                crc_calculate
 .text.crc_calculate_block
                0x0000000008004a60       0x1c libopencm3/lib/libopencm3_stm32f1.a(crc_common_all.o)
                0x0000000008004a60                crc_calculate_block
 .text.desig_get_flash_size
                0x0000000008004a7c        0xc libopencm3/lib/libopencm3_stm32f1.a(desig_common_v1.o)
                0x0000000008004a7c                desig_get_flash_size
 .text.dma_channel_reset
                0x0000000008004a88       0x22 libopencm3/lib/libopencm3_stm32f1.a(dma_common_l1f013.o)
                0x0000000008004a88                dma_channel_reset
 .text.dma_clear_interrupt_flags
                0x0000000008004aaa        0xc libopencm3/lib/libopencm3_stm32f1.a(dma_common_l1f013.o)
                0x0000000008004aaa                dma_clear_interrupt_flags
 .text.dma_get_interrupt_flag
                0x0000000008004ab6       0x14 libopencm3/lib/libopencm3_stm32f1.a(dma_common_l1f013.o)
                0x0000000008004ab6                dma_get_interrupt_flag
 .text.dma_set_memory_size
                0x0000000008004aca       0x1a libopencm3/lib/libopencm3_stm32f1.a(dma_common_l1f013.o)
                0x0000000008004aca                dma_set_memory_size
 .text.dma_set_peripheral_size
                0x0000000008004ae4       0x1a libopencm3/lib/libopencm3_stm32f1.a(dma_common_l1f013.o)
                0x0000000008004ae4                dma_set_peripheral_size
 .text.dma_enable_memory_increment_mode
                0x0000000008004afe       0x12 libopencm3/lib/libopencm3_stm32f1.a(dma_common_l1f013.o)
                0x0000000008004afe                dma_enable_memory_increment_mode
 .text.dma_enable_circular_mode
                0x0000000008004b10       0x1a libopencm3/lib/libopencm3_stm32f1.a(dma_common_l1f013.o)
                0x0000000008004b10                dma_enable_circular_mode
 .text.dma_set_read_from_memory
                0x0000000008004b2a       0x12 libopencm3/lib/libopencm3_stm32f1.a(dma_common_l1f013.o)
                0x0000000008004b2a                dma_set_read_from_memory
 .text.dma_enable_channel
                0x0000000008004b3c       0x12 libopencm3/lib/libopencm3_stm32f1.a(dma_common_l1f013.o)
                0x0000000008004b3c                dma_enable_channel
 .text.dma_disable_channel
                0x0000000008004b4e       0x12 libopencm3/lib/libopencm3_stm32f1.a(dma_common_l1f013.o)
                0x0000000008004b4e                dma_disable_channel
 .text.dma_set_peripheral_address
                0x0000000008004b60       0x12 libopencm3/lib/libopencm3_stm32f1.a(dma_common_l1f013.o)
                0x0000000008004b60                dma_set_peripheral_address
 .text.dma_set_memory_address
                0x0000000008004b72       0x12 libopencm3/lib/libopencm3_stm32f1.a(dma_common_l1f013.o)
                0x0000000008004b72                dma_set_memory_address
 .text.dma_get_number_of_data
                0x0000000008004b84        0xe libopencm3/lib/libopencm3_stm32f1.a(dma_common_l1f013.o)
                0x0000000008004b84                dma_get_number_of_data
 .text.dma_set_number_of_data
                0x0000000008004b92        0xc libopencm3/lib/libopencm3_stm32f1.a(dma_common_l1f013.o)
                0x0000000008004b92                dma_set_number_of_data
 *fill*         0x0000000008004b9e        0x2 
 .text.flash_get_status_flags
                0x0000000008004ba0       0x20 libopencm3/lib/libopencm3_stm32f1.a(flash.o)
                0x0000000008004ba0                flash_get_status_flags
 .text.flash_program_half_word
                0x0000000008004bc0       0x64 libopencm3/lib/libopencm3_stm32f1.a(flash.o)
                0x0000000008004bc0                flash_program_half_word
 .text.flash_erase_page
                0x0000000008004c24       0x74 libopencm3/lib/libopencm3_stm32f1.a(flash.o)
                0x0000000008004c24                flash_erase_page
 .text.flash_set_ws
                0x0000000008004c98       0x14 libopencm3/lib/libopencm3_stm32f1.a(flash_common_all.o)
                0x0000000008004c98                flash_set_ws
 .text.flash_unlock
                0x0000000008004cac       0x18 libopencm3/lib/libopencm3_stm32f1.a(flash_common_f.o)
                0x0000000008004cac                flash_unlock
 .text.flash_lock
                0x0000000008004cc4       0x10 libopencm3/lib/libopencm3_stm32f1.a(flash_common_f.o)
                0x0000000008004cc4                flash_lock
 .text.flash_wait_for_last_operation
                0x0000000008004cd4        0xc libopencm3/lib/libopencm3_stm32f1.a(flash_common_f01.o)
                0x0000000008004cd4                flash_wait_for_last_operation
 .text.flash_program_word
                0x0000000008004ce0       0x18 libopencm3/lib/libopencm3_stm32f1.a(flash_common_f01.o)
                0x0000000008004ce0                flash_program_word
 .text.gpio_set_mode
                0x0000000008004cf8       0x5e libopencm3/lib/libopencm3_stm32f1.a(gpio.o)
                0x0000000008004cf8                gpio_set_mode
 *fill*         0x0000000008004d56        0x2 
 .text.gpio_primary_remap
                0x0000000008004d58       0x14 libopencm3/lib/libopencm3_stm32f1.a(gpio.o)
                0x0000000008004d58                gpio_primary_remap
 .text.gpio_set
                0x0000000008004d6c        0x4 libopencm3/lib/libopencm3_stm32f1.a(gpio_common_all.o)
                0x0000000008004d6c                gpio_set
 .text.gpio_clear
                0x0000000008004d70        0x6 libopencm3/lib/libopencm3_stm32f1.a(gpio_common_all.o)
                0x0000000008004d70                gpio_clear
 .text.gpio_get
                0x0000000008004d76        0x6 libopencm3/lib/libopencm3_stm32f1.a(gpio_common_all.o)
                0x0000000008004d76                gpio_get
 .text.gpio_toggle
                0x0000000008004d7c       0x12 libopencm3/lib/libopencm3_stm32f1.a(gpio_common_all.o)
                0x0000000008004d7c                gpio_toggle
 *fill*         0x0000000008004d8e        0x2 
 .text.iwdg_reset
                0x0000000008004d90       0x10 libopencm3/lib/libopencm3_stm32f1.a(iwdg_common_all.o)
                0x0000000008004d90                iwdg_reset
 .text.rcc_is_osc_ready
                0x0000000008004da0       0x58 libopencm3/lib/libopencm3_stm32f1.a(rcc.o)
                0x0000000008004da0                rcc_is_osc_ready
 .text.rcc_wait_for_osc_ready
                0x0000000008004df8       0x10 libopencm3/lib/libopencm3_stm32f1.a(rcc.o)
                0x0000000008004df8                rcc_wait_for_osc_ready
 .text.rcc_osc_on
                0x0000000008004e08       0x60 libopencm3/lib/libopencm3_stm32f1.a(rcc.o)
                0x0000000008004e08                rcc_osc_on
 .text.rcc_set_sysclk_source
                0x0000000008004e68       0x14 libopencm3/lib/libopencm3_stm32f1.a(rcc.o)
                0x0000000008004e68                rcc_set_sysclk_source
 .text.rcc_set_pll_multiplication_factor
                0x0000000008004e7c       0x14 libopencm3/lib/libopencm3_stm32f1.a(rcc.o)
                0x0000000008004e7c                rcc_set_pll_multiplication_factor
 .text.rcc_set_pll_source
                0x0000000008004e90       0x14 libopencm3/lib/libopencm3_stm32f1.a(rcc.o)
                0x0000000008004e90                rcc_set_pll_source
 .text.rcc_set_pllxtpre
                0x0000000008004ea4       0x14 libopencm3/lib/libopencm3_stm32f1.a(rcc.o)
                0x0000000008004ea4                rcc_set_pllxtpre
 .text.rcc_rtc_clock_enabled_flag
                0x0000000008004eb8       0x10 libopencm3/lib/libopencm3_stm32f1.a(rcc.o)
                0x0000000008004eb8                rcc_rtc_clock_enabled_flag
 .text.rcc_enable_rtc_clock
                0x0000000008004ec8       0x10 libopencm3/lib/libopencm3_stm32f1.a(rcc.o)
                0x0000000008004ec8                rcc_enable_rtc_clock
 .text.rcc_set_rtc_clock_source
                0x0000000008004ed8       0x84 libopencm3/lib/libopencm3_stm32f1.a(rcc.o)
                0x0000000008004ed8                rcc_set_rtc_clock_source
 .text.rcc_set_adcpre
                0x0000000008004f5c       0x14 libopencm3/lib/libopencm3_stm32f1.a(rcc.o)
                0x0000000008004f5c                rcc_set_adcpre
 .text.rcc_set_ppre2
                0x0000000008004f70       0x14 libopencm3/lib/libopencm3_stm32f1.a(rcc.o)
                0x0000000008004f70                rcc_set_ppre2
 .text.rcc_set_ppre1
                0x0000000008004f84       0x14 libopencm3/lib/libopencm3_stm32f1.a(rcc.o)
                0x0000000008004f84                rcc_set_ppre1
 .text.rcc_set_hpre
                0x0000000008004f98       0x14 libopencm3/lib/libopencm3_stm32f1.a(rcc.o)
                0x0000000008004f98                rcc_set_hpre
 .text.rcc_clock_setup_in_hse_8mhz_out_72mhz
                0x0000000008004fac       0x88 libopencm3/lib/libopencm3_stm32f1.a(rcc.o)
                0x0000000008004fac                rcc_clock_setup_in_hse_8mhz_out_72mhz
 .text.rcc_periph_clock_enable
                0x0000000008005034       0x1c libopencm3/lib/libopencm3_stm32f1.a(rcc_common_all.o)
                0x0000000008005034                rcc_periph_clock_enable
 .text.rcc_periph_reset_pulse
                0x0000000008005050       0x24 libopencm3/lib/libopencm3_stm32f1.a(rcc_common_all.o)
                0x0000000008005050                rcc_periph_reset_pulse
 .text.rtc_enter_config_mode
                0x0000000008005074       0x1c libopencm3/lib/libopencm3_stm32f1.a(rtc.o)
                0x0000000008005074                rtc_enter_config_mode
 .text.rtc_exit_config_mode
                0x0000000008005090       0x1c libopencm3/lib/libopencm3_stm32f1.a(rtc.o)
                0x0000000008005090                rtc_exit_config_mode
 .text.rtc_awake_from_off
                0x00000000080050ac       0x6c libopencm3/lib/libopencm3_stm32f1.a(rtc.o)
                0x00000000080050ac                rtc_awake_from_off
 .text.rtc_set_prescale_val
                0x0000000008005118       0x24 libopencm3/lib/libopencm3_stm32f1.a(rtc.o)
                0x0000000008005118                rtc_set_prescale_val
 .text.rtc_get_counter_val
                0x000000000800513c       0x14 libopencm3/lib/libopencm3_stm32f1.a(rtc.o)
                0x000000000800513c                rtc_get_counter_val
 .text.rtc_set_counter_val
                0x0000000008005150       0x20 libopencm3/lib/libopencm3_stm32f1.a(rtc.o)
                0x0000000008005150                rtc_set_counter_val
 .text.rtc_awake_from_standby
                0x0000000008005170       0x3c libopencm3/lib/libopencm3_stm32f1.a(rtc.o)
                0x0000000008005170                rtc_awake_from_standby
 .text.rtc_auto_awake
                0x00000000080051ac       0x34 libopencm3/lib/libopencm3_stm32f1.a(rtc.o)
                0x00000000080051ac                rtc_auto_awake
 .text.timer_enable_irq
                0x00000000080051e0        0x8 libopencm3/lib/libopencm3_stm32f1.a(timer_common_all.o)
                0x00000000080051e0                timer_enable_irq
 .text.timer_get_flag
                0x00000000080051e8        0xc libopencm3/lib/libopencm3_stm32f1.a(timer_common_all.o)
                0x00000000080051e8                timer_get_flag
 .text.timer_clear_flag
                0x00000000080051f4        0x6 libopencm3/lib/libopencm3_stm32f1.a(timer_common_all.o)
                0x00000000080051f4                timer_clear_flag
 .text.timer_enable_preload
                0x00000000080051fa        0xa libopencm3/lib/libopencm3_stm32f1.a(timer_common_all.o)
                0x00000000080051fa                timer_enable_preload
 .text.timer_direction_up
                0x0000000008005204        0xa libopencm3/lib/libopencm3_stm32f1.a(timer_common_all.o)
                0x0000000008005204                timer_direction_up
 .text.timer_enable_counter
                0x000000000800520e        0xa libopencm3/lib/libopencm3_stm32f1.a(timer_common_all.o)
                0x000000000800520e                timer_enable_counter
 .text.timer_disable_counter
                0x0000000008005218        0xa libopencm3/lib/libopencm3_stm32f1.a(timer_common_all.o)
                0x0000000008005218                timer_disable_counter
 .text.timer_set_prescaler
                0x0000000008005222        0x4 libopencm3/lib/libopencm3_stm32f1.a(timer_common_all.o)
                0x0000000008005222                timer_set_prescaler
 .text.timer_set_period
                0x0000000008005226        0x4 libopencm3/lib/libopencm3_stm32f1.a(timer_common_all.o)
                0x0000000008005226                timer_set_period
 .text.timer_set_oc_mode
                0x000000000800522a      0x18c libopencm3/lib/libopencm3_stm32f1.a(timer_common_all.o)
                0x000000000800522a                timer_set_oc_mode
 .text.timer_set_oc_polarity_high
                0x00000000080053b6       0x4a libopencm3/lib/libopencm3_stm32f1.a(timer_common_all.o)
                0x00000000080053b6                timer_set_oc_polarity_high
 .text.timer_set_oc_polarity_low
                0x0000000008005400       0x4a libopencm3/lib/libopencm3_stm32f1.a(timer_common_all.o)
                0x0000000008005400                timer_set_oc_polarity_low
 .text.timer_set_oc_value
                0x000000000800544a       0x20 libopencm3/lib/libopencm3_stm32f1.a(timer_common_all.o)
                0x000000000800544a                timer_set_oc_value
 .text.timer_generate_event
                0x000000000800546a        0x8 libopencm3/lib/libopencm3_stm32f1.a(timer_common_all.o)
                0x000000000800546a                timer_generate_event
 .text.timer_get_counter
                0x0000000008005472        0x4 libopencm3/lib/libopencm3_stm32f1.a(timer_common_all.o)
                0x0000000008005472                timer_get_counter
 .text.timer_get_ic_value
                0x0000000008005476       0x1a libopencm3/lib/libopencm3_stm32f1.a(timer_common_all.o)
                0x0000000008005476                timer_get_ic_value
 .text.timer_set_counter
                0x0000000008005490        0x4 libopencm3/lib/libopencm3_stm32f1.a(timer_common_all.o)
                0x0000000008005490                timer_set_counter
 .text.timer_ic_set_filter
                0x0000000008005494       0x50 libopencm3/lib/libopencm3_stm32f1.a(timer_common_all.o)
                0x0000000008005494                timer_ic_set_filter
 .text.timer_ic_set_input
                0x00000000080054e4       0x62 libopencm3/lib/libopencm3_stm32f1.a(timer_common_all.o)
                0x00000000080054e4                timer_ic_set_input
 .text.timer_ic_enable
                0x0000000008005546        0xe libopencm3/lib/libopencm3_stm32f1.a(timer_common_all.o)
                0x0000000008005546                timer_ic_enable
 .text.timer_slave_set_polarity
                0x0000000008005554       0x12 libopencm3/lib/libopencm3_stm32f1.a(timer_common_all.o)
                0x0000000008005554                timer_slave_set_polarity
 .text.timer_slave_set_mode
                0x0000000008005566       0x10 libopencm3/lib/libopencm3_stm32f1.a(timer_common_all.o)
                0x0000000008005566                timer_slave_set_mode
 .text.timer_slave_set_trigger
                0x0000000008005576       0x10 libopencm3/lib/libopencm3_stm32f1.a(timer_common_all.o)
                0x0000000008005576                timer_slave_set_trigger
 *fill*         0x0000000008005586        0x2 
 .text.usart_set_baudrate
                0x0000000008005588       0x28 libopencm3/lib/libopencm3_stm32f1.a(usart_common_all.o)
                0x0000000008005588                usart_set_baudrate
 .text.usart_set_databits
                0x00000000080055b0       0x12 libopencm3/lib/libopencm3_stm32f1.a(usart_common_all.o)
                0x00000000080055b0                usart_set_databits
 .text.usart_set_stopbits
                0x00000000080055c2        0xc libopencm3/lib/libopencm3_stm32f1.a(usart_common_all.o)
                0x00000000080055c2                usart_set_stopbits
 .text.usart_set_parity
                0x00000000080055ce        0xc libopencm3/lib/libopencm3_stm32f1.a(usart_common_all.o)
                0x00000000080055ce                usart_set_parity
 .text.usart_set_mode
                0x00000000080055da        0xc libopencm3/lib/libopencm3_stm32f1.a(usart_common_all.o)
                0x00000000080055da                usart_set_mode
 .text.usart_set_flow_control
                0x00000000080055e6        0xc libopencm3/lib/libopencm3_stm32f1.a(usart_common_all.o)
                0x00000000080055e6                usart_set_flow_control
 .text.usart_enable
                0x00000000080055f2        0xa libopencm3/lib/libopencm3_stm32f1.a(usart_common_all.o)
                0x00000000080055f2                usart_enable
 .text.usart_send_blocking
                0x00000000080055fc       0x16 libopencm3/lib/libopencm3_stm32f1.a(usart_common_all.o)
                0x00000000080055fc                usart_send_blocking
 .text.usart_enable_rx_dma
                0x0000000008005612        0xa libopencm3/lib/libopencm3_stm32f1.a(usart_common_all.o)
                0x0000000008005612                usart_enable_rx_dma
 .text.usart_enable_tx_dma
                0x000000000800561c        0xa libopencm3/lib/libopencm3_stm32f1.a(usart_common_all.o)
                0x000000000800561c                usart_enable_tx_dma
 .text.usart_send
                0x0000000008005626        0x8 libopencm3/lib/libopencm3_stm32f1.a(usart_common_f124.o)
                0x0000000008005626                usart_send
 .text.usart_recv
                0x000000000800562e        0x8 libopencm3/lib/libopencm3_stm32f1.a(usart_common_f124.o)
                0x000000000800562e                usart_recv
 .text.usart_wait_send_ready
                0x0000000008005636        0x8 libopencm3/lib/libopencm3_stm32f1.a(usart_common_f124.o)
                0x0000000008005636                usart_wait_send_ready
 .text.usart_get_flag
                0x000000000800563e        0xc libopencm3/lib/libopencm3_stm32f1.a(usart_common_f124.o)
                0x000000000800563e                usart_get_flag
 .text.blocking_handler
                0x000000000800564a        0x2 libopencm3/lib/libopencm3_stm32f1.a(vector.o)
                0x000000000800564a                usart3_isr
                0x000000000800564a                rtc_isr
                0x000000000800564a                tim7_isr
                0x000000000800564a                adc1_2_isr
                0x000000000800564a                tim1_trg_com_isr
                0x000000000800564a                tim6_isr
                0x000000000800564a                usb_wakeup_isr
                0x000000000800564a                blocking_handler
                0x000000000800564a                tim5_isr
                0x000000000800564a                otg_fs_isr
                0x000000000800564a                spi1_isr
                0x000000000800564a                exti2_isr
                0x000000000800564a                dma1_channel6_isr
                0x000000000800564a                dma1_channel5_isr
                0x000000000800564a                dma2_channel5_isr
                0x000000000800564a                usart1_isr
                0x000000000800564a                usage_fault_handler
                0x000000000800564a                tim8_trg_com_isr
                0x000000000800564a                tim1_brk_isr
                0x000000000800564a                tim1_cc_isr
                0x000000000800564a                sdio_isr
                0x000000000800564a                eth_isr
                0x000000000800564a                dma1_channel4_isr
                0x000000000800564a                tim8_brk_isr
                0x000000000800564a                dma2_channel4_5_isr
                0x000000000800564a                pvd_isr
                0x000000000800564a                rcc_isr
                0x000000000800564a                flash_isr
                0x000000000800564a                uart4_isr
                0x000000000800564a                rtc_alarm_isr
                0x000000000800564a                exti15_10_isr
                0x000000000800564a                hard_fault_handler
                0x000000000800564a                exti1_isr
                0x000000000800564a                i2c1_ev_isr
                0x000000000800564a                dma2_channel1_isr
                0x000000000800564a                spi2_isr
                0x000000000800564a                tim8_up_isr
                0x000000000800564a                dma2_channel2_isr
                0x000000000800564a                exti3_isr
                0x000000000800564a                adc3_isr
                0x000000000800564a                tim3_isr
                0x000000000800564a                usart2_isr
                0x000000000800564a                i2c2_er_isr
                0x000000000800564a                i2c2_ev_isr
                0x000000000800564a                uart5_isr
                0x000000000800564a                fsmc_isr
                0x000000000800564a                dma1_channel1_isr
                0x000000000800564a                exti4_isr
                0x000000000800564a                mem_manage_handler
                0x000000000800564a                exti9_5_isr
                0x000000000800564a                dma2_channel3_isr
                0x000000000800564a                dma1_channel7_isr
                0x000000000800564a                tim1_up_isr
                0x000000000800564a                can2_sce_isr
                0x000000000800564a                tim4_isr
                0x000000000800564a                dma1_channel2_isr
                0x000000000800564a                i2c1_er_isr
                0x000000000800564a                can_sce_isr
                0x000000000800564a                tim8_cc_isr
                0x000000000800564a                tamper_isr
                0x000000000800564a                eth_wkup_isr
                0x000000000800564a                bus_fault_handler
                0x000000000800564a                wwdg_isr
                0x000000000800564a                dma1_channel3_isr
                0x000000000800564a                spi3_isr
                0x000000000800564a                exti0_isr
 .text.null_handler
                0x000000000800564c        0x2 libopencm3/lib/libopencm3_stm32f1.a(vector.o)
                0x000000000800564c                null_handler
                0x000000000800564c                sv_call_handler
                0x000000000800564c                pend_sv_handler
                0x000000000800564c                debug_monitor_handler
                0x000000000800564c                sys_tick_handler
                0x000000000800564c                nmi_handler
 *fill*         0x000000000800564e        0x2 
 .text.reset_handler
                0x0000000008005650       0x94 libopencm3/lib/libopencm3_stm32f1.a(vector.o)
                0x0000000008005650                reset_handler
 .text.scb_reset_system
                0x00000000080056e4       0x10 libopencm3/lib/libopencm3_stm32f1.a(scb.o)
                0x00000000080056e4                scb_reset_system
 .text.nvic_enable_irq
                0x00000000080056f4       0x1a libopencm3/lib/libopencm3_stm32f1.a(nvic.o)
                0x00000000080056f4                nvic_enable_irq
 *fill*         0x000000000800570e        0x2 
 .text.nvic_set_priority
                0x0000000008005710       0x20 libopencm3/lib/libopencm3_stm32f1.a(nvic.o)
                0x0000000008005710                nvic_set_priority
 .text.pwr_disable_backup_domain_write_protect
                0x0000000008005730       0x10 libopencm3/lib/libopencm3_stm32f1.a(pwr_common_v1.o)
                0x0000000008005730                pwr_disable_backup_domain_write_protect
 .text          0x0000000008005740      0x254 /usr/bin/../lib/gcc/arm-none-eabi/10.3.1/thumb/v7/nofp/libgcc.a(_arm_muldf3.o)
                0x0000000008005740                __aeabi_dmul
                0x0000000008005740                __muldf3
 .text          0x0000000008005994      0x378 /usr/bin/../lib/gcc/arm-none-eabi/10.3.1/thumb/v7/nofp/libgcc.a(_arm_addsubdf3.o)
                0x0000000008005994                __aeabi_drsub
                0x000000000800599c                __aeabi_dsub
                0x000000000800599c                __subdf3
                0x00000000080059a0                __adddf3
                0x00000000080059a0                __aeabi_dadd
                0x0000000008005c18                __aeabi_ui2d
                0x0000000008005c18                __floatunsidf
                0x0000000008005c38                __floatsidf
                0x0000000008005c38                __aeabi_i2d
                0x0000000008005c5c                __extendsfdf2
                0x0000000008005c5c                __aeabi_f2d
                0x0000000008005ca0                __aeabi_ul2d
                0x0000000008005ca0                __floatundidf
                0x0000000008005cb0                __floatdidf
                0x0000000008005cb0                __aeabi_l2d
 .text          0x0000000008005d0c       0x50 /usr/bin/../lib/gcc/arm-none-eabi/10.3.1/thumb/v7/nofp/libgcc.a(_arm_fixdfsi.o)
                0x0000000008005d0c                __fixdfsi
                0x0000000008005d0c                __aeabi_d2iz
 .text          0x0000000008005d5c       0x40 /usr/bin/../lib/gcc/arm-none-eabi/10.3.1/thumb/v7/nofp/libgcc.a(_arm_fixunsdfsi.o)
                0x0000000008005d5c                __fixunsdfsi
                0x0000000008005d5c                __aeabi_d2uiz
 .text          0x0000000008005d9c      0x21c /usr/bin/../lib/gcc/arm-none-eabi/10.3.1/thumb/v7/nofp/libgcc.a(_arm_addsubsf3.o)
                0x0000000008005d9c                __aeabi_frsub
                0x0000000008005da4                __subsf3
                0x0000000008005da4                __aeabi_fsub
                0x0000000008005da8                __aeabi_fadd
                0x0000000008005da8                __addsf3
                0x0000000008005f08                __aeabi_ui2f
                0x0000000008005f08                __floatunsisf
                0x0000000008005f10                __aeabi_i2f
                0x0000000008005f10                __floatsisf
                0x0000000008005f2c                __floatundisf
                0x0000000008005f2c                __aeabi_ul2f
                0x0000000008005f3c                __floatdisf
                0x0000000008005f3c                __aeabi_l2f
 .text          0x0000000008005fb8      0x2a0 /usr/bin/../lib/gcc/arm-none-eabi/10.3.1/thumb/v7/nofp/libgcc.a(_arm_muldivsf3.o)
                0x0000000008005fb8                __mulsf3
                0x0000000008005fb8                __aeabi_fmul
                0x0000000008006120                __divsf3
                0x0000000008006120                __aeabi_fdiv
 .text          0x0000000008006258       0x4c /usr/bin/../lib/gcc/arm-none-eabi/10.3.1/thumb/v7/nofp/libgcc.a(_arm_fixsfsi.o)
                0x0000000008006258                __fixsfsi
                0x0000000008006258                __aeabi_f2iz
 .text          0x00000000080062a4       0x40 /usr/bin/../lib/gcc/arm-none-eabi/10.3.1/thumb/v7/nofp/libgcc.a(_arm_fixunssfsi.o)
                0x00000000080062a4                __aeabi_f2uiz
                0x00000000080062a4                __fixunssfsi
                0x00000000080062e4                . = ALIGN (0x4)
 *(.rodata*)
 .rodata._ZN14Stm32Scheduler5ocMapE
                0x00000000080062e4        0x4 obj/stm32scheduler.o
                0x00000000080062e4                Stm32Scheduler::ocMap
 .rodata.str1.1
                0x00000000080062e8      0xcde obj/params.o
                                        0xcf1 (size before relaxing)
 .rodata._ZN8Terminal10EnableUartEPc.str1.1
                0x0000000008006fc6      0xcde obj/terminal.o
                                          0x5 (size before relaxing)
 .rodata._ZN8Terminal8FastUartEPc.str1.1
                0x0000000008006fc6       0x17 obj/terminal.o
 .rodata._ZN8Terminal3RunEv.str1.1
                0x0000000008006fdd       0x2f obj/terminal.o
 .rodata._ZN8Terminal6hwInfoE
                0x000000000800700c       0x48 obj/terminal.o
                0x000000000800700c                Terminal::hwInfo
 .rodata._ZTV8Terminal
                0x0000000008007054        0xc obj/terminal.o
                0x0000000008007054                vtable for Terminal
 .rodata._ZL11PrintSerialP8TerminalPc.str1.1
                0x0000000008007060        0xb obj/terminal_prj.o
 .rodata._ZL6MapCanP8TerminalPc.str1.1
                0x000000000800706b      0x12b obj/terminal_prj.o
                                        0x12e (size before relaxing)
 .rodata._ZL11PrintCanMapN5Param9PARAM_NUMEmhhfb.str1.1
                0x0000000008007196       0x1e obj/terminal_prj.o
 .rodata._ZL15PrintParamsJsonP8TerminalPc.str1.1
                0x00000000080071b4       0x8d obj/terminal_prj.o
 .rodata._ZL12LoadDefaultsP8TerminalPc.str1.1
                0x0000000008007241       0x12 obj/terminal_prj.o
 .rodata.str1.1
                0x0000000008007253       0x3b obj/terminal_prj.o
                                         0x44 (size before relaxing)
 *fill*         0x000000000800728e        0x2 
 .rodata.termCmds
                0x0000000008007290       0x68 obj/terminal_prj.o
                0x0000000008007290                termCmds
 .rodata.CSWTCH.1
                0x00000000080072f8        0x5 obj/digio.o
 .rodata.CSWTCH.2
                0x00000000080072fd        0x5 obj/digio.o
 .rodata.CSWTCH.3
                0x0000000008007302        0x5 obj/digio.o
 .rodata._ZL5printP8IPutCharPKcSt9__va_list.str1.1
                0x0000000008007307        0x7 obj/printf.o
 *fill*         0x000000000800730e        0x2 
 .rodata._ZTV13ExternPutChar
                0x0000000008007310        0xc obj/printf.o
                0x0000000008007310                vtable for ExternPutChar
 .rodata._ZN12ErrorMessage10PrintErrorEm17ERROR_MESSAGE_NUM.str1.1
                0x000000000800731c       0x10 obj/errormessage.o
 .rodata._ZN12ErrorMessage14PrintAllErrorsEv.str1.1
                0x000000000800732c        0xc obj/errormessage.o
 .rodata.str1.1
                0x0000000008007338       0x47 obj/errormessage.o
                                         0x48 (size before relaxing)
 *fill*         0x000000000800737f        0x1 
 .rodata._ZL16errorDescriptors
                0x0000000008007380       0x18 obj/errormessage.o
 .rodata._ZL5types
                0x0000000008007398        0xc obj/errormessage.o
 .rodata._ZL8canSpeed
                0x00000000080073a4       0x3c obj/stm32_can.o
 .rodata._ZN16TerminalCommands8ParamSetEP8TerminalPc.str1.1
                0x00000000080073e0       0x50 obj/terminalcommands.o
 .rodata._ZN16TerminalCommands8ParamGetEP8TerminalPc.str1.1
                0x0000000008007430       0x1a obj/terminalcommands.o
                                         0x1f (size before relaxing)
 .rodata._ZN16TerminalCommands9ParamFlagEP8TerminalPc.str1.1
                0x000000000800744a       0x37 obj/terminalcommands.o
 .rodata._ZN16TerminalCommands11ParamStreamEP8TerminalPc.str1.1
                0x0000000008007481       0x24 obj/terminalcommands.o
                                         0x3e (size before relaxing)
 .rodata._ZN16TerminalCommands14SaveParametersEP8TerminalPc.str1.1
                0x00000000080074a5       0x2c obj/terminalcommands.o
 .rodata._ZN16TerminalCommands14LoadParametersEP8TerminalPc.str1.1
                0x00000000080074d1       0x2a obj/terminalcommands.o
                0x00000000080074fc                . = ALIGN (0x4)
 *fill*         0x00000000080074fb        0x1 

.glue_7         0x00000000080074fc        0x0
 .glue_7        0x00000000080074fc        0x0 linker stubs

.glue_7t        0x00000000080074fc        0x0
 .glue_7t       0x00000000080074fc        0x0 linker stubs

.vfp11_veneer   0x00000000080074fc        0x0
 .vfp11_veneer  0x00000000080074fc        0x0 linker stubs

.v4_bx          0x00000000080074fc        0x0
 .v4_bx         0x00000000080074fc        0x0 linker stubs

.iplt           0x00000000080074fc        0x0
 .iplt          0x00000000080074fc        0x0 obj/main.o

.rel.dyn        0x00000000080074fc        0x0
 .rel.iplt      0x00000000080074fc        0x0 obj/main.o

.preinit_array  0x00000000080074fc        0x0
                0x00000000080074fc                . = ALIGN (0x4)
                0x00000000080074fc                __preinit_array_start = .
 *(.preinit_array)
                0x00000000080074fc                __preinit_array_end = .

.init_array     0x00000000080074fc        0xc
                0x00000000080074fc                . = ALIGN (0x4)
                0x00000000080074fc                __init_array_start = .
 *(SORT_BY_NAME(.init_array.*))
 *(.init_array)
 .init_array    0x00000000080074fc        0x4 obj/params.o
 .init_array    0x0000000008007500        0x4 obj/sine_core.o
 .init_array    0x0000000008007504        0x4 obj/anain.o
                0x0000000008007508                __init_array_end = .

.fini_array     0x0000000008007508        0x0
                0x0000000008007508                . = ALIGN (0x4)
                0x0000000008007508                __fini_array_start = .
 *(.fini_array)
 *(SORT_BY_NAME(.fini_array.*))
                0x0000000008007508                __fini_array_end = .

.ARM.extab
 *(.ARM.extab*)

.ARM.exidx      0x0000000008007508        0x0
                0x0000000008007508                __exidx_start = .
 *(.ARM.exidx*)
                0x0000000008007508                __exidx_end = .
                0x0000000008007508                . = ALIGN (0x4)
                0x0000000008007508                _etext = .

.data           0x0000000020000000      0x6f4 load address 0x0000000008007508
                0x0000000020000000                _data = .
 *(.data*)
 .data._ZN5ParamL6valuesE
                0x0000000020000000       0xd8 obj/params.o
 .data._ZN5ParamL7attribsE
                0x00000000200000d8      0x5e8 obj/params.o
 .data.errorBuffer
                0x00000000200006c0       0x20 obj/errormessage.o
                0x00000000200006c0                errorBuffer
 .data.errorListString
                0x00000000200006e0        0x4 obj/errormessage.o
                0x00000000200006e0                errorListString
 .data.Backup2c4
                0x00000000200006e4        0x1 obj/PCSCan.o
                0x00000000200006e4                Backup2c4
 .data.mux3b2   0x00000000200006e5        0x1 obj/PCSCan.o
                0x00000000200006e5                mux3b2
 .data.mux545   0x00000000200006e6        0x1 obj/PCSCan.o
                0x00000000200006e6                mux545
 *fill*         0x00000000200006e7        0x1 
 .data.rcc_ahb_frequency
                0x00000000200006e8        0x4 libopencm3/lib/libopencm3_stm32f1.a(rcc.o)
                0x00000000200006e8                rcc_ahb_frequency
 .data.rcc_apb1_frequency
                0x00000000200006ec        0x4 libopencm3/lib/libopencm3_stm32f1.a(rcc.o)
                0x00000000200006ec                rcc_apb1_frequency
 .data.rcc_apb2_frequency
                0x00000000200006f0        0x4 libopencm3/lib/libopencm3_stm32f1.a(rcc.o)
                0x00000000200006f0                rcc_apb2_frequency
                0x00000000200006f4                . = ALIGN (0x4)
                0x00000000200006f4                _edata = .
                0x0000000008007508                _data_loadaddr = LOADADDR (.data)

.igot.plt       0x00000000200006f4        0x0 load address 0x0000000008007bfc
 .igot.plt      0x00000000200006f4        0x0 obj/main.o

.bss            0x00000000200006f4      0x140 load address 0x0000000008007bfc
 *(.bss*)
 .bss._ZL10CAN_Enable
                0x00000000200006f4        0x1 obj/main.o
 *fill*         0x00000000200006f5        0x3 
 .bss._ZL9scheduler
                0x00000000200006f8        0x4 obj/main.o
 .bss._ZL9startTime
                0x00000000200006fc        0x4 obj/main.o
 .bss._ZZL12CheckVoltagevE7timeout
                0x0000000020000700        0x4 obj/main.o
 .bss._ZZL19ChargerStateMachinevE5state
                0x0000000020000704        0x1 obj/main.o
 .bss._ZN5ParamL5flagsE
                0x0000000020000705       0x36 obj/params.o
 *fill*         0x000000002000073b        0x1 
 .bss._ZN8Terminal15defaultTerminalE
                0x000000002000073c        0x4 obj/terminal.o
                0x000000002000073c                Terminal::defaultTerminal
 .bss._ZL7curTerm
                0x0000000020000740        0x4 obj/terminal_prj.o
 .bss._ZN5DigIo10acpres_outE
                0x0000000020000744        0x8 obj/digio.o
                0x0000000020000744                DigIo::acpres_out
 .bss._ZN5DigIo10pcsena_outE
                0x000000002000074c        0x8 obj/digio.o
                0x000000002000074c                DigIo::pcsena_out
 .bss._ZN5DigIo11dcdcena_outE
                0x0000000020000754        0x8 obj/digio.o
                0x0000000020000754                DigIo::dcdcena_out
 .bss._ZN5DigIo11evseact_outE
                0x000000002000075c        0x8 obj/digio.o
                0x000000002000075c                DigIo::evseact_out
 .bss._ZN5DigIo5d2_inE
                0x0000000020000764        0x8 obj/digio.o
                0x0000000020000764                DigIo::d2_in
 .bss._ZN5DigIo7led_outE
                0x000000002000076c        0x8 obj/digio.o
                0x000000002000076c                DigIo::led_out
 .bss._ZN5DigIo9chena_outE
                0x0000000020000774        0x8 obj/digio.o
                0x0000000020000774                DigIo::chena_out
 .bss._ZN5DigIo9enable_inE
                0x000000002000077c        0x8 obj/digio.o
                0x000000002000077c                DigIo::enable_in
 .bss._ZN5DigIo9hvena_outE
                0x0000000020000784        0x8 obj/digio.o
                0x0000000020000784                DigIo::hvena_out
 .bss._ZN8SineCore11ZERO_OFFSETE
                0x000000002000078c        0x2 obj/sine_core.o
                0x000000002000078c                SineCore::ZERO_OFFSET
 .bss._ZN5AnaIn13channel_arrayE
                0x000000002000078e        0x2 obj/anain.o
                0x000000002000078e                AnaIn::channel_array
 .bss._ZN5AnaIn4uauxE
                0x0000000020000790        0x4 obj/anain.o
                0x0000000020000790                AnaIn::uaux
 .bss._ZN5AnaIn6valuesE
                0x0000000020000794       0x30 obj/anain.o
                0x0000000020000794                AnaIn::values
 .bss._ZN5AnaIn8cablelimE
                0x00000000200007c4        0x4 obj/anain.o
                0x00000000200007c4                AnaIn::cablelim
 .bss._ZN12ErrorMessage8timeTickE
                0x00000000200007c8        0x4 obj/errormessage.o
                0x00000000200007c8                ErrorMessage::timeTick
 .bss._ZN3Can10interfacesE
                0x00000000200007cc        0x8 obj/stm32_can.o
                0x00000000200007cc                Can::interfaces
 .bss._ZN3Can8isSavingE
                0x00000000200007d4        0x1 obj/stm32_can.o
                0x00000000200007d4                Can::isSaving
 *fill*         0x00000000200007d5        0x1 
 .bss.ACAmps    0x00000000200007d6        0x2 obj/PCSCan.o
                0x00000000200007d6                ACAmps
 .bss.ACILim    0x00000000200007d8        0x1 obj/PCSCan.o
                0x00000000200007d8                ACILim
 *fill*         0x00000000200007d9        0x1 
 .bss.ACLim     0x00000000200007da        0x2 obj/PCSCan.o
                0x00000000200007da                ACLim
 .bss.ACPwr     0x00000000200007dc        0x4 obj/PCSCan.o
                0x00000000200007dc                ACPwr
 .bss.ACVolts   0x00000000200007e0        0x2 obj/PCSCan.o
                0x00000000200007e0                ACVolts
 .bss.ATemp     0x00000000200007e2        0x2 obj/PCSCan.o
                0x00000000200007e2                ATemp
 .bss.AlertCANId
                0x00000000200007e4        0x2 obj/PCSCan.o
                0x00000000200007e4                AlertCANId
 .bss.AlertRxError
                0x00000000200007e6        0x1 obj/PCSCan.o
                0x00000000200007e6                AlertRxError
 *fill*         0x00000000200007e7        0x1 
 .bss.AmbTemp   0x00000000200007e8        0x2 obj/PCSCan.o
                0x00000000200007e8                AmbTemp
 .bss.BTemp     0x00000000200007ea        0x2 obj/PCSCan.o
                0x00000000200007ea                BTemp
 .bss.CTemp     0x00000000200007ec        0x2 obj/PCSCan.o
                0x00000000200007ec                CTemp
 *fill*         0x00000000200007ee        0x2 
 .bss.ChgPavail
                0x00000000200007f0        0x4 obj/PCSCan.o
                0x00000000200007f0                ChgPavail
 .bss.Count545  0x00000000200007f4        0x1 obj/PCSCan.o
                0x00000000200007f4                Count545
 *fill*         0x00000000200007f5        0x1 
 .bss.DCDCAmps  0x00000000200007f6        0x2 obj/PCSCan.o
                0x00000000200007f6                DCDCAmps
 .bss.DCDCBTemp
                0x00000000200007f8        0x2 obj/PCSCan.o
                0x00000000200007f8                DCDCBTemp
 *fill*         0x00000000200007fa        0x2 
 .bss.DCDCPwr   0x00000000200007fc        0x4 obj/PCSCan.o
                0x00000000200007fc                DCDCPwr
 .bss.DCDCSpnt  0x0000000020000800        0x2 obj/PCSCan.o
                0x0000000020000800                DCDCSpnt
 .bss.DCDCTemp  0x0000000020000802        0x2 obj/PCSCan.o
                0x0000000020000802                DCDCTemp
 .bss.GotDCI    0x0000000020000804        0x1 obj/PCSCan.o
                0x0000000020000804                GotDCI
 *fill*         0x0000000020000805        0x1 
 .bss.HVVolts   0x0000000020000806        0x2 obj/PCSCan.o
                0x0000000020000806                HVVolts
 .bss.IOut_PhA  0x0000000020000808        0x4 obj/PCSCan.o
                0x0000000020000808                IOut_PhA
 .bss.IOut_PhB  0x000000002000080c        0x4 obj/PCSCan.o
                0x000000002000080c                IOut_PhB
 .bss.IOut_PhC  0x0000000020000810        0x4 obj/PCSCan.o
                0x0000000020000810                IOut_PhC
 .bss.IOut_Total
                0x0000000020000814        0x4 obj/PCSCan.o
                0x0000000020000814                IOut_Total
 .bss.LVVolts   0x0000000020000818        0x4 obj/PCSCan.o
                0x0000000020000818                LVVolts
 .bss.PCSAlertId
                0x000000002000081c        0x1 obj/PCSCan.o
                0x000000002000081c                PCSAlertId
 .bss.PCSAlertPage
                0x000000002000081d        0x1 obj/PCSCan.o
                0x000000002000081d                PCSAlertPage
 .bss.PCSBootId
                0x000000002000081e        0x1 obj/PCSCan.o
                0x000000002000081e                PCSBootId
 .bss.PCSGrid   0x000000002000081f        0x1 obj/PCSCan.o
                0x000000002000081f                PCSGrid
 .bss.PCS_AlertCnt
                0x0000000020000820        0x1 obj/PCSCan.o
                0x0000000020000820                PCS_AlertCnt
 .bss.PCS_CHG_STAT
                0x0000000020000821        0x1 obj/PCSCan.o
                0x0000000020000821                PCS_CHG_STAT
 .bss.PCS_HW    0x0000000020000822        0x1 obj/PCSCan.o
                0x0000000020000822                PCS_HW
 *fill*         0x0000000020000823        0x1 
 .bss.PCS_Power_Req
                0x0000000020000824        0x2 obj/PCSCan.o
                0x0000000020000824                PCS_Power_Req
 .bss.Short2B2  0x0000000020000826        0x1 obj/PCSCan.o
                0x0000000020000826                Short2B2
 .bss._ZL16pcs_alert_matrix
                0x0000000020000827        0xa obj/PCSCan.o
 .bss.mux2C4    0x0000000020000831        0x1 obj/PCSCan.o
                0x0000000020000831                mux2C4
 .bss.mux76C    0x0000000020000832        0x1 obj/PCSCan.o
                0x0000000020000832                mux76C
 *(COMMON)
                0x0000000020000834                . = ALIGN (0x4)
 *fill*         0x0000000020000833        0x1 
                0x0000000020000834                _ebss = .

/DISCARD/
 *(.eh_frame)
                0x0000000020000834                . = ALIGN (0x4)
                0x0000000020000834                end = .
                0x0000000020005000                PROVIDE (_stack = (ORIGIN (ram) + LENGTH (ram)))
OUTPUT(stm32_m3pcs elf32-littlearm)
LOAD linker stubs

.comment        0x0000000000000000       0x49
 .comment       0x0000000000000000       0x49 obj/main.o
                                         0x4a (size before relaxing)
 .comment       0x0000000000000049       0x4a obj/hwinit.o
 .comment       0x0000000000000049       0x4a obj/stm32scheduler.o
 .comment       0x0000000000000049       0x4a obj/params.o
 .comment       0x0000000000000049       0x4a obj/terminal.o
 .comment       0x0000000000000049       0x4a obj/terminal_prj.o
 .comment       0x0000000000000049       0x4a obj/my_string.o
 .comment       0x0000000000000049       0x4a obj/digio.o
 .comment       0x0000000000000049       0x4a obj/sine_core.o
 .comment       0x0000000000000049       0x4a obj/my_fp.o
 .comment       0x0000000000000049       0x4a obj/printf.o
 .comment       0x0000000000000049       0x4a obj/anain.o
 .comment       0x0000000000000049       0x4a obj/param_save.o
 .comment       0x0000000000000049       0x4a obj/errormessage.o
 .comment       0x0000000000000049       0x4a obj/stm32_can.o
 .comment       0x0000000000000049       0x4a obj/terminalcommands.o
 .comment       0x0000000000000049       0x4a obj/PCSCan.o
 .comment       0x0000000000000049       0x4a libopencm3/lib/libopencm3_stm32f1.a(adc.o)
 .comment       0x0000000000000049       0x4a libopencm3/lib/libopencm3_stm32f1.a(adc_common_v1.o)
 .comment       0x0000000000000049       0x4a libopencm3/lib/libopencm3_stm32f1.a(can.o)
 .comment       0x0000000000000049       0x4a libopencm3/lib/libopencm3_stm32f1.a(crc_common_all.o)
 .comment       0x0000000000000049       0x4a libopencm3/lib/libopencm3_stm32f1.a(desig_common_v1.o)
 .comment       0x0000000000000049       0x4a libopencm3/lib/libopencm3_stm32f1.a(dma_common_l1f013.o)
 .comment       0x0000000000000049       0x4a libopencm3/lib/libopencm3_stm32f1.a(flash.o)
 .comment       0x0000000000000049       0x4a libopencm3/lib/libopencm3_stm32f1.a(flash_common_all.o)
 .comment       0x0000000000000049       0x4a libopencm3/lib/libopencm3_stm32f1.a(flash_common_f.o)
 .comment       0x0000000000000049       0x4a libopencm3/lib/libopencm3_stm32f1.a(flash_common_f01.o)
 .comment       0x0000000000000049       0x4a libopencm3/lib/libopencm3_stm32f1.a(gpio.o)
 .comment       0x0000000000000049       0x4a libopencm3/lib/libopencm3_stm32f1.a(gpio_common_all.o)
 .comment       0x0000000000000049       0x4a libopencm3/lib/libopencm3_stm32f1.a(iwdg_common_all.o)
 .comment       0x0000000000000049       0x4a libopencm3/lib/libopencm3_stm32f1.a(rcc.o)
 .comment       0x0000000000000049       0x4a libopencm3/lib/libopencm3_stm32f1.a(rcc_common_all.o)
 .comment       0x0000000000000049       0x4a libopencm3/lib/libopencm3_stm32f1.a(rtc.o)
 .comment       0x0000000000000049       0x4a libopencm3/lib/libopencm3_stm32f1.a(timer_common_all.o)
 .comment       0x0000000000000049       0x4a libopencm3/lib/libopencm3_stm32f1.a(usart_common_all.o)
 .comment       0x0000000000000049       0x4a libopencm3/lib/libopencm3_stm32f1.a(usart_common_f124.o)
 .comment       0x0000000000000049       0x4a libopencm3/lib/libopencm3_stm32f1.a(vector.o)
 .comment       0x0000000000000049       0x4a libopencm3/lib/libopencm3_stm32f1.a(scb.o)
 .comment       0x0000000000000049       0x4a libopencm3/lib/libopencm3_stm32f1.a(nvic.o)
 .comment       0x0000000000000049       0x4a libopencm3/lib/libopencm3_stm32f1.a(pwr_common_v1.o)

.ARM.attributes
                0x0000000000000000       0x2d
 .ARM.attributes
                0x0000000000000000       0x2d obj/main.o
 .ARM.attributes
                0x000000000000002d       0x2d obj/hwinit.o
 .ARM.attributes
                0x000000000000005a       0x2d obj/stm32scheduler.o
 .ARM.attributes
                0x0000000000000087       0x2d obj/params.o
 .ARM.attributes
                0x00000000000000b4       0x2d obj/terminal.o
 .ARM.attributes
                0x00000000000000e1       0x2d obj/terminal_prj.o
 .ARM.attributes
                0x000000000000010e       0x2d obj/my_string.o
 .ARM.attributes
                0x000000000000013b       0x2d obj/digio.o
 .ARM.attributes
                0x0000000000000168       0x2d obj/sine_core.o
 .ARM.attributes
                0x0000000000000195       0x2d obj/my_fp.o
 .ARM.attributes
                0x00000000000001c2       0x2d obj/printf.o
 .ARM.attributes
                0x00000000000001ef       0x2d obj/anain.o
 .ARM.attributes
                0x000000000000021c       0x2d obj/param_save.o
 .ARM.attributes
                0x0000000000000249       0x2d obj/errormessage.o
 .ARM.attributes
                0x0000000000000276       0x2d obj/stm32_can.o
 .ARM.attributes
                0x00000000000002a3       0x2d obj/terminalcommands.o
 .ARM.attributes
                0x00000000000002d0       0x2d obj/PCSCan.o
 .ARM.attributes
                0x00000000000002fd       0x2d libopencm3/lib/libopencm3_stm32f1.a(adc.o)
 .ARM.attributes
                0x000000000000032a       0x2d libopencm3/lib/libopencm3_stm32f1.a(adc_common_v1.o)
 .ARM.attributes
                0x0000000000000357       0x2d libopencm3/lib/libopencm3_stm32f1.a(can.o)
 .ARM.attributes
                0x0000000000000384       0x2d libopencm3/lib/libopencm3_stm32f1.a(crc_common_all.o)
 .ARM.attributes
                0x00000000000003b1       0x2d libopencm3/lib/libopencm3_stm32f1.a(desig_common_v1.o)
 .ARM.attributes
                0x00000000000003de       0x2d libopencm3/lib/libopencm3_stm32f1.a(dma_common_l1f013.o)
 .ARM.attributes
                0x000000000000040b       0x2d libopencm3/lib/libopencm3_stm32f1.a(flash.o)
 .ARM.attributes
                0x0000000000000438       0x2d libopencm3/lib/libopencm3_stm32f1.a(flash_common_all.o)
 .ARM.attributes
                0x0000000000000465       0x2d libopencm3/lib/libopencm3_stm32f1.a(flash_common_f.o)
 .ARM.attributes
                0x0000000000000492       0x2d libopencm3/lib/libopencm3_stm32f1.a(flash_common_f01.o)
 .ARM.attributes
                0x00000000000004bf       0x2d libopencm3/lib/libopencm3_stm32f1.a(gpio.o)
 .ARM.attributes
                0x00000000000004ec       0x2d libopencm3/lib/libopencm3_stm32f1.a(gpio_common_all.o)
 .ARM.attributes
                0x0000000000000519       0x2d libopencm3/lib/libopencm3_stm32f1.a(iwdg_common_all.o)
 .ARM.attributes
                0x0000000000000546       0x2d libopencm3/lib/libopencm3_stm32f1.a(rcc.o)
 .ARM.attributes
                0x0000000000000573       0x2d libopencm3/lib/libopencm3_stm32f1.a(rcc_common_all.o)
 .ARM.attributes
                0x00000000000005a0       0x2d libopencm3/lib/libopencm3_stm32f1.a(rtc.o)
 .ARM.attributes
                0x00000000000005cd       0x2d libopencm3/lib/libopencm3_stm32f1.a(timer_common_all.o)
 .ARM.attributes
                0x00000000000005fa       0x2d libopencm3/lib/libopencm3_stm32f1.a(usart_common_all.o)
 .ARM.attributes
                0x0000000000000627       0x2d libopencm3/lib/libopencm3_stm32f1.a(usart_common_f124.o)
 .ARM.attributes
                0x0000000000000654       0x2d libopencm3/lib/libopencm3_stm32f1.a(vector.o)
 .ARM.attributes
                0x0000000000000681       0x2d libopencm3/lib/libopencm3_stm32f1.a(scb.o)
 .ARM.attributes
                0x00000000000006ae       0x2d libopencm3/lib/libopencm3_stm32f1.a(nvic.o)
 .ARM.attributes
                0x00000000000006db       0x2d libopencm3/lib/libopencm3_stm32f1.a(pwr_common_v1.o)
 .ARM.attributes
                0x0000000000000708       0x19 /usr/bin/../lib/gcc/arm-none-eabi/10.3.1/thumb/v7/nofp/libgcc.a(_arm_muldf3.o)
 .ARM.attributes
                0x0000000000000721       0x19 /usr/bin/../lib/gcc/arm-none-eabi/10.3.1/thumb/v7/nofp/libgcc.a(_arm_addsubdf3.o)
 .ARM.attributes
                0x000000000000073a       0x19 /usr/bin/../lib/gcc/arm-none-eabi/10.3.1/thumb/v7/nofp/libgcc.a(_arm_fixdfsi.o)
 .ARM.attributes
                0x0000000000000753       0x19 /usr/bin/../lib/gcc/arm-none-eabi/10.3.1/thumb/v7/nofp/libgcc.a(_arm_fixunsdfsi.o)
 .ARM.attributes
                0x000000000000076c       0x19 /usr/bin/../lib/gcc/arm-none-eabi/10.3.1/thumb/v7/nofp/libgcc.a(_arm_addsubsf3.o)
 .ARM.attributes
                0x0000000000000785       0x19 /usr/bin/../lib/gcc/arm-none-eabi/10.3.1/thumb/v7/nofp/libgcc.a(_arm_muldivsf3.o)
 .ARM.attributes
                0x000000000000079e       0x19 /usr/bin/../lib/gcc/arm-none-eabi/10.3.1/thumb/v7/nofp/libgcc.a(_arm_fixsfsi.o)
 .ARM.attributes
                0x00000000000007b7       0x19 /usr/bin/../lib/gcc/arm-none-eabi/10.3.1/thumb/v7/nofp/libgcc.a(_arm_fixunssfsi.o)

.debug_info     0x0000000000000000     0x6ce2
 .debug_info    0x0000000000000000      0x3cf libopencm3/lib/libopencm3_stm32f1.a(adc.o)
 .debug_info    0x00000000000003cf      0x919 libopencm3/lib/libopencm3_stm32f1.a(adc_common_v1.o)
 .debug_info    0x0000000000000ce8      0xb9b libopencm3/lib/libopencm3_stm32f1.a(can.o)
 .debug_info    0x0000000000001883      0x11e libopencm3/lib/libopencm3_stm32f1.a(crc_common_all.o)
 .debug_info    0x00000000000019a1       0xe7 libopencm3/lib/libopencm3_stm32f1.a(desig_common_v1.o)
 .debug_info    0x0000000000001a88      0x7e2 libopencm3/lib/libopencm3_stm32f1.a(dma_common_l1f013.o)
 .debug_info    0x000000000000226a      0x356 libopencm3/lib/libopencm3_stm32f1.a(flash.o)
 .debug_info    0x00000000000025c0       0xf6 libopencm3/lib/libopencm3_stm32f1.a(flash_common_all.o)
 .debug_info    0x00000000000026b6       0xbe libopencm3/lib/libopencm3_stm32f1.a(flash_common_f.o)
 .debug_info    0x0000000000002774      0x209 libopencm3/lib/libopencm3_stm32f1.a(flash_common_f01.o)
 .debug_info    0x000000000000297d      0x210 libopencm3/lib/libopencm3_stm32f1.a(gpio.o)
 .debug_info    0x0000000000002b8d      0x266 libopencm3/lib/libopencm3_stm32f1.a(gpio_common_all.o)
 .debug_info    0x0000000000002df3      0x17c libopencm3/lib/libopencm3_stm32f1.a(iwdg_common_all.o)
 .debug_info    0x0000000000002f6f     0x10f2 libopencm3/lib/libopencm3_stm32f1.a(rcc.o)
 .debug_info    0x0000000000004061      0x5dc libopencm3/lib/libopencm3_stm32f1.a(rcc_common_all.o)
 .debug_info    0x000000000000463d      0x70a libopencm3/lib/libopencm3_stm32f1.a(rtc.o)
 .debug_info    0x0000000000004d47     0x112d libopencm3/lib/libopencm3_stm32f1.a(timer_common_all.o)
 .debug_info    0x0000000000005e74      0x508 libopencm3/lib/libopencm3_stm32f1.a(usart_common_all.o)
 .debug_info    0x000000000000637c      0x19e libopencm3/lib/libopencm3_stm32f1.a(usart_common_f124.o)
 .debug_info    0x000000000000651a      0x2dd libopencm3/lib/libopencm3_stm32f1.a(vector.o)
 .debug_info    0x00000000000067f7       0xde libopencm3/lib/libopencm3_stm32f1.a(scb.o)
 .debug_info    0x00000000000068d5      0x251 libopencm3/lib/libopencm3_stm32f1.a(nvic.o)
 .debug_info    0x0000000000006b26      0x1bc libopencm3/lib/libopencm3_stm32f1.a(pwr_common_v1.o)

.debug_abbrev   0x0000000000000000     0x1a4f
 .debug_abbrev  0x0000000000000000      0x192 libopencm3/lib/libopencm3_stm32f1.a(adc.o)
 .debug_abbrev  0x0000000000000192      0x181 libopencm3/lib/libopencm3_stm32f1.a(adc_common_v1.o)
 .debug_abbrev  0x0000000000000313      0x2ae libopencm3/lib/libopencm3_stm32f1.a(can.o)
 .debug_abbrev  0x00000000000005c1       0xb6 libopencm3/lib/libopencm3_stm32f1.a(crc_common_all.o)
 .debug_abbrev  0x0000000000000677       0x91 libopencm3/lib/libopencm3_stm32f1.a(desig_common_v1.o)
 .debug_abbrev  0x0000000000000708      0x161 libopencm3/lib/libopencm3_stm32f1.a(dma_common_l1f013.o)
 .debug_abbrev  0x0000000000000869      0x13b libopencm3/lib/libopencm3_stm32f1.a(flash.o)
 .debug_abbrev  0x00000000000009a4       0x97 libopencm3/lib/libopencm3_stm32f1.a(flash_common_all.o)
 .debug_abbrev  0x0000000000000a3b       0x56 libopencm3/lib/libopencm3_stm32f1.a(flash_common_f.o)
 .debug_abbrev  0x0000000000000a91       0xcb libopencm3/lib/libopencm3_stm32f1.a(flash_common_f01.o)
 .debug_abbrev  0x0000000000000b5c       0xd0 libopencm3/lib/libopencm3_stm32f1.a(gpio.o)
 .debug_abbrev  0x0000000000000c2c      0x116 libopencm3/lib/libopencm3_stm32f1.a(gpio_common_all.o)
 .debug_abbrev  0x0000000000000d42      0x112 libopencm3/lib/libopencm3_stm32f1.a(iwdg_common_all.o)
 .debug_abbrev  0x0000000000000e54      0x264 libopencm3/lib/libopencm3_stm32f1.a(rcc.o)
 .debug_abbrev  0x00000000000010b8      0x14a libopencm3/lib/libopencm3_stm32f1.a(rcc_common_all.o)
 .debug_abbrev  0x0000000000001202      0x1af libopencm3/lib/libopencm3_stm32f1.a(rtc.o)
 .debug_abbrev  0x00000000000013b1      0x19e libopencm3/lib/libopencm3_stm32f1.a(timer_common_all.o)
 .debug_abbrev  0x000000000000154f      0x129 libopencm3/lib/libopencm3_stm32f1.a(usart_common_all.o)
 .debug_abbrev  0x0000000000001678       0xb5 libopencm3/lib/libopencm3_stm32f1.a(usart_common_f124.o)
 .debug_abbrev  0x000000000000172d      0x145 libopencm3/lib/libopencm3_stm32f1.a(vector.o)
 .debug_abbrev  0x0000000000001872       0x89 libopencm3/lib/libopencm3_stm32f1.a(scb.o)
 .debug_abbrev  0x00000000000018fb       0xb5 libopencm3/lib/libopencm3_stm32f1.a(nvic.o)
 .debug_abbrev  0x00000000000019b0       0x9f libopencm3/lib/libopencm3_stm32f1.a(pwr_common_v1.o)

.debug_loc      0x0000000000000000     0x2bdd
 .debug_loc     0x0000000000000000      0x1f4 libopencm3/lib/libopencm3_stm32f1.a(adc.o)
 .debug_loc     0x00000000000001f4      0x44e libopencm3/lib/libopencm3_stm32f1.a(adc_common_v1.o)
 .debug_loc     0x0000000000000642      0xae1 libopencm3/lib/libopencm3_stm32f1.a(can.o)
 .debug_loc     0x0000000000001123       0x94 libopencm3/lib/libopencm3_stm32f1.a(crc_common_all.o)
 .debug_loc     0x00000000000011b7       0x33 libopencm3/lib/libopencm3_stm32f1.a(desig_common_v1.o)
 .debug_loc     0x00000000000011ea      0x785 libopencm3/lib/libopencm3_stm32f1.a(dma_common_l1f013.o)
 .debug_loc     0x000000000000196f       0x90 libopencm3/lib/libopencm3_stm32f1.a(flash.o)
 .debug_loc     0x00000000000019ff       0x15 libopencm3/lib/libopencm3_stm32f1.a(flash_common_all.o)
 .debug_loc     0x0000000000001a14       0xca libopencm3/lib/libopencm3_stm32f1.a(flash_common_f01.o)
 .debug_loc     0x0000000000001ade      0x14c libopencm3/lib/libopencm3_stm32f1.a(gpio.o)
 .debug_loc     0x0000000000001c2a       0xbe libopencm3/lib/libopencm3_stm32f1.a(gpio_common_all.o)
 .debug_loc     0x0000000000001ce8       0xbf libopencm3/lib/libopencm3_stm32f1.a(iwdg_common_all.o)
 .debug_loc     0x0000000000001da7      0x2f6 libopencm3/lib/libopencm3_stm32f1.a(rcc.o)
 .debug_loc     0x000000000000209d       0x6f libopencm3/lib/libopencm3_stm32f1.a(rcc_common_all.o)
 .debug_loc     0x000000000000210c      0x268 libopencm3/lib/libopencm3_stm32f1.a(rtc.o)
 .debug_loc     0x0000000000002374      0x3e9 libopencm3/lib/libopencm3_stm32f1.a(timer_common_all.o)
 .debug_loc     0x000000000000275d      0x14d libopencm3/lib/libopencm3_stm32f1.a(usart_common_all.o)
 .debug_loc     0x00000000000028aa       0x99 libopencm3/lib/libopencm3_stm32f1.a(usart_common_f124.o)
 .debug_loc     0x0000000000002943      0x128 libopencm3/lib/libopencm3_stm32f1.a(vector.o)
 .debug_loc     0x0000000000002a6b       0x25 libopencm3/lib/libopencm3_stm32f1.a(scb.o)
 .debug_loc     0x0000000000002a90      0x14d libopencm3/lib/libopencm3_stm32f1.a(nvic.o)

.debug_aranges  0x0000000000000000      0xca8
 .debug_aranges
                0x0000000000000000       0x98 libopencm3/lib/libopencm3_stm32f1.a(adc.o)
 .debug_aranges
                0x0000000000000098      0x158 libopencm3/lib/libopencm3_stm32f1.a(adc_common_v1.o)
 .debug_aranges
                0x00000000000001f0       0x88 libopencm3/lib/libopencm3_stm32f1.a(can.o)
 .debug_aranges
                0x0000000000000278       0x30 libopencm3/lib/libopencm3_stm32f1.a(crc_common_all.o)
 .debug_aranges
                0x00000000000002a8       0x28 libopencm3/lib/libopencm3_stm32f1.a(desig_common_v1.o)
 .debug_aranges
                0x00000000000002d0       0xe8 libopencm3/lib/libopencm3_stm32f1.a(dma_common_l1f013.o)
 .debug_aranges
                0x00000000000003b8       0x78 libopencm3/lib/libopencm3_stm32f1.a(flash.o)
 .debug_aranges
                0x0000000000000430       0x38 libopencm3/lib/libopencm3_stm32f1.a(flash_common_all.o)
 .debug_aranges
                0x0000000000000468       0x30 libopencm3/lib/libopencm3_stm32f1.a(flash_common_f.o)
 .debug_aranges
                0x0000000000000498       0x48 libopencm3/lib/libopencm3_stm32f1.a(flash_common_f01.o)
 .debug_aranges
                0x00000000000004e0       0x38 libopencm3/lib/libopencm3_stm32f1.a(gpio.o)
 .debug_aranges
                0x0000000000000518       0x50 libopencm3/lib/libopencm3_stm32f1.a(gpio_common_all.o)
 .debug_aranges
                0x0000000000000568       0x40 libopencm3/lib/libopencm3_stm32f1.a(iwdg_common_all.o)
 .debug_aranges
                0x00000000000005a8      0x150 libopencm3/lib/libopencm3_stm32f1.a(rcc.o)
 .debug_aranges
                0x00000000000006f8       0x58 libopencm3/lib/libopencm3_stm32f1.a(rcc_common_all.o)
 .debug_aranges
                0x0000000000000750       0xa0 libopencm3/lib/libopencm3_stm32f1.a(rtc.o)
 .debug_aranges
                0x00000000000007f0      0x270 libopencm3/lib/libopencm3_stm32f1.a(timer_common_all.o)
 .debug_aranges
                0x0000000000000a60       0xb8 libopencm3/lib/libopencm3_stm32f1.a(usart_common_all.o)
 .debug_aranges